../src/hw/driver/uart.c:24:7:uartInit	0	static
../src/hw/driver/uart.c:34:10:uartOpen	24	static
../src/hw/driver/uart.c:88:10:uartAvailable	0	static
../src/hw/driver/uart.c:106:10:uartRead	16	static
../src/hw/driver/uart.c:124:10:uartWrite	8	static
../src/hw/driver/uart.c:145:10:uartPrintf	276	static
../src/hw/driver/uart.c:163:10:uartGetBaud	0	static
../src/hw/driver/uart.c:186:6:HAL_UART_ErrorCallback	0	static
../src/hw/driver/uart.c:195:6:HAL_UART_RxCpltCallback	0	static
../src/hw/driver/uart.c:214:6:HAL_UART_MspInit	40	static
../src/hw/driver/uart.c:267:6:HAL_UART_MspDeInit	8	static
