Archive member included to satisfy reference by file (symbol)

C:/ST/STM32CubeIDE_1.18.1/STM32CubeIDE/plugins/com.st.stm32cube.ide.mcu.externaltools.gnu-tools-for-stm32.13.3.rel1.win32_1.0.0.202411081344/tools/bin/../lib/gcc/arm-none-eabi/13.3.1/../../../../arm-none-eabi/lib/thumb/v7-m/nofp\libc_nano.a(libc_a-exit.o)
                              C:/ST/STM32CubeIDE_1.18.1/STM32CubeIDE/plugins/com.st.stm32cube.ide.mcu.externaltools.gnu-tools-for-stm32.13.3.rel1.win32_1.0.0.202411081344/tools/bin/../lib/gcc/arm-none-eabi/13.3.1/../../../../arm-none-eabi/lib/thumb/v7-m/nofp/crt0.o (exit)
C:/ST/STM32CubeIDE_1.18.1/STM32CubeIDE/plugins/com.st.stm32cube.ide.mcu.externaltools.gnu-tools-for-stm32.13.3.rel1.win32_1.0.0.202411081344/tools/bin/../lib/gcc/arm-none-eabi/13.3.1/../../../../arm-none-eabi/lib/thumb/v7-m/nofp\libc_nano.a(libc_a-findfp.o)
                              C:/ST/STM32CubeIDE_1.18.1/STM32CubeIDE/plugins/com.st.stm32cube.ide.mcu.externaltools.gnu-tools-for-stm32.13.3.rel1.win32_1.0.0.202411081344/tools/bin/../lib/gcc/arm-none-eabi/13.3.1/../../../../arm-none-eabi/lib/thumb/v7-m/nofp\libc_nano.a(libc_a-exit.o) (__stdio_exit_handler)
C:/ST/STM32CubeIDE_1.18.1/STM32CubeIDE/plugins/com.st.stm32cube.ide.mcu.externaltools.gnu-tools-for-stm32.13.3.rel1.win32_1.0.0.202411081344/tools/bin/../lib/gcc/arm-none-eabi/13.3.1/../../../../arm-none-eabi/lib/thumb/v7-m/nofp\libc_nano.a(libc_a-fwalk.o)
                              C:/ST/STM32CubeIDE_1.18.1/STM32CubeIDE/plugins/com.st.stm32cube.ide.mcu.externaltools.gnu-tools-for-stm32.13.3.rel1.win32_1.0.0.202411081344/tools/bin/../lib/gcc/arm-none-eabi/13.3.1/../../../../arm-none-eabi/lib/thumb/v7-m/nofp\libc_nano.a(libc_a-findfp.o) (_fwalk_sglue)
C:/ST/STM32CubeIDE_1.18.1/STM32CubeIDE/plugins/com.st.stm32cube.ide.mcu.externaltools.gnu-tools-for-stm32.13.3.rel1.win32_1.0.0.202411081344/tools/bin/../lib/gcc/arm-none-eabi/13.3.1/../../../../arm-none-eabi/lib/thumb/v7-m/nofp\libc_nano.a(libc_a-stdio.o)
                              C:/ST/STM32CubeIDE_1.18.1/STM32CubeIDE/plugins/com.st.stm32cube.ide.mcu.externaltools.gnu-tools-for-stm32.13.3.rel1.win32_1.0.0.202411081344/tools/bin/../lib/gcc/arm-none-eabi/13.3.1/../../../../arm-none-eabi/lib/thumb/v7-m/nofp\libc_nano.a(libc_a-findfp.o) (__sread)
C:/ST/STM32CubeIDE_1.18.1/STM32CubeIDE/plugins/com.st.stm32cube.ide.mcu.externaltools.gnu-tools-for-stm32.13.3.rel1.win32_1.0.0.202411081344/tools/bin/../lib/gcc/arm-none-eabi/13.3.1/../../../../arm-none-eabi/lib/thumb/v7-m/nofp\libc_nano.a(libc_a-memset.o)
                              C:/ST/STM32CubeIDE_1.18.1/STM32CubeIDE/plugins/com.st.stm32cube.ide.mcu.externaltools.gnu-tools-for-stm32.13.3.rel1.win32_1.0.0.202411081344/tools/bin/../lib/gcc/arm-none-eabi/13.3.1/../../../../arm-none-eabi/lib/thumb/v7-m/nofp/crt0.o (memset)
C:/ST/STM32CubeIDE_1.18.1/STM32CubeIDE/plugins/com.st.stm32cube.ide.mcu.externaltools.gnu-tools-for-stm32.13.3.rel1.win32_1.0.0.202411081344/tools/bin/../lib/gcc/arm-none-eabi/13.3.1/../../../../arm-none-eabi/lib/thumb/v7-m/nofp\libc_nano.a(libc_a-closer.o)
                              C:/ST/STM32CubeIDE_1.18.1/STM32CubeIDE/plugins/com.st.stm32cube.ide.mcu.externaltools.gnu-tools-for-stm32.13.3.rel1.win32_1.0.0.202411081344/tools/bin/../lib/gcc/arm-none-eabi/13.3.1/../../../../arm-none-eabi/lib/thumb/v7-m/nofp\libc_nano.a(libc_a-stdio.o) (_close_r)
C:/ST/STM32CubeIDE_1.18.1/STM32CubeIDE/plugins/com.st.stm32cube.ide.mcu.externaltools.gnu-tools-for-stm32.13.3.rel1.win32_1.0.0.202411081344/tools/bin/../lib/gcc/arm-none-eabi/13.3.1/../../../../arm-none-eabi/lib/thumb/v7-m/nofp\libc_nano.a(libc_a-reent.o)
                              C:/ST/STM32CubeIDE_1.18.1/STM32CubeIDE/plugins/com.st.stm32cube.ide.mcu.externaltools.gnu-tools-for-stm32.13.3.rel1.win32_1.0.0.202411081344/tools/bin/../lib/gcc/arm-none-eabi/13.3.1/../../../../arm-none-eabi/lib/thumb/v7-m/nofp\libc_nano.a(libc_a-closer.o) (errno)
C:/ST/STM32CubeIDE_1.18.1/STM32CubeIDE/plugins/com.st.stm32cube.ide.mcu.externaltools.gnu-tools-for-stm32.13.3.rel1.win32_1.0.0.202411081344/tools/bin/../lib/gcc/arm-none-eabi/13.3.1/../../../../arm-none-eabi/lib/thumb/v7-m/nofp\libc_nano.a(libc_a-impure.o)
                              C:/ST/STM32CubeIDE_1.18.1/STM32CubeIDE/plugins/com.st.stm32cube.ide.mcu.externaltools.gnu-tools-for-stm32.13.3.rel1.win32_1.0.0.202411081344/tools/bin/../lib/gcc/arm-none-eabi/13.3.1/../../../../arm-none-eabi/lib/thumb/v7-m/nofp\libc_nano.a(libc_a-reent.o) (_impure_ptr)
C:/ST/STM32CubeIDE_1.18.1/STM32CubeIDE/plugins/com.st.stm32cube.ide.mcu.externaltools.gnu-tools-for-stm32.13.3.rel1.win32_1.0.0.202411081344/tools/bin/../lib/gcc/arm-none-eabi/13.3.1/../../../../arm-none-eabi/lib/thumb/v7-m/nofp\libc_nano.a(libc_a-lseekr.o)
[...]
Memory Configuration

Name             Origin             Length             Attributes
RAM              0x20000000         0x00005000         xrw
FLASH            0x08000000         0x00020000         xr
*default*        0x00000000         0xffffffff

Linker script and memory map

LOAD C:/ST/STM32CubeIDE_1.18.1/STM32CubeIDE/plugins/com.st.stm32cube.ide.mcu.externaltools.gnu-tools-for-stm32.13.3.rel1.win32_1.0.0.202411081344/tools/bin/../lib/gcc/arm-none-eabi/13.3.1/thumb/v7-m/nofp/crti.o
LOAD C:/ST/STM32CubeIDE_1.18.1/STM32CubeIDE/plugins/com.st.stm32cube.ide.mcu.externaltools.gnu-tools-for-stm32.13.3.rel1.win32_1.0.0.202411081344/tools/bin/../lib/gcc/arm-none-eabi/13.3.1/thumb/v7-m/nofp/crtbegin.o
LOAD C:/ST/STM32CubeIDE_1.18.1/STM32CubeIDE/plugins/com.st.stm32cube.ide.mcu.externaltools.gnu-tools-for-stm32.13.3.rel1.win32_1.0.0.202411081344/tools/bin/../lib/gcc/arm-none-eabi/13.3.1/../../../../arm-none-eabi/lib/thumb/v7-m/nofp/crt0.o
LOAD ./src/ap/ap.o
LOAD ./src/bsp/bsp.o
LOAD ./src/bsp/stm32f1xx_hal_msp.o
LOAD ./src/bsp/stm32f1xx_it.o
LOAD ./src/bsp/syscalls.o
LOAD ./src/bsp/sysmem.o
LOAD ./src/bsp/system_stm32f1xx.o
LOAD ./src/bsp/startup/startup_stm32f103rbtx.o
LOAD ./src/hw/driver/led.o
LOAD ./src/hw/hw.o
LOAD ./src/lib/cube_f103/Drivers/STM32F1xx_HAL_Driver/Src/stm32f1xx_hal.o
LOAD ./src/lib/cube_f103/Drivers/STM32F1xx_HAL_Driver/Src/stm32f1xx_hal_cortex.o
LOAD ./src/lib/cube_f103/Drivers/STM32F1xx_HAL_Driver/Src/stm32f1xx_hal_dma.o
LOAD ./src/lib/cube_f103/Drivers/STM32F1xx_HAL_Driver/Src/stm32f1xx_hal_exti.o
LOAD ./src/lib/cube_f103/Drivers/STM32F1xx_HAL_Driver/Src/stm32f1xx_hal_flash.o
LOAD ./src/lib/cube_f103/Drivers/STM32F1xx_HAL_Driver/Src/stm32f1xx_hal_flash_ex.o
LOAD ./src/lib/cube_f103/Drivers/STM32F1xx_HAL_Driver/Src/stm32f1xx_hal_gpio.o
LOAD ./src/lib/cube_f103/Drivers/STM32F1xx_HAL_Driver/Src/stm32f1xx_hal_gpio_ex.o
LOAD ./src/lib/cube_f103/Drivers/STM32F1xx_HAL_Driver/Src/stm32f1xx_hal_pcd.o
LOAD ./src/lib/cube_f103/Drivers/STM32F1xx_HAL_Driver/Src/stm32f1xx_hal_pcd_ex.o
LOAD ./src/lib/cube_f103/Drivers/STM32F1xx_HAL_Driver/Src/stm32f1xx_hal_pwr.o
LOAD ./src/lib/cube_f103/Drivers/STM32F1xx_HAL_Driver/Src/stm32f1xx_hal_rcc.o
LOAD ./src/lib/cube_f103/Drivers/STM32F1xx_HAL_Driver/Src/stm32f1xx_hal_rcc_ex.o
LOAD ./src/lib/cube_f103/Drivers/STM32F1xx_HAL_Driver/Src/stm32f1xx_ll_usb.o
LOAD ./src/lib/cube_f103/Middlewares/ST/STM32_USB_Device_Library/Class/CDC/Src/usbd_cdc.o
LOAD ./src/lib/cube_f103/Middlewares/ST/STM32_USB_Device_Library/Core/Src/usbd_core.o
LOAD ./src/lib/cube_f103/Middlewares/ST/STM32_USB_Device_Library/Core/Src/usbd_ctlreq.o
LOAD ./src/lib/cube_f103/Middlewares/ST/STM32_USB_Device_Library/Core/Src/usbd_ioreq.o
LOAD ./src/lib/cube_f103/USB_DEVICE/App/usb_device.o
LOAD ./src/lib/cube_f103/USB_DEVICE/App/usbd_cdc_if.o
LOAD ./src/lib/cube_f103/USB_DEVICE/App/usbd_desc.o
LOAD ./src/lib/cube_f103/USB_DEVICE/Target/usbd_conf.o
LOAD ./src/main.o
START GROUP
LOAD C:/ST/STM32CubeIDE_1.18.1/STM32CubeIDE/plugins/com.st.stm32cube.ide.mcu.externaltools.gnu-tools-for-stm32.13.3.rel1.win32_1.0.0.202411081344/tools/bin/../lib/gcc/arm-none-eabi/13.3.1/../../../../arm-none-eabi/lib/thumb/v7-m/nofp\libc_nano.a
LOAD C:/ST/STM32CubeIDE_1.18.1/STM32CubeIDE/plugins/com.st.stm32cube.ide.mcu.externaltools.gnu-tools-for-stm32.13.3.rel1.win32_1.0.0.202411081344/tools/bin/../lib/gcc/arm-none-eabi/13.3.1/../../../../arm-none-eabi/lib/thumb/v7-m/nofp\libm.a
END GROUP
START GROUP
LOAD C:/ST/STM32CubeIDE_1.18.1/STM32CubeIDE/plugins/com.st.stm32cube.ide.mcu.externaltools.gnu-tools-for-stm32.13.3.rel1.win32_1.0.0.202411081344/tools/bin/../lib/gcc/arm-none-eabi/13.3.1/thumb/v7-m/nofp\libgcc.a
LOAD C:/ST/STM32CubeIDE_1.18.1/STM32CubeIDE/plugins/com.st.stm32cube.ide.mcu.externaltools.gnu-tools-for-stm32.13.3.rel1.win32_1.0.0.202411081344/tools/bin/../lib/gcc/arm-none-eabi/13.3.1/../../../../arm-none-eabi/lib/thumb/v7-m/nofp\libc_nano.a
END GROUP
START GROUP
LOAD C:/ST/STM32CubeIDE_1.18.1/STM32CubeIDE/plugins/com.st.stm32cube.ide.mcu.externaltools.gnu-tools-for-stm32.13.3.rel1.win32_1.0.0.202411081344/tools/bin/../lib/gcc/arm-none-eabi/13.3.1/thumb/v7-m/nofp\libgcc.a
LOAD C:/ST/STM32CubeIDE_1.18.1/STM32CubeIDE/plugins/com.st.stm32cube.ide.mcu.externaltools.gnu-tools-for-stm32.13.3.rel1.win32_1.0.0.202411081344/tools/bin/../lib/gcc/arm-none-eabi/13.3.1/../../../../arm-none-eabi/lib/thumb/v7-m/nofp\libc_nano.a
LOAD C:/ST/STM32CubeIDE_1.18.1/STM32CubeIDE/plugins/com.st.stm32cube.ide.mcu.externaltools.gnu-tools-for-stm32.13.3.rel1.win32_1.0.0.202411081344/tools/bin/../lib/gcc/arm-none-eabi/13.3.1/../../../../arm-none-eabi/lib/thumb/v7-m/nofp\libnosys.a
END GROUP
START GROUP
LOAD C:/ST/STM32CubeIDE_1.18.1/STM32CubeIDE/plugins/com.st.stm32cube.ide.mcu.externaltools.gnu-tools-for-stm32.13.3.rel1.win32_1.0.0.202411081344/tools/bin/../lib/gcc/arm-none-eabi/13.3.1/thumb/v7-m/nofp\libgcc.a
LOAD C:/ST/STM32CubeIDE_1.18.1/STM32CubeIDE/plugins/com.st.stm32cube.ide.mcu.externaltools.gnu-tools-for-stm32.13.3.rel1.win32_1.0.0.202411081344/tools/bin/../lib/gcc/arm-none-eabi/13.3.1/../../../../arm-none-eabi/lib/thumb/v7-m/nofp\libc_nano.a
LOAD C:/ST/STM32CubeIDE_1.18.1/STM32CubeIDE/plugins/com.st.stm32cube.ide.mcu.externaltools.gnu-tools-for-stm32.13.3.rel1.win32_1.0.0.202411081344/tools/bin/../lib/gcc/arm-none-eabi/13.3.1/../../../../arm-none-eabi/lib/thumb/v7-m/nofp\libnosys.a
END GROUP
LOAD C:/ST/STM32CubeIDE_1.18.1/STM32CubeIDE/plugins/com.st.stm32cube.ide.mcu.externaltools.gnu-tools-for-stm32.13.3.rel1.win32_1.0.0.202411081344/tools/bin/../lib/gcc/arm-none-eabi/13.3.1/thumb/v7-m/nofp/crtend.o
LOAD C:/ST/STM32CubeIDE_1.18.1/STM32CubeIDE/plugins/com.st.stm32cube.ide.mcu.externaltools.gnu-tools-for-stm32.13.3.rel1.win32_1.0.0.202411081344/tools/bin/../lib/gcc/arm-none-eabi/13.3.1/thumb/v7-m/nofp/crtn.o
                0x20005000                        _estack = (ORIGIN (RAM) + LENGTH (RAM))
                0x00000200                        _Min_Heap_Size = 0x200
                0x00000400                        _Min_Stack_Size = 0x400

.isr_vector     0x08000000      0x10c
                0x08000000                        . = ALIGN (0x4)
 *(.isr_vector)
 .isr_vector    0x08000000      0x10c ./src/bsp/startup/startup_stm32f103rbtx.o
                0x08000000                g_pfnVectors
                0x0800010c                        . = ALIGN (0x4)

.text           0x0800010c     0x31e4
                0x0800010c                        . = ALIGN (0x4)
 *(.text)
 .text          0x0800010c       0x40 C:/ST/STM32CubeIDE_1.18.1/STM32CubeIDE/plugins/com.st.stm32cube.ide.mcu.externaltools.gnu-tools-for-stm32.13.3.rel1.win32_1.0.0.202411081344/tools/bin/../lib/gcc/arm-none-eabi/13.3.1/thumb/v7-m/nofp/crtbegin.o
 .text          0x0800014c       0x10 C:/ST/STM32CubeIDE_1.18.1/STM32CubeIDE/plugins/com.st.stm32cube.ide.mcu.externaltools.gnu-tools-for-stm32.13.3.rel1.win32_1.0.0.202411081344/tools/bin/../lib/gcc/arm-none-eabi/13.3.1/../../../../arm-none-eabi/lib/thumb/v7-m/nofp\libc_nano.a(libc_a-strlen.o)
                0x0800014c                strlen
 *(.text*)
 .text.apInit   0x0800015c        0x2 ./src/ap/ap.o
                0x0800015c                apInit
 *fill*         0x0800015e        0x2 
 .text.apMain   0x08000160       0x20 ./src/ap/ap.o
                0x08000160                apMain
 .text.delay    0x08000180        0x4 ./src/bsp/bsp.o
                0x08000180                delay
 .text.SystemClock_Config
                0x08000184       0x7c ./src/bsp/bsp.o
                0x08000184                SystemClock_Config
 .text.bspInit  0x08000200       0x84 ./src/bsp/bsp.o
                0x08000200                bspInit
 .text.Error_Handler
                0x08000284        0x4 ./src/bsp/bsp.o
                0x08000284                Error_Handler
 .text.HAL_MspInit
                0x08000288       0x44 ./src/bsp/stm32f1xx_hal_msp.o
                0x08000288                HAL_MspInit
 .text.NMI_Handler
                0x080002cc        0x2 ./src/bsp/stm32f1xx_it.o
                0x080002cc                NMI_Handler
 .text.HardFault_Handler
                0x080002ce        0x2 ./src/bsp/stm32f1xx_it.o
                0x080002ce                HardFault_Handler
 .text.MemManage_Handler
                0x080002d0        0x2 ./src/bsp/stm32f1xx_it.o
                0x080002d0                MemManage_Handler
 .text.BusFault_Handler
                0x080002d2        0x2 ./src/bsp/stm32f1xx_it.o
                0x080002d2                BusFault_Handler
 .text.UsageFault_Handler
                0x080002d4        0x2 ./src/bsp/stm32f1xx_it.o
                0x080002d4                UsageFault_Handler
 .text.SVC_Handler
                0x080002d6        0x2 ./src/bsp/stm32f1xx_it.o
                0x080002d6                SVC_Handler
 .text.DebugMon_Handler
                0x080002d8        0x2 ./src/bsp/stm32f1xx_it.o
                0x080002d8                DebugMon_Handler
 .text.PendSV_Handler
                0x080002da        0x2 ./src/bsp/stm32f1xx_it.o
                0x080002da                PendSV_Handler
 .text.SysTick_Handler
                0x080002dc        0x4 ./src/bsp/stm32f1xx_it.o
                0x080002dc                SysTick_Handler
 .text.USB_LP_CAN1_RX0_IRQHandler
                0x080002e0        0xc ./src/bsp/stm32f1xx_it.o
                0x080002e0                USB_LP_CAN1_RX0_IRQHandler
 .text.SystemInit
                0x080002ec        0x2 ./src/bsp/system_stm32f1xx.o
                0x080002ec                SystemInit
 *fill*         0x080002ee        0x2 
 .text.Reset_Handler
                0x080002f0       0x48 ./src/bsp/startup/startup_stm32f103rbtx.o
                0x080002f0                Reset_Handler
 .text.Default_Handler
                0x08000338        0x2 ./src/bsp/startup/startup_stm32f103rbtx.o
                0x08000338                RTC_Alarm_IRQHandler
                0x08000338                EXTI2_IRQHandler
                0x08000338                TIM1_CC_IRQHandler
                0x08000338                PVD_IRQHandler
                0x08000338                EXTI3_IRQHandler
                0x08000338                EXTI0_IRQHandler
                0x08000338                I2C2_EV_IRQHandler
                0x08000338                ADC1_2_IRQHandler
                0x08000338                SPI1_IRQHandler
                0x08000338                TAMPER_IRQHandler
                0x08000338                DMA1_Channel4_IRQHandler
                0x08000338                USART3_IRQHandler
                0x08000338                RTC_IRQHandler
                0x08000338                DMA1_Channel7_IRQHandler
                0x08000338                CAN1_RX1_IRQHandler
                0x08000338                TIM4_IRQHandler
                0x08000338                I2C1_EV_IRQHandler
                0x08000338                DMA1_Channel6_IRQHandler
                0x08000338                TIM3_IRQHandler
                0x08000338                RCC_IRQHandler
                0x08000338                TIM1_TRG_COM_IRQHandler
                0x08000338                DMA1_Channel1_IRQHandler
                0x08000338                Default_Handler
                0x08000338                EXTI15_10_IRQHandler
                0x08000338                EXTI9_5_IRQHandler
                0x08000338                SPI2_IRQHandler
                0x08000338                DMA1_Channel5_IRQHandler
                0x08000338                EXTI4_IRQHandler
                0x08000338                USB_HP_CAN1_TX_IRQHandler
                0x08000338                DMA1_Channel3_IRQHandler
                0x08000338                TIM1_UP_IRQHandler
                0x08000338                WWDG_IRQHandler
                0x08000338                TIM2_IRQHandler
                0x08000338                TIM1_BRK_IRQHandler
                0x08000338                EXTI1_IRQHandler
                0x08000338                USART2_IRQHandler
                0x08000338                I2C2_ER_IRQHandler
                0x08000338                DMA1_Channel2_IRQHandler
                0x08000338                CAN1_SCE_IRQHandler
                0x08000338                FLASH_IRQHandler
                0x08000338                USART1_IRQHandler
                0x08000338                I2C1_ER_IRQHandler
                0x08000338                USBWakeUp_IRQHandler
 *fill*         0x0800033a        0x2 
 .text.ledOff.part.0
                0x0800033c       0x10 ./src/hw/driver/led.o
 .text.ledInit  0x0800034c       0x58 ./src/hw/driver/led.o
                0x0800034c                ledInit
 .text.ledToggle
                0x080003a4       0x14 ./src/hw/driver/led.o
                0x080003a4                ledToggle
 .text.hwInit   0x080003b8        0xe ./src/hw/hw.o
                0x080003b8                hwInit
 *fill*         0x080003c6        0x2 
 .text.HAL_InitTick
                0x080003c8       0x48 ./src/lib/cube_f103/Drivers/STM32F1xx_HAL_Driver/Src/stm32f1xx_hal.o
                0x080003c8                HAL_InitTick
 .text.HAL_Init
                0x08000410       0x24 ./src/lib/cube_f103/Drivers/STM32F1xx_HAL_Driver/Src/stm32f1xx_hal.o
                0x08000410                HAL_Init
 .text.HAL_IncTick
                0x08000434       0x18 ./src/lib/cube_f103/Drivers/STM32F1xx_HAL_Driver/Src/stm32f1xx_hal.o
                0x08000434                HAL_IncTick
 .text.HAL_GetTick
                0x0800044c        0xc ./src/lib/cube_f103/Drivers/STM32F1xx_HAL_Driver/Src/stm32f1xx_hal.o
                0x0800044c                HAL_GetTick
 .text.HAL_Delay
                0x08000458       0x24 ./src/lib/cube_f103/Drivers/STM32F1xx_HAL_Driver/Src/stm32f1xx_hal.o
                0x08000458                HAL_Delay
 .text.HAL_NVIC_SetPriorityGrouping
                0x0800047c       0x24 ./src/lib/cube_f103/Drivers/STM32F1xx_HAL_Driver/Src/stm32f1xx_hal_cortex.o
                0x0800047c                HAL_NVIC_SetPriorityGrouping
 .text.HAL_NVIC_SetPriority
                0x080004a0       0x60 ./src/lib/cube_f103/Drivers/STM32F1xx_HAL_Driver/Src/stm32f1xx_hal_cortex.o
                0x080004a0                HAL_NVIC_SetPriority
 .text.HAL_NVIC_EnableIRQ
                0x08000500       0x1c ./src/lib/cube_f103/Drivers/STM32F1xx_HAL_Driver/Src/stm32f1xx_hal_cortex.o
                0x08000500                HAL_NVIC_EnableIRQ
 .text.HAL_SYSTICK_Config
                0x0800051c       0x28 ./src/lib/cube_f103/Drivers/STM32F1xx_HAL_Driver/Src/stm32f1xx_hal_cortex.o
                0x0800051c                HAL_SYSTICK_Config
 .text.HAL_GPIO_Init
                0x08000544      0x1a8 ./src/lib/cube_f103/Drivers/STM32F1xx_HAL_Driver/Src/stm32f1xx_hal_gpio.o
                0x08000544                HAL_GPIO_Init
 .text.HAL_GPIO_WritePin
                0x080006ec        0xa ./src/lib/cube_f103/Drivers/STM32F1xx_HAL_Driver/Src/stm32f1xx_hal_gpio.o
                0x080006ec                HAL_GPIO_WritePin
 .text.HAL_GPIO_TogglePin
                0x080006f6       0x12 ./src/lib/cube_f103/Drivers/STM32F1xx_HAL_Driver/Src/stm32f1xx_hal_gpio.o
                0x080006f6                HAL_GPIO_TogglePin
 .text.HAL_PCD_Init
                0x08000708       0xc6 ./src/lib/cube_f103/Drivers/STM32F1xx_HAL_Driver/Src/stm32f1xx_hal_pcd.o
                0x08000708                HAL_PCD_Init
 .text.HAL_PCD_Start
                0x080007ce       0x32 ./src/lib/cube_f103/Drivers/STM32F1xx_HAL_Driver/Src/stm32f1xx_hal_pcd.o
                0x080007ce                HAL_PCD_Start
 .text.HAL_PCD_SetAddress
                0x08000800       0x26 ./src/lib/cube_f103/Drivers/STM32F1xx_HAL_Driver/Src/stm32f1xx_hal_pcd.o
                0x08000800                HAL_PCD_SetAddress
 *fill*         0x08000826        0x2 
 .text.HAL_PCD_IRQHandler
                0x08000828      0xa08 ./src/lib/cube_f103/Drivers/STM32F1xx_HAL_Driver/Src/stm32f1xx_hal_pcd.o
                0x08000828                HAL_PCD_IRQHandler
 .text.HAL_PCD_EP_Open
                0x08001230       0x60 ./src/lib/cube_f103/Drivers/STM32F1xx_HAL_Driver/Src/stm32f1xx_hal_pcd.o
                0x08001230                HAL_PCD_EP_Open
 .text.HAL_PCD_EP_Close
                0x08001290       0x50 ./src/lib/cube_f103/Drivers/STM32F1xx_HAL_Driver/Src/stm32f1xx_hal_pcd.o
                0x08001290                HAL_PCD_EP_Close
 .text.HAL_PCD_EP_Receive
                0x080012e0       0x2e ./src/lib/cube_f103/Drivers/STM32F1xx_HAL_Driver/Src/stm32f1xx_hal_pcd.o
                0x080012e0                HAL_PCD_EP_Receive
 .text.HAL_PCD_EP_GetRxCount
                0x0800130e       0x10 ./src/lib/cube_f103/Drivers/STM32F1xx_HAL_Driver/Src/stm32f1xx_hal_pcd.o
                0x0800130e                HAL_PCD_EP_GetRxCount
 .text.HAL_PCD_EP_Transmit
                0x0800131e       0x30 ./src/lib/cube_f103/Drivers/STM32F1xx_HAL_Driver/Src/stm32f1xx_hal_pcd.o
                0x0800131e                HAL_PCD_EP_Transmit
 .text.HAL_PCD_EP_SetStall
                0x0800134e       0x6c ./src/lib/cube_f103/Drivers/STM32F1xx_HAL_Driver/Src/stm32f1xx_hal_pcd.o
                0x0800134e                HAL_PCD_EP_SetStall
 .text.HAL_PCD_EP_ClrStall
                0x080013ba       0x64 ./src/lib/cube_f103/Drivers/STM32F1xx_HAL_Driver/Src/stm32f1xx_hal_pcd.o
                0x080013ba                HAL_PCD_EP_ClrStall
 .text.HAL_PCDEx_PMAConfig
                0x0800141e       0x32 ./src/lib/cube_f103/Drivers/STM32F1xx_HAL_Driver/Src/stm32f1xx_hal_pcd_ex.o
                0x0800141e                HAL_PCDEx_PMAConfig
 .text.HAL_RCC_OscConfig
                0x08001450      0x338 ./src/lib/cube_f103/Drivers/STM32F1xx_HAL_Driver/Src/stm32f1xx_hal_rcc.o
                0x08001450                HAL_RCC_OscConfig
 .text.HAL_RCC_GetSysClockFreq
                0x08001788       0x4c ./src/lib/cube_f103/Drivers/STM32F1xx_HAL_Driver/Src/stm32f1xx_hal_rcc.o
                0x08001788                HAL_RCC_GetSysClockFreq
 .text.HAL_RCC_ClockConfig
                0x080017d4      0x138 ./src/lib/cube_f103/Drivers/STM32F1xx_HAL_Driver/Src/stm32f1xx_hal_rcc.o
                0x080017d4                HAL_RCC_ClockConfig
 .text.HAL_RCCEx_PeriphCLKConfig
                0x0800190c       0xf4 ./src/lib/cube_f103/Drivers/STM32F1xx_HAL_Driver/Src/stm32f1xx_hal_rcc_ex.o
                0x0800190c                HAL_RCCEx_PeriphCLKConfig
 .text.USB_CoreInit
                0x08001a00        0xe ./src/lib/cube_f103/Drivers/STM32F1xx_HAL_Driver/Src/stm32f1xx_ll_usb.o
                0x08001a00                USB_CoreInit
 .text.USB_EnableGlobalInt
                0x08001a0e       0x12 ./src/lib/cube_f103/Drivers/STM32F1xx_HAL_Driver/Src/stm32f1xx_ll_usb.o
                0x08001a0e                USB_EnableGlobalInt
 .text.USB_DisableGlobalInt
                0x08001a20       0x14 ./src/lib/cube_f103/Drivers/STM32F1xx_HAL_Driver/Src/stm32f1xx_ll_usb.o
                0x08001a20                USB_DisableGlobalInt
 .text.USB_SetCurrentMode
                0x08001a34        0x4 ./src/lib/cube_f103/Drivers/STM32F1xx_HAL_Driver/Src/stm32f1xx_ll_usb.o
                0x08001a34                USB_SetCurrentMode
 .text.USB_DevInit
                0x08001a38       0x22 ./src/lib/cube_f103/Drivers/STM32F1xx_HAL_Driver/Src/stm32f1xx_ll_usb.o
                0x08001a38                USB_DevInit
 *fill*         0x08001a5a        0x2 
 .text.USB_ActivateEndpoint
                0x08001a5c      0x2c0 ./src/lib/cube_f103/Drivers/STM32F1xx_HAL_Driver/Src/stm32f1xx_ll_usb.o
                0x08001a5c                USB_ActivateEndpoint
 .text.USB_DeactivateEndpoint
                0x08001d1c      0x1a6 ./src/lib/cube_f103/Drivers/STM32F1xx_HAL_Driver/Src/stm32f1xx_ll_usb.o
                0x08001d1c                USB_DeactivateEndpoint
 .text.USB_EPSetStall
                0x08001ec2       0x40 ./src/lib/cube_f103/Drivers/STM32F1xx_HAL_Driver/Src/stm32f1xx_ll_usb.o
                0x08001ec2                USB_EPSetStall
 .text.USB_EPClearStall
                0x08001f02       0x92 ./src/lib/cube_f103/Drivers/STM32F1xx_HAL_Driver/Src/stm32f1xx_ll_usb.o
                0x08001f02                USB_EPClearStall
 .text.USB_SetDevAddress
                0x08001f94        0xc ./src/lib/cube_f103/Drivers/STM32F1xx_HAL_Driver/Src/stm32f1xx_ll_usb.o
                0x08001f94                USB_SetDevAddress
 .text.USB_DevConnect
                0x08001fa0        0x4 ./src/lib/cube_f103/Drivers/STM32F1xx_HAL_Driver/Src/stm32f1xx_ll_usb.o
                0x08001fa0                USB_DevConnect
 .text.USB_DevDisconnect
                0x08001fa4        0x4 ./src/lib/cube_f103/Drivers/STM32F1xx_HAL_Driver/Src/stm32f1xx_ll_usb.o
                0x08001fa4                USB_DevDisconnect
 .text.USB_ReadInterrupts
                0x08001fa8        0x8 ./src/lib/cube_f103/Drivers/STM32F1xx_HAL_Driver/Src/stm32f1xx_ll_usb.o
                0x08001fa8                USB_ReadInterrupts
 .text.USB_EP0_OutStart
                0x08001fb0        0x4 ./src/lib/cube_f103/Drivers/STM32F1xx_HAL_Driver/Src/stm32f1xx_ll_usb.o
                0x08001fb0                USB_EP0_OutStart
 .text.USB_WritePMA
                0x08001fb4       0x20 ./src/lib/cube_f103/Drivers/STM32F1xx_HAL_Driver/Src/stm32f1xx_ll_usb.o
                0x08001fb4                USB_WritePMA
 .text.USB_EPStartXfer
                0x08001fd4      0x46a ./src/lib/cube_f103/Drivers/STM32F1xx_HAL_Driver/Src/stm32f1xx_ll_usb.o
                0x08001fd4                USB_EPStartXfer
 .text.USB_ReadPMA
                0x0800243e       0x38 ./src/lib/cube_f103/Drivers/STM32F1xx_HAL_Driver/Src/stm32f1xx_ll_usb.o
                0x0800243e                USB_ReadPMA
 .text.USBD_CDC_EP0_RxReady
                0x08002476       0x28 ./src/lib/cube_f103/Middlewares/ST/STM32_USB_Device_Library/Class/CDC/Src/usbd_cdc.o
 *fill*         0x0800249e        0x2 
 .text.USBD_CDC_GetFSCfgDesc
                0x080024a0        0xc ./src/lib/cube_f103/Middlewares/ST/STM32_USB_Device_Library/Class/CDC/Src/usbd_cdc.o
 .text.USBD_CDC_GetHSCfgDesc
                0x080024ac        0xc ./src/lib/cube_f103/Middlewares/ST/STM32_USB_Device_Library/Class/CDC/Src/usbd_cdc.o
 .text.USBD_CDC_GetOtherSpeedCfgDesc
                0x080024b8        0xc ./src/lib/cube_f103/Middlewares/ST/STM32_USB_Device_Library/Class/CDC/Src/usbd_cdc.o
 .text.USBD_CDC_GetDeviceQualifierDescriptor
                0x080024c4        0xc ./src/lib/cube_f103/Middlewares/ST/STM32_USB_Device_Library/Class/CDC/Src/usbd_cdc.o
                0x080024c4                USBD_CDC_GetDeviceQualifierDescriptor
 .text.USBD_CDC_DataOut
                0x080024d0       0x2e ./src/lib/cube_f103/Middlewares/ST/STM32_USB_Device_Library/Class/CDC/Src/usbd_cdc.o
 .text.USBD_CDC_DataIn
                0x080024fe       0x40 ./src/lib/cube_f103/Middlewares/ST/STM32_USB_Device_Library/Class/CDC/Src/usbd_cdc.o
 .text.USBD_CDC_Setup
                0x0800253e       0xa2 ./src/lib/cube_f103/Middlewares/ST/STM32_USB_Device_Library/Class/CDC/Src/usbd_cdc.o
 .text.USBD_CDC_DeInit
                0x080025e0       0x42 ./src/lib/cube_f103/Middlewares/ST/STM32_USB_Device_Library/Class/CDC/Src/usbd_cdc.o
 .text.USBD_CDC_Init
                0x08002622       0x8c ./src/lib/cube_f103/Middlewares/ST/STM32_USB_Device_Library/Class/CDC/Src/usbd_cdc.o
 .text.USBD_CDC_RegisterInterface
                0x080026ae        0xe ./src/lib/cube_f103/Middlewares/ST/STM32_USB_Device_Library/Class/CDC/Src/usbd_cdc.o
                0x080026ae                USBD_CDC_RegisterInterface
 .text.USBD_CDC_SetTxBuffer
                0x080026bc       0x10 ./src/lib/cube_f103/Middlewares/ST/STM32_USB_Device_Library/Class/CDC/Src/usbd_cdc.o
                0x080026bc                USBD_CDC_SetTxBuffer
 .text.USBD_CDC_SetRxBuffer
                0x080026cc        0xc ./src/lib/cube_f103/Middlewares/ST/STM32_USB_Device_Library/Class/CDC/Src/usbd_cdc.o
                0x080026cc                USBD_CDC_SetRxBuffer
 .text.USBD_CDC_TransmitPacket
                0x080026d8       0x32 ./src/lib/cube_f103/Middlewares/ST/STM32_USB_Device_Library/Class/CDC/Src/usbd_cdc.o
                0x080026d8                USBD_CDC_TransmitPacket
 .text.USBD_CDC_ReceivePacket
                0x0800270a       0x26 ./src/lib/cube_f103/Middlewares/ST/STM32_USB_Device_Library/Class/CDC/Src/usbd_cdc.o
                0x0800270a                USBD_CDC_ReceivePacket
 .text.USBD_Init
                0x08002730       0x2a ./src/lib/cube_f103/Middlewares/ST/STM32_USB_Device_Library/Core/Src/usbd_core.o
                0x08002730                USBD_Init
 .text.USBD_RegisterClass
                0x0800275a        0xe ./src/lib/cube_f103/Middlewares/ST/STM32_USB_Device_Library/Core/Src/usbd_core.o
                0x0800275a                USBD_RegisterClass
 .text.USBD_Start
                0x08002768        0xa ./src/lib/cube_f103/Middlewares/ST/STM32_USB_Device_Library/Core/Src/usbd_core.o
                0x08002768                USBD_Start
 .text.USBD_SetClassConfig
                0x08002772       0x1a ./src/lib/cube_f103/Middlewares/ST/STM32_USB_Device_Library/Core/Src/usbd_core.o
                0x08002772                USBD_SetClassConfig
 .text.USBD_ClrClassConfig
                0x0800278c        0xe ./src/lib/cube_f103/Middlewares/ST/STM32_USB_Device_Library/Core/Src/usbd_core.o
                0x0800278c                USBD_ClrClassConfig
 .text.USBD_LL_SetupStage
                0x0800279a       0x5a ./src/lib/cube_f103/Middlewares/ST/STM32_USB_Device_Library/Core/Src/usbd_core.o
                0x0800279a                USBD_LL_SetupStage
 .text.USBD_LL_DataOutStage
                0x080027f4       0x70 ./src/lib/cube_f103/Middlewares/ST/STM32_USB_Device_Library/Core/Src/usbd_core.o
                0x080027f4                USBD_LL_DataOutStage
 .text.USBD_LL_DataInStage
                0x08002864       0xb8 ./src/lib/cube_f103/Middlewares/ST/STM32_USB_Device_Library/Core/Src/usbd_core.o
                0x08002864                USBD_LL_DataInStage
 .text.USBD_LL_Reset
                0x0800291c       0x4e ./src/lib/cube_f103/Middlewares/ST/STM32_USB_Device_Library/Core/Src/usbd_core.o
                0x0800291c                USBD_LL_Reset
 .text.USBD_LL_SetSpeed
                0x0800296a        0x6 ./src/lib/cube_f103/Middlewares/ST/STM32_USB_Device_Library/Core/Src/usbd_core.o
                0x0800296a                USBD_LL_SetSpeed
 .text.USBD_LL_Suspend
                0x08002970       0x12 ./src/lib/cube_f103/Middlewares/ST/STM32_USB_Device_Library/Core/Src/usbd_core.o
                0x08002970                USBD_LL_Suspend
 .text.USBD_LL_Resume
                0x08002982       0x14 ./src/lib/cube_f103/Middlewares/ST/STM32_USB_Device_Library/Core/Src/usbd_core.o
                0x08002982                USBD_LL_Resume
 .text.USBD_LL_SOF
                0x08002996       0x18 ./src/lib/cube_f103/Middlewares/ST/STM32_USB_Device_Library/Core/Src/usbd_core.o
                0x08002996                USBD_LL_SOF
 .text.USBD_CtlError.constprop.0
                0x080029ae       0x16 ./src/lib/cube_f103/Middlewares/ST/STM32_USB_Device_Library/Core/Src/usbd_ctlreq.o
 .text.USBD_StdDevReq
                0x080029c4      0x290 ./src/lib/cube_f103/Middlewares/ST/STM32_USB_Device_Library/Core/Src/usbd_ctlreq.o
                0x080029c4                USBD_StdDevReq
 .text.USBD_StdItfReq
                0x08002c54       0x48 ./src/lib/cube_f103/Middlewares/ST/STM32_USB_Device_Library/Core/Src/usbd_ctlreq.o
                0x08002c54                USBD_StdItfReq
 .text.USBD_StdEPReq
                0x08002c9c      0x118 ./src/lib/cube_f103/Middlewares/ST/STM32_USB_Device_Library/Core/Src/usbd_ctlreq.o
                0x08002c9c                USBD_StdEPReq
 .text.USBD_ParseSetupRequest
                0x08002db4       0x16 ./src/lib/cube_f103/Middlewares/ST/STM32_USB_Device_Library/Core/Src/usbd_ctlreq.o
                0x08002db4                USBD_ParseSetupRequest
 .text.USBD_CtlError
                0x08002dca       0x16 ./src/lib/cube_f103/Middlewares/ST/STM32_USB_Device_Library/Core/Src/usbd_ctlreq.o
                0x08002dca                USBD_CtlError
 .text.USBD_GetString
                0x08002de0       0x38 ./src/lib/cube_f103/Middlewares/ST/STM32_USB_Device_Library/Core/Src/usbd_ctlreq.o
                0x08002de0                USBD_GetString
 .text.USBD_CtlSendData
                0x08002e18       0x1a ./src/lib/cube_f103/Middlewares/ST/STM32_USB_Device_Library/Core/Src/usbd_ioreq.o
                0x08002e18                USBD_CtlSendData
 .text.USBD_CtlContinueSendData
                0x08002e32       0x10 ./src/lib/cube_f103/Middlewares/ST/STM32_USB_Device_Library/Core/Src/usbd_ioreq.o
                0x08002e32                USBD_CtlContinueSendData
 .text.USBD_CtlPrepareRx
                0x08002e42       0x1a ./src/lib/cube_f103/Middlewares/ST/STM32_USB_Device_Library/Core/Src/usbd_ioreq.o
                0x08002e42                USBD_CtlPrepareRx
 .text.USBD_CtlContinueRx
                0x08002e5c       0x10 ./src/lib/cube_f103/Middlewares/ST/STM32_USB_Device_Library/Core/Src/usbd_ioreq.o
                0x08002e5c                USBD_CtlContinueRx
 .text.USBD_CtlSendStatus
                0x08002e6c       0x16 ./src/lib/cube_f103/Middlewares/ST/STM32_USB_Device_Library/Core/Src/usbd_ioreq.o
                0x08002e6c                USBD_CtlSendStatus
 .text.USBD_CtlReceiveStatus
                0x08002e82       0x16 ./src/lib/cube_f103/Middlewares/ST/STM32_USB_Device_Library/Core/Src/usbd_ioreq.o
                0x08002e82                USBD_CtlReceiveStatus
 .text.MX_USB_DEVICE_Init
                0x08002e98       0x50 ./src/lib/cube_f103/USB_DEVICE/App/usb_device.o
                0x08002e98                MX_USB_DEVICE_Init
 .text.CDC_DeInit_FS
                0x08002ee8        0x4 ./src/lib/cube_f103/USB_DEVICE/App/usbd_cdc_if.o
 .text.CDC_Control_FS
                0x08002eec        0x4 ./src/lib/cube_f103/USB_DEVICE/App/usbd_cdc_if.o
 .text.CDC_Receive_FS
                0x08002ef0       0x1c ./src/lib/cube_f103/USB_DEVICE/App/usbd_cdc_if.o
 .text.CDC_Init_FS
                0x08002f0c       0x28 ./src/lib/cube_f103/USB_DEVICE/App/usbd_cdc_if.o
 .text.CDC_Transmit_FS
                0x08002f34       0x2c ./src/lib/cube_f103/USB_DEVICE/App/usbd_cdc_if.o
                0x08002f34                CDC_Transmit_FS
 .text.USBD_FS_DeviceDescriptor
                0x08002f60        0xc ./src/lib/cube_f103/USB_DEVICE/App/usbd_desc.o
                0x08002f60                USBD_FS_DeviceDescriptor
 .text.USBD_FS_LangIDStrDescriptor
                0x08002f6c        0xc ./src/lib/cube_f103/USB_DEVICE/App/usbd_desc.o
                0x08002f6c                USBD_FS_LangIDStrDescriptor
 .text.IntToUnicode
                0x08002f78       0x2a ./src/lib/cube_f103/USB_DEVICE/App/usbd_desc.o
 *fill*         0x08002fa2        0x2 
 .text.USBD_FS_SerialStrDescriptor
                0x08002fa4       0x3c ./src/lib/cube_f103/USB_DEVICE/App/usbd_desc.o
                0x08002fa4                USBD_FS_SerialStrDescriptor
 .text.USBD_FS_ManufacturerStrDescriptor
                0x08002fe0       0x1c ./src/lib/cube_f103/USB_DEVICE/App/usbd_desc.o
                0x08002fe0                USBD_FS_ManufacturerStrDescriptor
 .text.USBD_FS_ProductStrDescriptor
                0x08002ffc       0x1c ./src/lib/cube_f103/USB_DEVICE/App/usbd_desc.o
                0x08002ffc                USBD_FS_ProductStrDescriptor
 .text.USBD_FS_ConfigStrDescriptor
                0x08003018       0x1c ./src/lib/cube_f103/USB_DEVICE/App/usbd_desc.o
                0x08003018                USBD_FS_ConfigStrDescriptor
 .text.USBD_FS_InterfaceStrDescriptor
                0x08003034       0x1c ./src/lib/cube_f103/USB_DEVICE/App/usbd_desc.o
                0x08003034                USBD_FS_InterfaceStrDescriptor
 .text.USBD_Get_USB_Status
                0x08003050        0xc ./src/lib/cube_f103/USB_DEVICE/Target/usbd_conf.o
 .text.HAL_PCD_MspInit
                0x0800305c       0x40 ./src/lib/cube_f103/USB_DEVICE/Target/usbd_conf.o
                0x0800305c                HAL_PCD_MspInit
 .text.HAL_PCD_SetupStageCallback
                0x0800309c        0xc ./src/lib/cube_f103/USB_DEVICE/Target/usbd_conf.o
                0x0800309c                HAL_PCD_SetupStageCallback
 .text.HAL_PCD_DataOutStageCallback
                0x080030a8       0x12 ./src/lib/cube_f103/USB_DEVICE/Target/usbd_conf.o
                0x080030a8                HAL_PCD_DataOutStageCallback
 .text.HAL_PCD_DataInStageCallback
                0x080030ba       0x10 ./src/lib/cube_f103/USB_DEVICE/Target/usbd_conf.o
                0x080030ba                HAL_PCD_DataInStageCallback
 .text.HAL_PCD_SOFCallback
                0x080030ca        0x8 ./src/lib/cube_f103/USB_DEVICE/Target/usbd_conf.o
                0x080030ca                HAL_PCD_SOFCallback
 .text.HAL_PCD_ResetCallback
                0x080030d2       0x24 ./src/lib/cube_f103/USB_DEVICE/Target/usbd_conf.o
                0x080030d2                HAL_PCD_ResetCallback
 *fill*         0x080030f6        0x2 
 .text.HAL_PCD_SuspendCallback
                0x080030f8       0x20 ./src/lib/cube_f103/USB_DEVICE/Target/usbd_conf.o
                0x080030f8                HAL_PCD_SuspendCallback
 .text.HAL_PCD_ResumeCallback
                0x08003118        0x8 ./src/lib/cube_f103/USB_DEVICE/Target/usbd_conf.o
                0x08003118                HAL_PCD_ResumeCallback
 .text.USBD_LL_Init
                0x08003120       0x80 ./src/lib/cube_f103/USB_DEVICE/Target/usbd_conf.o
                0x08003120                USBD_LL_Init
 .text.USBD_LL_Start
                0x080031a0       0x12 ./src/lib/cube_f103/USB_DEVICE/Target/usbd_conf.o
                0x080031a0                USBD_LL_Start
 .text.USBD_LL_OpenEP
                0x080031b2       0x18 ./src/lib/cube_f103/USB_DEVICE/Target/usbd_conf.o
                0x080031b2                USBD_LL_OpenEP
 .text.USBD_LL_CloseEP
                0x080031ca       0x12 ./src/lib/cube_f103/USB_DEVICE/Target/usbd_conf.o
                0x080031ca                USBD_LL_CloseEP
 .text.USBD_LL_StallEP
                0x080031dc       0x12 ./src/lib/cube_f103/USB_DEVICE/Target/usbd_conf.o
                0x080031dc                USBD_LL_StallEP
 .text.USBD_LL_ClearStallEP
                0x080031ee       0x12 ./src/lib/cube_f103/USB_DEVICE/Target/usbd_conf.o
                0x080031ee                USBD_LL_ClearStallEP
 .text.USBD_LL_IsStallEP
                0x08003200       0x22 ./src/lib/cube_f103/USB_DEVICE/Target/usbd_conf.o
                0x08003200                USBD_LL_IsStallEP
 .text.USBD_LL_SetUSBAddress
                0x08003222       0x12 ./src/lib/cube_f103/USB_DEVICE/Target/usbd_conf.o
                0x08003222                USBD_LL_SetUSBAddress
 .text.USBD_LL_Transmit
                0x08003234       0x12 ./src/lib/cube_f103/USB_DEVICE/Target/usbd_conf.o
                0x08003234                USBD_LL_Transmit
 .text.USBD_LL_PrepareReceive
                0x08003246       0x12 ./src/lib/cube_f103/USB_DEVICE/Target/usbd_conf.o
                0x08003246                USBD_LL_PrepareReceive
 .text.USBD_LL_GetRxDataSize
                0x08003258        0x8 ./src/lib/cube_f103/USB_DEVICE/Target/usbd_conf.o
                0x08003258                USBD_LL_GetRxDataSize
 .text.USBD_static_malloc
                0x08003260        0x8 ./src/lib/cube_f103/USB_DEVICE/Target/usbd_conf.o
                0x08003260                USBD_static_malloc
 .text.USBD_static_free
                0x08003268        0x2 ./src/lib/cube_f103/USB_DEVICE/Target/usbd_conf.o
                0x08003268                USBD_static_free
 .text.HAL_PCDEx_SetConnectionState
                0x0800326a        0x2 ./src/lib/cube_f103/USB_DEVICE/Target/usbd_conf.o
                0x0800326a                HAL_PCDEx_SetConnectionState
 .text.startup.main
                0x0800326c       0x12 ./src/main.o
                0x0800326c                main
 .text.memset   0x0800327e       0x10 C:/ST/STM32CubeIDE_1.18.1/STM32CubeIDE/plugins/com.st.stm32cube.ide.mcu.externaltools.gnu-tools-for-stm32.13.3.rel1.win32_1.0.0.202411081344/tools/bin/../lib/gcc/arm-none-eabi/13.3.1/../../../../arm-none-eabi/lib/thumb/v7-m/nofp\libc_nano.a(libc_a-memset.o)
                0x0800327e                memset
 *fill*         0x0800328e        0x2 
 .text.__libc_init_array
                0x08003290       0x48 C:/ST/STM32CubeIDE_1.18.1/STM32CubeIDE/plugins/com.st.stm32cube.ide.mcu.externaltools.gnu-tools-for-stm32.13.3.rel1.win32_1.0.0.202411081344/tools/bin/../lib/gcc/arm-none-eabi/13.3.1/../../../../arm-none-eabi/lib/thumb/v7-m/nofp\libc_nano.a(libc_a-init.o)
                0x08003290                __libc_init_array
 *(.glue_7)
 .glue_7        0x080032d8        0x0 linker stubs
 *(.glue_7t)
 .glue_7t       0x080032d8        0x0 linker stubs
 *(.eh_frame)
 .eh_frame      0x080032d8        0x0 C:/ST/STM32CubeIDE_1.18.1/STM32CubeIDE/plugins/com.st.stm32cube.ide.mcu.externaltools.gnu-tools-for-stm32.13.3.rel1.win32_1.0.0.202411081344/tools/bin/../lib/gcc/arm-none-eabi/13.3.1/thumb/v7-m/nofp/crtbegin.o
 *(.init)
 .init          0x080032d8        0x4 C:/ST/STM32CubeIDE_1.18.1/STM32CubeIDE/plugins/com.st.stm32cube.ide.mcu.externaltools.gnu-tools-for-stm32.13.3.rel1.win32_1.0.0.202411081344/tools/bin/../lib/gcc/arm-none-eabi/13.3.1/thumb/v7-m/nofp/crti.o
                0x080032d8                _init
 .init          0x080032dc        0x8 C:/ST/STM32CubeIDE_1.18.1/STM32CubeIDE/plugins/com.st.stm32cube.ide.mcu.externaltools.gnu-tools-for-stm32.13.3.rel1.win32_1.0.0.202411081344/tools/bin/../lib/gcc/arm-none-eabi/13.3.1/thumb/v7-m/nofp/crtn.o
 *(.fini)
 .fini          0x080032e4        0x4 C:/ST/STM32CubeIDE_1.18.1/STM32CubeIDE/plugins/com.st.stm32cube.ide.mcu.externaltools.gnu-tools-for-stm32.13.3.rel1.win32_1.0.0.202411081344/tools/bin/../lib/gcc/arm-none-eabi/13.3.1/thumb/v7-m/nofp/crti.o
                0x080032e4                _fini
 .fini          0x080032e8        0x8 C:/ST/STM32CubeIDE_1.18.1/STM32CubeIDE/plugins/com.st.stm32cube.ide.mcu.externaltools.gnu-tools-for-stm32.13.3.rel1.win32_1.0.0.202411081344/tools/bin/../lib/gcc/arm-none-eabi/13.3.1/thumb/v7-m/nofp/crtn.o
                0x080032f0                        . = ALIGN (0x4)
                0x080032f0                        _etext = .

.vfp11_veneer   0x080032f0        0x0
 .vfp11_veneer  0x080032f0        0x0 linker stubs

.v4_bx          0x080032f0        0x0
 .v4_bx         0x080032f0        0x0 linker stubs

.iplt           0x080032f0        0x0
 .iplt          0x080032f0        0x0 C:/ST/STM32CubeIDE_1.18.1/STM32CubeIDE/plugins/com.st.stm32cube.ide.mcu.externaltools.gnu-tools-for-stm32.13.3.rel1.win32_1.0.0.202411081344/tools/bin/../lib/gcc/arm-none-eabi/13.3.1/thumb/v7-m/nofp/crtbegin.o

.rodata         0x080032f0       0x6c
                0x080032f0                        . = ALIGN (0x4)
 *(.rodata)
 *(.rodata*)
 .rodata.apMain.str1.1
                0x080032f0       0x48 ./src/ap/ap.o
                                  0x6 (size before relaxing)
 .rodata.AHBPrescTable
                0x08003338       0x10 ./src/bsp/system_stm32f1xx.o
                0x08003338                AHBPrescTable
 .rodata.aPredivFactorTable.0
                0x08003348        0x2 ./src/lib/cube_f103/Drivers/STM32F1xx_HAL_Driver/Src/stm32f1xx_hal_rcc.o
 .rodata.aPLLMULFactorTable.1
                0x0800334a       0x10 ./src/lib/cube_f103/Drivers/STM32F1xx_HAL_Driver/Src/stm32f1xx_hal_rcc.o
 .rodata.USBD_FS_ManufacturerStrDescriptor.str1.1
                0x0800335a       0x13 ./src/lib/cube_f103/USB_DEVICE/App/usbd_desc.o
 .rodata.USBD_FS_ProductStrDescriptor.str1.1
                0x0800335a       0x16 ./src/lib/cube_f103/USB_DEVICE/App/usbd_desc.o
 .rodata.USBD_FS_ConfigStrDescriptor.str1.1
                0x0800335a        0xb ./src/lib/cube_f103/USB_DEVICE/App/usbd_desc.o
 .rodata.USBD_FS_InterfaceStrDescriptor.str1.1
                0x0800335a        0xe ./src/lib/cube_f103/USB_DEVICE/App/usbd_desc.o
                0x08003370                        . = ALIGN (0x4)
 *fill*         0x0800335a        0x2 

.ARM.extab      0x0800335c        0x0
                0x0800335c                        . = ALIGN (0x4)
 *(.ARM.extab* .gnu.linkonce.armextab.*)
                0x0800335c                        . = ALIGN (0x4)

.ARM            0x0800335c        0x8
                0x0800335c                        . = ALIGN (0x4)
                0x0800335c                        __exidx_start = .
 *(.ARM.exidx*)
 .ARM.exidx     0x0800335c        0x8 C:/ST/STM32CubeIDE_1.18.1/STM32CubeIDE/plugins/com.st.stm32cube.ide.mcu.externaltools.gnu-tools-for-stm32.13.3.rel1.win32_1.0.0.202411081344/tools/bin/../lib/gcc/arm-none-eabi/13.3.1/../../../../arm-none-eabi/lib/thumb/v7-m/nofp\libc_nano.a(libc_a-strlen.o)
                0x08003364                        __exidx_end = .
                0x08003364                        . = ALIGN (0x4)

.preinit_array  0x08003364        0x0
                0x08003364                        . = ALIGN (0x4)
                0x08003364                        PROVIDE (__preinit_array_start = .)
 *(.preinit_array*)
                0x08003364                        PROVIDE (__preinit_array_end = .)
                0x08003364                        . = ALIGN (0x4)

.init_array     0x08003364        0x4
                0x08003364                        . = ALIGN (0x4)
                0x08003364                        PROVIDE (__init_array_start = .)
 *(SORT_BY_NAME(.init_array.*))
 *(.init_array*)
 .init_array    0x08003364        0x4 C:/ST/STM32CubeIDE_1.18.1/STM32CubeIDE/plugins/com.st.stm32cube.ide.mcu.externaltools.gnu-tools-for-stm32.13.3.rel1.win32_1.0.0.202411081344/tools/bin/../lib/gcc/arm-none-eabi/13.3.1/thumb/v7-m/nofp/crtbegin.o
                0x08003368                        PROVIDE (__init_array_end = .)
                0x08003368                        . = ALIGN (0x4)

.fini_array     0x08003368        0x4
                0x08003368                        . = ALIGN (0x4)
                [!provide]                        PROVIDE (__fini_array_start = .)
 *(SORT_BY_NAME(.fini_array.*))
 *(.fini_array*)
 .fini_array    0x08003368        0x4 C:/ST/STM32CubeIDE_1.18.1/STM32CubeIDE/plugins/com.st.stm32cube.ide.mcu.externaltools.gnu-tools-for-stm32.13.3.rel1.win32_1.0.0.202411081344/tools/bin/../lib/gcc/arm-none-eabi/13.3.1/thumb/v7-m/nofp/crtbegin.o
                [!provide]                        PROVIDE (__fini_array_end = .)
                0x0800336c                        . = ALIGN (0x4)
                0x0800336c                        _sidata = LOADADDR (.data)

.rel.dyn        0x0800336c        0x0
 .rel.iplt      0x0800336c        0x0 C:/ST/STM32CubeIDE_1.18.1/STM32CubeIDE/plugins/com.st.stm32cube.ide.mcu.externaltools.gnu-tools-for-stm32.13.3.rel1.win32_1.0.0.202411081344/tools/bin/../lib/gcc/arm-none-eabi/13.3.1/thumb/v7-m/nofp/crtbegin.o

.data           0x20000000      0x184 load address 0x0800336c
                0x20000000                        . = ALIGN (0x4)
                0x20000000                        _sdata = .
 *(.data)
 *(.data*)
 .data.SystemCoreClock
                0x20000000        0x4 ./src/bsp/system_stm32f1xx.o
                0x20000000                SystemCoreClock
 .data.led_tbl  0x20000004        0x8 ./src/hw/driver/led.o
                0x20000004                led_tbl
 .data.uwTickFreq
                0x2000000c        0x1 ./src/lib/cube_f103/Drivers/STM32F1xx_HAL_Driver/Src/stm32f1xx_hal.o
                0x2000000c                uwTickFreq
 *fill*         0x2000000d        0x3 
 .data.uwTickPrio
                0x20000010        0x4 ./src/lib/cube_f103/Drivers/STM32F1xx_HAL_Driver/Src/stm32f1xx_hal.o
                0x20000010                uwTickPrio
 .data.USBD_CDC_OtherSpeedCfgDesc
                0x20000014       0x43 ./src/lib/cube_f103/Middlewares/ST/STM32_USB_Device_Library/Class/CDC/Src/usbd_cdc.o
                0x20000014                USBD_CDC_OtherSpeedCfgDesc
 *fill*         0x20000057        0x1 
 .data.USBD_CDC_CfgFSDesc
                0x20000058       0x43 ./src/lib/cube_f103/Middlewares/ST/STM32_USB_Device_Library/Class/CDC/Src/usbd_cdc.o
                0x20000058                USBD_CDC_CfgFSDesc
 *fill*         0x2000009b        0x1 
 .data.USBD_CDC_CfgHSDesc
                0x2000009c       0x43 ./src/lib/cube_f103/Middlewares/ST/STM32_USB_Device_Library/Class/CDC/Src/usbd_cdc.o
                0x2000009c                USBD_CDC_CfgHSDesc
 *fill*         0x200000df        0x1 
 .data.USBD_CDC
                0x200000e0       0x38 ./src/lib/cube_f103/Middlewares/ST/STM32_USB_Device_Library/Class/CDC/Src/usbd_cdc.o
                0x200000e0                USBD_CDC
 .data.USBD_CDC_DeviceQualifierDesc
                0x20000118        0xa ./src/lib/cube_f103/Middlewares/ST/STM32_USB_Device_Library/Class/CDC/Src/usbd_cdc.o
 *fill*         0x20000122        0x2 
 .data.USBD_Interface_fops_FS
                0x20000124       0x10 ./src/lib/cube_f103/USB_DEVICE/App/usbd_cdc_if.o
                0x20000124                USBD_Interface_fops_FS
 .data.USBD_StringSerial
                0x20000134       0x1a ./src/lib/cube_f103/USB_DEVICE/App/usbd_desc.o
                0x20000134                USBD_StringSerial
 *fill*         0x2000014e        0x2 
 .data.USBD_LangIDDesc
                0x20000150        0x4 ./src/lib/cube_f103/USB_DEVICE/App/usbd_desc.o
                0x20000150                USBD_LangIDDesc
 .data.USBD_FS_DeviceDesc
                0x20000154       0x12 ./src/lib/cube_f103/USB_DEVICE/App/usbd_desc.o
                0x20000154                USBD_FS_DeviceDesc
 *fill*         0x20000166        0x2 
 .data.FS_Desc  0x20000168       0x1c ./src/lib/cube_f103/USB_DEVICE/App/usbd_desc.o
                0x20000168                FS_Desc
 *(.RamFunc)
 *(.RamFunc*)
                0x20000184                        . = ALIGN (0x4)
                0x20000184                        _edata = .

.igot.plt       0x20000184        0x0 load address 0x080034f0
 .igot.plt      0x20000184        0x0 C:/ST/STM32CubeIDE_1.18.1/STM32CubeIDE/plugins/com.st.stm32cube.ide.mcu.externaltools.gnu-tools-for-stm32.13.3.rel1.win32_1.0.0.202411081344/tools/bin/../lib/gcc/arm-none-eabi/13.3.1/thumb/v7-m/nofp/crtbegin.o
                0x20000184                        . = ALIGN (0x4)

.bss            0x20000184      0xde0 load address 0x080034f0
                0x20000184                        _sbss = .
                0x20000184                        __bss_start__ = _sbss
 *(.bss)
 .bss           0x20000184       0x1c C:/ST/STM32CubeIDE_1.18.1/STM32CubeIDE/plugins/com.st.stm32cube.ide.mcu.externaltools.gnu-tools-for-stm32.13.3.rel1.win32_1.0.0.202411081344/tools/bin/../lib/gcc/arm-none-eabi/13.3.1/thumb/v7-m/nofp/crtbegin.o
 *(.bss*)
 .bss.uwTick    0x200001a0        0x4 ./src/lib/cube_f103/Drivers/STM32F1xx_HAL_Driver/Src/stm32f1xx_hal.o
                0x200001a0                uwTick
 .bss.cfgidx.0  0x200001a4        0x1 ./src/lib/cube_f103/Middlewares/ST/STM32_USB_Device_Library/Core/Src/usbd_ctlreq.o
 *fill*         0x200001a5        0x3 
 .bss.hUsbDeviceFS
                0x200001a8      0x2c4 ./src/lib/cube_f103/USB_DEVICE/App/usb_device.o
                0x200001a8                hUsbDeviceFS
 .bss.UserTxBufferFS
                0x2000046c      0x200 ./src/lib/cube_f103/USB_DEVICE/App/usbd_cdc_if.o
                0x2000046c                UserTxBufferFS
 .bss.UserRxBufferFS
                0x2000066c      0x200 ./src/lib/cube_f103/USB_DEVICE/App/usbd_cdc_if.o
                0x2000066c                UserRxBufferFS
 .bss.USBD_StrDesc
                0x2000086c      0x200 ./src/lib/cube_f103/USB_DEVICE/App/usbd_desc.o
                0x2000086c                USBD_StrDesc
 .bss.mem.0     0x20000a6c      0x220 ./src/lib/cube_f103/USB_DEVICE/Target/usbd_conf.o
 .bss.hpcd_USB_FS
                0x20000c8c      0x2d8 ./src/lib/cube_f103/USB_DEVICE/Target/usbd_conf.o
                0x20000c8c                hpcd_USB_FS
 *(COMMON)
                0x20000f64                        . = ALIGN (0x4)
                0x20000f64                        _ebss = .
                0x20000f64                        __bss_end__ = _ebss

._user_heap_stack
                0x20000f64      0x604 load address 0x080034f0
                0x20000f68                        . = ALIGN (0x8)
 *fill*         0x20000f64        0x4 
                [!provide]                        PROVIDE (end = .)
                0x20000f68                        PROVIDE (_end = .)
                0x20001168                        . = (. + _Min_Heap_Size)
 *fill*         0x20000f68      0x200 
                0x20001568                        . = (. + _Min_Stack_Size)
 *fill*         0x20001168      0x400 
                0x20001568                        . = ALIGN (0x8)

/DISCARD/
 libc.a(*)
 libm.a(*)
 libgcc.a(*)

.ARM.attributes
                0x00000000       0x29
 *(.ARM.attributes)
 .ARM.attributes
                0x00000000       0x1d C:/ST/STM32CubeIDE_1.18.1/STM32CubeIDE/plugins/com.st.stm32cube.ide.mcu.externaltools.gnu-tools-for-stm32.13.3.rel1.win32_1.0.0.202411081344/tools/bin/../lib/gcc/arm-none-eabi/13.3.1/thumb/v7-m/nofp/crti.o
 .ARM.attributes
                0x0000001d       0x2d C:/ST/STM32CubeIDE_1.18.1/STM32CubeIDE/plugins/com.st.stm32cube.ide.mcu.externaltools.gnu-tools-for-stm32.13.3.rel1.win32_1.0.0.202411081344/tools/bin/../lib/gcc/arm-none-eabi/13.3.1/thumb/v7-m/nofp/crtbegin.o
 .ARM.attributes
                0x0000004a       0x2d ./src/ap/ap.o
 .ARM.attributes
                0x00000077       0x2d ./src/bsp/bsp.o
 .ARM.attributes
                0x000000a4       0x2d ./src/bsp/stm32f1xx_hal_msp.o
 .ARM.attributes
                0x000000d1       0x2d ./src/bsp/stm32f1xx_it.o
 .ARM.attributes
                0x000000fe       0x2d ./src/bsp/system_stm32f1xx.o
 .ARM.attributes
                0x0000012b       0x21 ./src/bsp/startup/startup_stm32f103rbtx.o
 .ARM.attributes
                0x0000014c       0x2d ./src/hw/driver/led.o
 .ARM.attributes
                0x00000179       0x2d ./src/hw/hw.o
 .ARM.attributes
                0x000001a6       0x2d ./src/lib/cube_f103/Drivers/STM32F1xx_HAL_Driver/Src/stm32f1xx_hal.o
 .ARM.attributes
                0x000001d3       0x2d ./src/lib/cube_f103/Drivers/STM32F1xx_HAL_Driver/Src/stm32f1xx_hal_cortex.o
 .ARM.attributes
                0x00000200       0x2d ./src/lib/cube_f103/Drivers/STM32F1xx_HAL_Driver/Src/stm32f1xx_hal_gpio.o
 .ARM.attributes
                0x0000022d       0x2d ./src/lib/cube_f103/Drivers/STM32F1xx_HAL_Driver/Src/stm32f1xx_hal_pcd.o
 .ARM.attributes
                0x0000025a       0x2d ./src/lib/cube_f103/Drivers/STM32F1xx_HAL_Driver/Src/stm32f1xx_hal_pcd_ex.o
 .ARM.attributes
                0x00000287       0x2d ./src/lib/cube_f103/Drivers/STM32F1xx_HAL_Driver/Src/stm32f1xx_hal_rcc.o
 .ARM.attributes
                0x000002b4       0x2d ./src/lib/cube_f103/Drivers/STM32F1xx_HAL_Driver/Src/stm32f1xx_hal_rcc_ex.o
 .ARM.attributes
                0x000002e1       0x2d ./src/lib/cube_f103/Drivers/STM32F1xx_HAL_Driver/Src/stm32f1xx_ll_usb.o
 .ARM.attributes
                0x0000030e       0x2d ./src/lib/cube_f103/Middlewares/ST/STM32_USB_Device_Library/Class/CDC/Src/usbd_cdc.o
 .ARM.attributes
                0x0000033b       0x2d ./src/lib/cube_f103/Middlewares/ST/STM32_USB_Device_Library/Core/Src/usbd_core.o
 .ARM.attributes
                0x00000368       0x2d ./src/lib/cube_f103/Middlewares/ST/STM32_USB_Device_Library/Core/Src/usbd_ctlreq.o
 .ARM.attributes
                0x00000395       0x2d ./src/lib/cube_f103/Middlewares/ST/STM32_USB_Device_Library/Core/Src/usbd_ioreq.o
 .ARM.attributes
                0x000003c2       0x2d ./src/lib/cube_f103/USB_DEVICE/App/usb_device.o
 .ARM.attributes
                0x000003ef       0x2d ./src/lib/cube_f103/USB_DEVICE/App/usbd_cdc_if.o
 .ARM.attributes
                0x0000041c       0x2d ./src/lib/cube_f103/USB_DEVICE/App/usbd_desc.o
 .ARM.attributes
                0x00000449       0x2d ./src/lib/cube_f103/USB_DEVICE/Target/usbd_conf.o
 .ARM.attributes
                0x00000476       0x2d ./src/main.o
 .ARM.attributes
                0x000004a3       0x2d C:/ST/STM32CubeIDE_1.18.1/STM32CubeIDE/plugins/com.st.stm32cube.ide.mcu.externaltools.gnu-tools-for-stm32.13.3.rel1.win32_1.0.0.202411081344/tools/bin/../lib/gcc/arm-none-eabi/13.3.1/../../../../arm-none-eabi/lib/thumb/v7-m/nofp\libc_nano.a(libc_a-memset.o)
 .ARM.attributes
                0x000004d0       0x2d C:/ST/STM32CubeIDE_1.18.1/STM32CubeIDE/plugins/com.st.stm32cube.ide.mcu.externaltools.gnu-tools-for-stm32.13.3.rel1.win32_1.0.0.202411081344/tools/bin/../lib/gcc/arm-none-eabi/13.3.1/../../../../arm-none-eabi/lib/thumb/v7-m/nofp\libc_nano.a(libc_a-init.o)
 .ARM.attributes
                0x000004fd       0x17 C:/ST/STM32CubeIDE_1.18.1/STM32CubeIDE/plugins/com.st.stm32cube.ide.mcu.externaltools.gnu-tools-for-stm32.13.3.rel1.win32_1.0.0.202411081344/tools/bin/../lib/gcc/arm-none-eabi/13.3.1/../../../../arm-none-eabi/lib/thumb/v7-m/nofp\libc_nano.a(libc_a-strlen.o)
 .ARM.attributes
                0x00000514       0x1d C:/ST/STM32CubeIDE_1.18.1/STM32CubeIDE/plugins/com.st.stm32cube.ide.mcu.externaltools.gnu-tools-for-stm32.13.3.rel1.win32_1.0.0.202411081344/tools/bin/../lib/gcc/arm-none-eabi/13.3.1/thumb/v7-m/nofp/crtn.o
OUTPUT(stm32f103_fw.elf elf32-littlearm)
LOAD linker stubs
LOAD C:/ST/STM32CubeIDE_1.18.1/STM32CubeIDE/plugins/com.st.stm32cube.ide.mcu.externaltools.gnu-tools-for-stm32.13.3.rel1.win32_1.0.0.202411081344/tools/bin/../lib/gcc/arm-none-eabi/13.3.1/../../../../arm-none-eabi/lib/thumb/v7-m/nofp\libc.a
LOAD C:/ST/STM32CubeIDE_1.18.1/STM32CubeIDE/plugins/com.st.stm32cube.ide.mcu.externaltools.gnu-tools-for-stm32.13.3.rel1.win32_1.0.0.202411081344/tools/bin/../lib/gcc/arm-none-eabi/13.3.1/../../../../arm-none-eabi/lib/thumb/v7-m/nofp\libm.a
LOAD C:/ST/STM32CubeIDE_1.18.1/STM32CubeIDE/plugins/com.st.stm32cube.ide.mcu.externaltools.gnu-tools-for-stm32.13.3.rel1.win32_1.0.0.202411081344/tools/bin/../lib/gcc/arm-none-eabi/13.3.1/thumb/v7-m/nofp\libgcc.a

.debug_info     0x00000000     0xee5b
 .debug_info    0x00000000      0x170 ./src/ap/ap.o
 .debug_info    0x00000170      0x798 ./src/bsp/bsp.o
 .debug_info    0x00000908      0x1f3 ./src/bsp/stm32f1xx_hal_msp.o
 .debug_info    0x00000afb      0x619 ./src/bsp/stm32f1xx_it.o
 .debug_info    0x00001114      0x22a ./src/bsp/system_stm32f1xx.o
 .debug_info    0x0000133e       0x30 ./src/bsp/startup/startup_stm32f103rbtx.o
 .debug_info    0x0000136e      0x489 ./src/hw/driver/led.o
 .debug_info    0x000017f7       0xbf ./src/hw/hw.o
 .debug_info    0x000018b6      0x7dc ./src/lib/cube_f103/Drivers/STM32F1xx_HAL_Driver/Src/stm32f1xx_hal.o
 .debug_info    0x00002092      0xced ./src/lib/cube_f103/Drivers/STM32F1xx_HAL_Driver/Src/stm32f1xx_hal_cortex.o
 .debug_info    0x00002d7f      0x612 ./src/lib/cube_f103/Drivers/STM32F1xx_HAL_Driver/Src/stm32f1xx_hal_gpio.o
 .debug_info    0x00003391     0x22fb ./src/lib/cube_f103/Drivers/STM32F1xx_HAL_Driver/Src/stm32f1xx_hal_pcd.o
 .debug_info    0x0000568c      0x6c8 ./src/lib/cube_f103/Drivers/STM32F1xx_HAL_Driver/Src/stm32f1xx_hal_pcd_ex.o
 .debug_info    0x00005d54      0x9fb ./src/lib/cube_f103/Drivers/STM32F1xx_HAL_Driver/Src/stm32f1xx_hal_rcc.o
 .debug_info    0x0000674f      0x420 ./src/lib/cube_f103/Drivers/STM32F1xx_HAL_Driver/Src/stm32f1xx_hal_rcc_ex.o
 .debug_info    0x00006b6f     0x1956 ./src/lib/cube_f103/Drivers/STM32F1xx_HAL_Driver/Src/stm32f1xx_ll_usb.o
 .debug_info    0x000084c5     0x12c9 ./src/lib/cube_f103/Middlewares/ST/STM32_USB_Device_Library/Class/CDC/Src/usbd_cdc.o
 .debug_info    0x0000978e      0xdc0 ./src/lib/cube_f103/Middlewares/ST/STM32_USB_Device_Library/Core/Src/usbd_core.o
 .debug_info    0x0000a54e      0xd6e ./src/lib/cube_f103/Middlewares/ST/STM32_USB_Device_Library/Core/Src/usbd_ctlreq.o
 .debug_info    0x0000b2bc      0x838 ./src/lib/cube_f103/Middlewares/ST/STM32_USB_Device_Library/Core/Src/usbd_ioreq.o
 .debug_info    0x0000baf4      0x6c3 ./src/lib/cube_f103/USB_DEVICE/App/usb_device.o
 .debug_info    0x0000c1b7      0x8ac ./src/lib/cube_f103/USB_DEVICE/App/usbd_cdc_if.o
 .debug_info    0x0000ca63      0x642 ./src/lib/cube_f103/USB_DEVICE/App/usbd_desc.o
 .debug_info    0x0000d0a5     0x1cf0 ./src/lib/cube_f103/USB_DEVICE/Target/usbd_conf.o
 .debug_info    0x0000ed95       0xc6 ./src/main.o

.debug_abbrev   0x00000000     0x3604
 .debug_abbrev  0x00000000       0xc9 ./src/ap/ap.o
 .debug_abbrev  0x000000c9      0x291 ./src/bsp/bsp.o
 .debug_abbrev  0x0000035a       0xeb ./src/bsp/stm32f1xx_hal_msp.o
 .debug_abbrev  0x00000445      0x1d5 ./src/bsp/stm32f1xx_it.o
 .debug_abbrev  0x0000061a      0x145 ./src/bsp/system_stm32f1xx.o
 .debug_abbrev  0x0000075f       0x24 ./src/bsp/startup/startup_stm32f103rbtx.o
 .debug_abbrev  0x00000783      0x256 ./src/hw/driver/led.o
 .debug_abbrev  0x000009d9       0x82 ./src/hw/hw.o
 .debug_abbrev  0x00000a5b      0x272 ./src/lib/cube_f103/Drivers/STM32F1xx_HAL_Driver/Src/stm32f1xx_hal.o
 .debug_abbrev  0x00000ccd      0x36b ./src/lib/cube_f103/Drivers/STM32F1xx_HAL_Driver/Src/stm32f1xx_hal_cortex.o
 .debug_abbrev  0x00001038      0x200 ./src/lib/cube_f103/Drivers/STM32F1xx_HAL_Driver/Src/stm32f1xx_hal_gpio.o
 .debug_abbrev  0x00001238      0x419 ./src/lib/cube_f103/Drivers/STM32F1xx_HAL_Driver/Src/stm32f1xx_hal_pcd.o
 .debug_abbrev  0x00001651      0x1d3 ./src/lib/cube_f103/Drivers/STM32F1xx_HAL_Driver/Src/stm32f1xx_hal_pcd_ex.o
 .debug_abbrev  0x00001824      0x2ff ./src/lib/cube_f103/Drivers/STM32F1xx_HAL_Driver/Src/stm32f1xx_hal_rcc.o
 .debug_abbrev  0x00001b23      0x1d8 ./src/lib/cube_f103/Drivers/STM32F1xx_HAL_Driver/Src/stm32f1xx_hal_rcc_ex.o
 .debug_abbrev  0x00001cfb      0x29c ./src/lib/cube_f103/Drivers/STM32F1xx_HAL_Driver/Src/stm32f1xx_ll_usb.o
 .debug_abbrev  0x00001f97      0x335 ./src/lib/cube_f103/Middlewares/ST/STM32_USB_Device_Library/Class/CDC/Src/usbd_cdc.o
 .debug_abbrev  0x000022cc      0x2f4 ./src/lib/cube_f103/Middlewares/ST/STM32_USB_Device_Library/Core/Src/usbd_core.o
 .debug_abbrev  0x000025c0      0x3a8 ./src/lib/cube_f103/Middlewares/ST/STM32_USB_Device_Library/Core/Src/usbd_ctlreq.o
 .debug_abbrev  0x00002968      0x1b6 ./src/lib/cube_f103/Middlewares/ST/STM32_USB_Device_Library/Core/Src/usbd_ioreq.o
 .debug_abbrev  0x00002b1e      0x1b6 ./src/lib/cube_f103/USB_DEVICE/App/usb_device.o
 .debug_abbrev  0x00002cd4      0x29f ./src/lib/cube_f103/USB_DEVICE/App/usbd_cdc_if.o
 .debug_abbrev  0x00002f73      0x2d3 ./src/lib/cube_f103/USB_DEVICE/App/usbd_desc.o
 .debug_abbrev  0x00003246      0x35a ./src/lib/cube_f103/USB_DEVICE/Target/usbd_conf.o
 .debug_abbrev  0x000035a0       0x64 ./src/main.o

.debug_aranges  0x00000000      0xa50
 .debug_aranges
                0x00000000       0x28 ./src/ap/ap.o
 .debug_aranges
                0x00000028       0x40 ./src/bsp/bsp.o
 .debug_aranges
                0x00000068       0x20 ./src/bsp/stm32f1xx_hal_msp.o
 .debug_aranges
                0x00000088       0x68 ./src/bsp/stm32f1xx_it.o
 .debug_aranges
                0x000000f0       0x28 ./src/bsp/system_stm32f1xx.o
 .debug_aranges
                0x00000118       0x28 ./src/bsp/startup/startup_stm32f103rbtx.o
 .debug_aranges
                0x00000140       0x40 ./src/hw/driver/led.o
 .debug_aranges
                0x00000180       0x20 ./src/hw/hw.o
 .debug_aranges
                0x000001a0       0xe0 ./src/lib/cube_f103/Drivers/STM32F1xx_HAL_Driver/Src/stm32f1xx_hal.o
 .debug_aranges
                0x00000280       0x90 ./src/lib/cube_f103/Drivers/STM32F1xx_HAL_Driver/Src/stm32f1xx_hal_cortex.o
 .debug_aranges
                0x00000310       0x58 ./src/lib/cube_f103/Drivers/STM32F1xx_HAL_Driver/Src/stm32f1xx_hal_gpio.o
 .debug_aranges
                0x00000368      0x128 ./src/lib/cube_f103/Drivers/STM32F1xx_HAL_Driver/Src/stm32f1xx_hal_pcd.o
 .debug_aranges
                0x00000490       0x38 ./src/lib/cube_f103/Drivers/STM32F1xx_HAL_Driver/Src/stm32f1xx_hal_pcd_ex.o
 .debug_aranges
                0x000004c8       0x88 ./src/lib/cube_f103/Drivers/STM32F1xx_HAL_Driver/Src/stm32f1xx_hal_rcc.o
 .debug_aranges
                0x00000550       0x30 ./src/lib/cube_f103/Drivers/STM32F1xx_HAL_Driver/Src/stm32f1xx_hal_rcc_ex.o
 .debug_aranges
                0x00000580       0xf8 ./src/lib/cube_f103/Drivers/STM32F1xx_HAL_Driver/Src/stm32f1xx_ll_usb.o
 .debug_aranges
                0x00000678       0x90 ./src/lib/cube_f103/Middlewares/ST/STM32_USB_Device_Library/Class/CDC/Src/usbd_cdc.o
 .debug_aranges
                0x00000708       0xb8 ./src/lib/cube_f103/Middlewares/ST/STM32_USB_Device_Library/Core/Src/usbd_core.o
 .debug_aranges
                0x000007c0       0x50 ./src/lib/cube_f103/Middlewares/ST/STM32_USB_Device_Library/Core/Src/usbd_ctlreq.o
 .debug_aranges
                0x00000810       0x50 ./src/lib/cube_f103/Middlewares/ST/STM32_USB_Device_Library/Core/Src/usbd_ioreq.o
 .debug_aranges
                0x00000860       0x20 ./src/lib/cube_f103/USB_DEVICE/App/usb_device.o
 .debug_aranges
                0x00000880       0x40 ./src/lib/cube_f103/USB_DEVICE/App/usbd_cdc_if.o
 .debug_aranges
                0x000008c0       0x58 ./src/lib/cube_f103/USB_DEVICE/App/usbd_desc.o
 .debug_aranges
                0x00000918      0x118 ./src/lib/cube_f103/USB_DEVICE/Target/usbd_conf.o
 .debug_aranges
                0x00000a30       0x20 ./src/main.o

.debug_rnglists
                0x00000000      0xc1f
 .debug_rnglists
                0x00000000       0x19 ./src/ap/ap.o
 .debug_rnglists
                0x00000019       0x4d ./src/bsp/bsp.o
 .debug_rnglists
                0x00000066       0x37 ./src/bsp/stm32f1xx_hal_msp.o
 .debug_rnglists
                0x0000009d       0x49 ./src/bsp/stm32f1xx_it.o
 .debug_rnglists
                0x000000e6       0x19 ./src/bsp/system_stm32f1xx.o
 .debug_rnglists
                0x000000ff       0x19 ./src/bsp/startup/startup_stm32f103rbtx.o
 .debug_rnglists
                0x00000118       0x52 ./src/hw/driver/led.o
 .debug_rnglists
                0x0000016a       0x13 ./src/hw/hw.o
 .debug_rnglists
                0x0000017d       0xa3 ./src/lib/cube_f103/Drivers/STM32F1xx_HAL_Driver/Src/stm32f1xx_hal.o
 .debug_rnglists
                0x00000220       0xd3 ./src/lib/cube_f103/Drivers/STM32F1xx_HAL_Driver/Src/stm32f1xx_hal_cortex.o
 .debug_rnglists
                0x000002f3       0x51 ./src/lib/cube_f103/Drivers/STM32F1xx_HAL_Driver/Src/stm32f1xx_hal_gpio.o
 .debug_rnglists
                0x00000344      0x1d1 ./src/lib/cube_f103/Drivers/STM32F1xx_HAL_Driver/Src/stm32f1xx_hal_pcd.o
 .debug_rnglists
                0x00000515       0x25 ./src/lib/cube_f103/Drivers/STM32F1xx_HAL_Driver/Src/stm32f1xx_hal_pcd_ex.o
 .debug_rnglists
                0x0000053a       0x85 ./src/lib/cube_f103/Drivers/STM32F1xx_HAL_Driver/Src/stm32f1xx_hal_rcc.o
 .debug_rnglists
                0x000005bf       0x3f ./src/lib/cube_f103/Drivers/STM32F1xx_HAL_Driver/Src/stm32f1xx_hal_rcc_ex.o
 .debug_rnglists
                0x000005fe      0x2ee ./src/lib/cube_f103/Drivers/STM32F1xx_HAL_Driver/Src/stm32f1xx_ll_usb.o
 .debug_rnglists
                0x000008ec       0x69 ./src/lib/cube_f103/Middlewares/ST/STM32_USB_Device_Library/Class/CDC/Src/usbd_cdc.o
 .debug_rnglists
                0x00000955       0x86 ./src/lib/cube_f103/Middlewares/ST/STM32_USB_Device_Library/Core/Src/usbd_core.o
 .debug_rnglists
                0x000009db       0x7b ./src/lib/cube_f103/Middlewares/ST/STM32_USB_Device_Library/Core/Src/usbd_ctlreq.o
 .debug_rnglists
                0x00000a56       0x37 ./src/lib/cube_f103/Middlewares/ST/STM32_USB_Device_Library/Core/Src/usbd_ioreq.o
 .debug_rnglists
                0x00000a8d       0x13 ./src/lib/cube_f103/USB_DEVICE/App/usb_device.o
 .debug_rnglists
                0x00000aa0       0x2b ./src/lib/cube_f103/USB_DEVICE/App/usbd_cdc_if.o
 .debug_rnglists
                0x00000acb       0x61 ./src/lib/cube_f103/USB_DEVICE/App/usbd_desc.o
 .debug_rnglists
                0x00000b2c       0xe0 ./src/lib/cube_f103/USB_DEVICE/Target/usbd_conf.o
 .debug_rnglists
                0x00000c0c       0x13 ./src/main.o

.debug_macro    0x00000000    0x19feb
 .debug_macro   0x00000000      0x2ce ./src/ap/ap.o
 .debug_macro   0x000002ce      0xac6 ./src/ap/ap.o
 .debug_macro   0x00000d94       0x22 ./src/ap/ap.o
 .debug_macro   0x00000db6       0x5b ./src/ap/ap.o
 .debug_macro   0x00000e11       0x24 ./src/ap/ap.o
 .debug_macro   0x00000e35       0x94 ./src/ap/ap.o
 .debug_macro   0x00000ec9       0x43 ./src/ap/ap.o
 .debug_macro   0x00000f0c       0x34 ./src/ap/ap.o
 .debug_macro   0x00000f40       0x16 ./src/ap/ap.o
 .debug_macro   0x00000f56       0x57 ./src/ap/ap.o
 .debug_macro   0x00000fad       0x9e ./src/ap/ap.o
 .debug_macro   0x0000104b      0x370 ./src/ap/ap.o
 .debug_macro   0x000013bb      0x112 ./src/ap/ap.o
 .debug_macro   0x000014cd       0x10 ./src/ap/ap.o
 .debug_macro   0x000014dd       0x16 ./src/ap/ap.o
 .debug_macro   0x000014f3       0x4a ./src/ap/ap.o
 .debug_macro   0x0000153d       0x34 ./src/ap/ap.o
 .debug_macro   0x00001571       0x10 ./src/ap/ap.o
 .debug_macro   0x00001581       0x58 ./src/ap/ap.o
 .debug_macro   0x000015d9       0x8e ./src/ap/ap.o
 .debug_macro   0x00001667       0x1c ./src/ap/ap.o
 .debug_macro   0x00001683      0x185 ./src/ap/ap.o
 .debug_macro   0x00001808       0x16 ./src/ap/ap.o
 .debug_macro   0x0000181e       0x16 ./src/ap/ap.o
 .debug_macro   0x00001834      0x146 ./src/ap/ap.o
 .debug_macro   0x0000197a      0x103 ./src/ap/ap.o
 .debug_macro   0x00001a7d       0x6a ./src/ap/ap.o
 .debug_macro   0x00001ae7      0x1df ./src/ap/ap.o
 .debug_macro   0x00001cc6       0x22 ./src/ap/ap.o
 .debug_macro   0x00001ce8       0x1c ./src/ap/ap.o
 .debug_macro   0x00001d04      0x215 ./src/ap/ap.o
 .debug_macro   0x00001f19       0x2e ./src/ap/ap.o
 .debug_macro   0x00001f47       0x22 ./src/ap/ap.o
 .debug_macro   0x00001f69       0x1c ./src/ap/ap.o
 .debug_macro   0x00001f85       0x22 ./src/ap/ap.o
 .debug_macro   0x00001fa7       0xbd ./src/ap/ap.o
 .debug_macro   0x00002064      0xd23 ./src/ap/ap.o
 .debug_macro   0x00002d87     0xe09e ./src/ap/ap.o
 .debug_macro   0x00010e25       0x6d ./src/ap/ap.o
 .debug_macro   0x00010e92     0x34a2 ./src/ap/ap.o
 .debug_macro   0x00014334       0x56 ./src/ap/ap.o
 .debug_macro   0x0001438a      0x5bc ./src/ap/ap.o
 .debug_macro   0x00014946      0x289 ./src/ap/ap.o
 .debug_macro   0x00014bcf      0x1cb ./src/ap/ap.o
 .debug_macro   0x00014d9a      0x114 ./src/ap/ap.o
 .debug_macro   0x00014eae      0x1b2 ./src/ap/ap.o
 .debug_macro   0x00015060       0x27 ./src/ap/ap.o
 .debug_macro   0x00015087      0x136 ./src/ap/ap.o
 .debug_macro   0x000151bd      0x1bc ./src/ap/ap.o
 .debug_macro   0x00015379       0x34 ./src/ap/ap.o
 .debug_macro   0x000153ad       0x3c ./src/ap/ap.o
 .debug_macro   0x000153e9       0x57 ./src/ap/ap.o
 .debug_macro   0x00015440       0x87 ./src/ap/ap.o
 .debug_macro   0x000154c7      0x240 ./src/ap/ap.o
 .debug_macro   0x00015707      0x140 ./src/ap/ap.o
 .debug_macro   0x00015847       0xb7 ./src/ap/ap.o
 .debug_macro   0x000158fe      0x242 ./src/ap/ap.o
 .debug_macro   0x00015b40       0x83 ./src/ap/ap.o
 .debug_macro   0x00015bc3       0x10 ./src/ap/ap.o
 .debug_macro   0x00015bd3      0x368 ./src/bsp/bsp.o
 .debug_macro   0x00015f3b       0x16 ./src/bsp/bsp.o
 .debug_macro   0x00015f51       0x3c ./src/bsp/bsp.o
 .debug_macro   0x00015f8d       0x16 ./src/bsp/bsp.o
 .debug_macro   0x00015fa3       0x29 ./src/bsp/bsp.o
 .debug_macro   0x00015fcc       0x16 ./src/bsp/bsp.o
 .debug_macro   0x00015fe2       0x20 ./src/bsp/bsp.o
 .debug_macro   0x00016002       0x5f ./src/bsp/bsp.o
 .debug_macro   0x00016061      0x1c8 ./src/bsp/bsp.o
 .debug_macro   0x00016229      0x2d8 ./src/bsp/stm32f1xx_hal_msp.o
 .debug_macro   0x00016501      0x2e2 ./src/bsp/stm32f1xx_it.o
 .debug_macro   0x000167e3       0xc8 ./src/bsp/system_stm32f1xx.o
 .debug_macro   0x000168ab       0x8e ./src/bsp/system_stm32f1xx.o
 .debug_macro   0x00016939       0x51 ./src/bsp/system_stm32f1xx.o
 .debug_macro   0x0001698a      0x2b6 ./src/hw/driver/led.o
 .debug_macro   0x00016c40      0x2c4 ./src/hw/hw.o
 .debug_macro   0x00016f04      0x1c7 ./src/lib/cube_f103/Drivers/STM32F1xx_HAL_Driver/Src/stm32f1xx_hal.o
 .debug_macro   0x000170cb       0x5c ./src/lib/cube_f103/Drivers/STM32F1xx_HAL_Driver/Src/stm32f1xx_hal.o
 .debug_macro   0x00017127      0x1a3 ./src/lib/cube_f103/Drivers/STM32F1xx_HAL_Driver/Src/stm32f1xx_hal_cortex.o
 .debug_macro   0x000172ca      0x20e ./src/lib/cube_f103/Drivers/STM32F1xx_HAL_Driver/Src/stm32f1xx_hal_gpio.o
 .debug_macro   0x000174d8      0x1af ./src/lib/cube_f103/Drivers/STM32F1xx_HAL_Driver/Src/stm32f1xx_hal_pcd.o
 .debug_macro   0x00017687      0x1a3 ./src/lib/cube_f103/Drivers/STM32F1xx_HAL_Driver/Src/stm32f1xx_hal_pcd_ex.o
 .debug_macro   0x0001782a      0x1b5 ./src/lib/cube_f103/Drivers/STM32F1xx_HAL_Driver/Src/stm32f1xx_hal_rcc.o
 .debug_macro   0x000179df      0x1a3 ./src/lib/cube_f103/Drivers/STM32F1xx_HAL_Driver/Src/stm32f1xx_hal_rcc_ex.o
 .debug_macro   0x00017b82      0x1a3 ./src/lib/cube_f103/Drivers/STM32F1xx_HAL_Driver/Src/stm32f1xx_ll_usb.o
 .debug_macro   0x00017d25      0x395 ./src/lib/cube_f103/Middlewares/ST/STM32_USB_Device_Library/Class/CDC/Src/usbd_cdc.o
 .debug_macro   0x000180ba       0x8f ./src/lib/cube_f103/Middlewares/ST/STM32_USB_Device_Library/Class/CDC/Src/usbd_cdc.o
 .debug_macro   0x00018149      0x37c ./src/lib/cube_f103/Middlewares/ST/STM32_USB_Device_Library/Core/Src/usbd_core.o
 .debug_macro   0x000184c5      0x1ce ./src/lib/cube_f103/Middlewares/ST/STM32_USB_Device_Library/Core/Src/usbd_core.o
 .debug_macro   0x00018693      0x386 ./src/lib/cube_f103/Middlewares/ST/STM32_USB_Device_Library/Core/Src/usbd_ctlreq.o
 .debug_macro   0x00018a19      0x382 ./src/lib/cube_f103/Middlewares/ST/STM32_USB_Device_Library/Core/Src/usbd_ioreq.o
 .debug_macro   0x00018d9b      0x3bb ./src/lib/cube_f103/USB_DEVICE/App/usb_device.o
 .debug_macro   0x00019156       0x61 ./src/lib/cube_f103/USB_DEVICE/App/usb_device.o
 .debug_macro   0x000191b7       0x22 ./src/lib/cube_f103/USB_DEVICE/App/usb_device.o
 .debug_macro   0x000191d9       0x16 ./src/lib/cube_f103/USB_DEVICE/App/usb_device.o
 .debug_macro   0x000191ef      0x3a0 ./src/lib/cube_f103/USB_DEVICE/App/usbd_cdc_if.o
 .debug_macro   0x0001958f       0x10 ./src/lib/cube_f103/USB_DEVICE/App/usbd_cdc_if.o
 .debug_macro   0x0001959f      0x3b9 ./src/lib/cube_f103/USB_DEVICE/App/usbd_desc.o
 .debug_macro   0x00019958       0x1c ./src/lib/cube_f103/USB_DEVICE/App/usbd_desc.o
 .debug_macro   0x00019974      0x39f ./src/lib/cube_f103/USB_DEVICE/Target/usbd_conf.o
 .debug_macro   0x00019d13      0x2d8 ./src/main.o

.debug_line     0x00000000    0x14e83
 .debug_line    0x00000000      0xa13 ./src/ap/ap.o
 .debug_line    0x00000a13      0xdb4 ./src/bsp/bsp.o
 .debug_line    0x000017c7      0xa78 ./src/bsp/stm32f1xx_hal_msp.o
 .debug_line    0x0000223f      0xb2c ./src/bsp/stm32f1xx_it.o
 .debug_line    0x00002d6b      0x5cb ./src/bsp/system_stm32f1xx.o
 .debug_line    0x00003336       0x78 ./src/bsp/startup/startup_stm32f103rbtx.o
 .debug_line    0x000033ae      0xad2 ./src/hw/driver/led.o
 .debug_line    0x00003e80      0x9fc ./src/hw/hw.o
 .debug_line    0x0000487c      0xb2e ./src/lib/cube_f103/Drivers/STM32F1xx_HAL_Driver/Src/stm32f1xx_hal.o
 .debug_line    0x000053aa      0xcdd ./src/lib/cube_f103/Drivers/STM32F1xx_HAL_Driver/Src/stm32f1xx_hal_cortex.o
 .debug_line    0x00006087      0xbae ./src/lib/cube_f103/Drivers/STM32F1xx_HAL_Driver/Src/stm32f1xx_hal_gpio.o
 .debug_line    0x00006c35     0x1dd2 ./src/lib/cube_f103/Drivers/STM32F1xx_HAL_Driver/Src/stm32f1xx_hal_pcd.o
 .debug_line    0x00008a07      0x897 ./src/lib/cube_f103/Drivers/STM32F1xx_HAL_Driver/Src/stm32f1xx_hal_pcd_ex.o
 .debug_line    0x0000929e     0x1266 ./src/lib/cube_f103/Drivers/STM32F1xx_HAL_Driver/Src/stm32f1xx_hal_rcc.o
 .debug_line    0x0000a504      0xaba ./src/lib/cube_f103/Drivers/STM32F1xx_HAL_Driver/Src/stm32f1xx_hal_rcc_ex.o
 .debug_line    0x0000afbe     0x1bed ./src/lib/cube_f103/Drivers/STM32F1xx_HAL_Driver/Src/stm32f1xx_ll_usb.o
 .debug_line    0x0000cbab     0x1111 ./src/lib/cube_f103/Middlewares/ST/STM32_USB_Device_Library/Class/CDC/Src/usbd_cdc.o
 .debug_line    0x0000dcbc     0x10cc ./src/lib/cube_f103/Middlewares/ST/STM32_USB_Device_Library/Core/Src/usbd_core.o
 .debug_line    0x0000ed88     0x1204 ./src/lib/cube_f103/Middlewares/ST/STM32_USB_Device_Library/Core/Src/usbd_ctlreq.o
 .debug_line    0x0000ff8c      0xcd3 ./src/lib/cube_f103/Middlewares/ST/STM32_USB_Device_Library/Core/Src/usbd_ioreq.o
 .debug_line    0x00010c5f      0xcb5 ./src/lib/cube_f103/USB_DEVICE/App/usb_device.o
 .debug_line    0x00011914      0xcfa ./src/lib/cube_f103/USB_DEVICE/App/usbd_cdc_if.o
 .debug_line    0x0001260e      0xd98 ./src/lib/cube_f103/USB_DEVICE/App/usbd_desc.o
 .debug_line    0x000133a6     0x10b3 ./src/lib/cube_f103/USB_DEVICE/Target/usbd_conf.o
 .debug_line    0x00014459      0xa2a ./src/main.o

.debug_str      0x00000000    0x849f5
 .debug_str     0x00000000    0x849f5 ./src/ap/ap.o
                              0x81010 (size before relaxing)
 .debug_str     0x000849f5    0x81e3c ./src/bsp/bsp.o
 .debug_str     0x000849f5    0x81059 ./src/bsp/stm32f1xx_hal_msp.o
 .debug_str     0x000849f5    0x81438 ./src/bsp/stm32f1xx_it.o
 .debug_str     0x000849f5    0x5474c ./src/bsp/system_stm32f1xx.o
 .debug_str     0x000849f5       0x70 ./src/bsp/startup/startup_stm32f103rbtx.o
 .debug_str     0x000849f5    0x81108 ./src/hw/driver/led.o
 .debug_str     0x000849f5    0x80fb7 ./src/hw/hw.o
 .debug_str     0x000849f5    0x7df22 ./src/lib/cube_f103/Drivers/STM32F1xx_HAL_Driver/Src/stm32f1xx_hal.o
 .debug_str     0x000849f5    0x7de6e ./src/lib/cube_f103/Drivers/STM32F1xx_HAL_Driver/Src/stm32f1xx_hal_cortex.o
 .debug_str     0x000849f5    0x7db75 ./src/lib/cube_f103/Drivers/STM32F1xx_HAL_Driver/Src/stm32f1xx_hal_gpio.o
 .debug_str     0x000849f5    0x7e10c ./src/lib/cube_f103/Drivers/STM32F1xx_HAL_Driver/Src/stm32f1xx_hal_pcd.o
 .debug_str     0x000849f5    0x7dc6e ./src/lib/cube_f103/Drivers/STM32F1xx_HAL_Driver/Src/stm32f1xx_hal_pcd_ex.o
 .debug_str     0x000849f5    0x7dc1e ./src/lib/cube_f103/Drivers/STM32F1xx_HAL_Driver/Src/stm32f1xx_hal_rcc.o
 .debug_str     0x000849f5    0x7d96e ./src/lib/cube_f103/Drivers/STM32F1xx_HAL_Driver/Src/stm32f1xx_hal_rcc_ex.o
 .debug_str     0x000849f5    0x7dcc0 ./src/lib/cube_f103/Drivers/STM32F1xx_HAL_Driver/Src/stm32f1xx_ll_usb.o
 .debug_str     0x000849f5    0x82879 ./src/lib/cube_f103/Middlewares/ST/STM32_USB_Device_Library/Class/CDC/Src/usbd_cdc.o
 .debug_str     0x000849f5    0x821a9 ./src/lib/cube_f103/Middlewares/ST/STM32_USB_Device_Library/Core/Src/usbd_core.o
 .debug_str     0x000849f5    0x820db ./src/lib/cube_f103/Middlewares/ST/STM32_USB_Device_Library/Core/Src/usbd_ctlreq.o
 .debug_str     0x000849f5    0x81ff0 ./src/lib/cube_f103/Middlewares/ST/STM32_USB_Device_Library/Core/Src/usbd_ioreq.o
 .debug_str     0x000849f5    0x82379 ./src/lib/cube_f103/USB_DEVICE/App/usb_device.o
 .debug_str     0x000849f5    0x8239f ./src/lib/cube_f103/USB_DEVICE/App/usbd_cdc_if.o
 .debug_str     0x000849f5    0x81f2c ./src/lib/cube_f103/USB_DEVICE/App/usbd_desc.o
 .debug_str     0x000849f5    0x82e06 ./src/lib/cube_f103/USB_DEVICE/Target/usbd_conf.o
 .debug_str     0x000849f5    0x80fce ./src/main.o

.comment        0x00000000       0x43
 .comment       0x00000000       0x43 ./src/ap/ap.o
                                 0x44 (size before relaxing)
 .comment       0x00000043       0x44 ./src/bsp/bsp.o
 .comment       0x00000043       0x44 ./src/bsp/stm32f1xx_hal_msp.o
 .comment       0x00000043       0x44 ./src/bsp/stm32f1xx_it.o
 .comment       0x00000043       0x44 ./src/bsp/system_stm32f1xx.o
 .comment       0x00000043       0x44 ./src/hw/driver/led.o
 .comment       0x00000043       0x44 ./src/hw/hw.o
 .comment       0x00000043       0x44 ./src/lib/cube_f103/Drivers/STM32F1xx_HAL_Driver/Src/stm32f1xx_hal.o
 .comment       0x00000043       0x44 ./src/lib/cube_f103/Drivers/STM32F1xx_HAL_Driver/Src/stm32f1xx_hal_cortex.o
 .comment       0x00000043       0x44 ./src/lib/cube_f103/Drivers/STM32F1xx_HAL_Driver/Src/stm32f1xx_hal_gpio.o
 .comment       0x00000043       0x44 ./src/lib/cube_f103/Drivers/STM32F1xx_HAL_Driver/Src/stm32f1xx_hal_pcd.o
 .comment       0x00000043       0x44 ./src/lib/cube_f103/Drivers/STM32F1xx_HAL_Driver/Src/stm32f1xx_hal_pcd_ex.o
 .comment       0x00000043       0x44 ./src/lib/cube_f103/Drivers/STM32F1xx_HAL_Driver/Src/stm32f1xx_hal_rcc.o
 .comment       0x00000043       0x44 ./src/lib/cube_f103/Drivers/STM32F1xx_HAL_Driver/Src/stm32f1xx_hal_rcc_ex.o
 .comment       0x00000043       0x44 ./src/lib/cube_f103/Drivers/STM32F1xx_HAL_Driver/Src/stm32f1xx_ll_usb.o
 .comment       0x00000043       0x44 ./src/lib/cube_f103/Middlewares/ST/STM32_USB_Device_Library/Class/CDC/Src/usbd_cdc.o
 .comment       0x00000043       0x44 ./src/lib/cube_f103/Middlewares/ST/STM32_USB_Device_Library/Core/Src/usbd_core.o
 .comment       0x00000043       0x44 ./src/lib/cube_f103/Middlewares/ST/STM32_USB_Device_Library/Core/Src/usbd_ctlreq.o
 .comment       0x00000043       0x44 ./src/lib/cube_f103/Middlewares/ST/STM32_USB_Device_Library/Core/Src/usbd_ioreq.o
 .comment       0x00000043       0x44 ./src/lib/cube_f103/USB_DEVICE/App/usb_device.o
 .comment       0x00000043       0x44 ./src/lib/cube_f103/USB_DEVICE/App/usbd_cdc_if.o
 .comment       0x00000043       0x44 ./src/lib/cube_f103/USB_DEVICE/App/usbd_desc.o
 .comment       0x00000043       0x44 ./src/lib/cube_f103/USB_DEVICE/Target/usbd_conf.o
 .comment       0x00000043       0x44 ./src/main.o

.debug_frame    0x00000000     0x167c
 .debug_frame   0x00000000       0x38 ./src/ap/ap.o
 .debug_frame   0x00000038       0x84 ./src/bsp/bsp.o
 .debug_frame   0x000000bc       0x28 ./src/bsp/stm32f1xx_hal_msp.o
 .debug_frame   0x000000e4       0xb0 ./src/bsp/stm32f1xx_it.o
 .debug_frame   0x00000194       0x30 ./src/bsp/system_stm32f1xx.o
 .debug_frame   0x000001c4       0x70 ./src/hw/driver/led.o
 .debug_frame   0x00000234       0x2c ./src/hw/hw.o
 .debug_frame   0x00000260      0x1d4 ./src/lib/cube_f103/Drivers/STM32F1xx_HAL_Driver/Src/stm32f1xx_hal.o
 .debug_frame   0x00000434      0x120 ./src/lib/cube_f103/Drivers/STM32F1xx_HAL_Driver/Src/stm32f1xx_hal_cortex.o
 .debug_frame   0x00000554       0xd8 ./src/lib/cube_f103/Drivers/STM32F1xx_HAL_Driver/Src/stm32f1xx_hal_gpio.o
 .debug_frame   0x0000062c      0x2f8 ./src/lib/cube_f103/Drivers/STM32F1xx_HAL_Driver/Src/stm32f1xx_hal_pcd.o
 .debug_frame   0x00000924       0x58 ./src/lib/cube_f103/Drivers/STM32F1xx_HAL_Driver/Src/stm32f1xx_hal_pcd_ex.o
 .debug_frame   0x0000097c      0x13c ./src/lib/cube_f103/Drivers/STM32F1xx_HAL_Driver/Src/stm32f1xx_hal_rcc.o
 .debug_frame   0x00000ab8       0x60 ./src/lib/cube_f103/Drivers/STM32F1xx_HAL_Driver/Src/stm32f1xx_hal_rcc_ex.o
 .debug_frame   0x00000b18      0x218 ./src/lib/cube_f103/Drivers/STM32F1xx_HAL_Driver/Src/stm32f1xx_ll_usb.o
 .debug_frame   0x00000d30      0x160 ./src/lib/cube_f103/Middlewares/ST/STM32_USB_Device_Library/Class/CDC/Src/usbd_cdc.o
 .debug_frame   0x00000e90      0x1c4 ./src/lib/cube_f103/Middlewares/ST/STM32_USB_Device_Library/Core/Src/usbd_core.o
 .debug_frame   0x00001054       0xcc ./src/lib/cube_f103/Middlewares/ST/STM32_USB_Device_Library/Core/Src/usbd_ctlreq.o
 .debug_frame   0x00001120       0xb0 ./src/lib/cube_f103/Middlewares/ST/STM32_USB_Device_Library/Core/Src/usbd_ioreq.o
 .debug_frame   0x000011d0       0x30 ./src/lib/cube_f103/USB_DEVICE/App/usb_device.o
 .debug_frame   0x00001200       0x80 ./src/lib/cube_f103/USB_DEVICE/App/usbd_cdc_if.o
 .debug_frame   0x00001280       0xc4 ./src/lib/cube_f103/USB_DEVICE/App/usbd_desc.o
 .debug_frame   0x00001344      0x2c4 ./src/lib/cube_f103/USB_DEVICE/Target/usbd_conf.o
 .debug_frame   0x00001608       0x28 ./src/main.o
 .debug_frame   0x00001630       0x20 C:/ST/STM32CubeIDE_1.18.1/STM32CubeIDE/plugins/com.st.stm32cube.ide.mcu.externaltools.gnu-tools-for-stm32.13.3.rel1.win32_1.0.0.202411081344/tools/bin/../lib/gcc/arm-none-eabi/13.3.1/../../../../arm-none-eabi/lib/thumb/v7-m/nofp\libc_nano.a(libc_a-memset.o)
 .debug_frame   0x00001650       0x2c C:/ST/STM32CubeIDE_1.18.1/STM32CubeIDE/plugins/com.st.stm32cube.ide.mcu.externaltools.gnu-tools-for-stm32.13.3.rel1.win32_1.0.0.202411081344/tools/bin/../lib/gcc/arm-none-eabi/13.3.1/../../../../arm-none-eabi/lib/thumb/v7-m/nofp\libc_nano.a(libc_a-init.o)

.debug_loclists
                0x00000000     0x5605
 .debug_loclists
                0x00000000       0x37 ./src/bsp/bsp.o
 .debug_loclists
                0x00000037       0x17 ./src/bsp/stm32f1xx_hal_msp.o
 .debug_loclists
                0x0000004e       0xac ./src/bsp/system_stm32f1xx.o
 .debug_loclists
                0x000000fa       0xaa ./src/hw/driver/led.o
 .debug_loclists
                0x000001a4       0xd5 ./src/lib/cube_f103/Drivers/STM32F1xx_HAL_Driver/Src/stm32f1xx_hal.o
 .debug_loclists
                0x00000279      0x3cb ./src/lib/cube_f103/Drivers/STM32F1xx_HAL_Driver/Src/stm32f1xx_hal_cortex.o
 .debug_loclists
                0x00000644      0x2e9 ./src/lib/cube_f103/Drivers/STM32F1xx_HAL_Driver/Src/stm32f1xx_hal_gpio.o
 .debug_loclists
                0x0000092d     0x127c ./src/lib/cube_f103/Drivers/STM32F1xx_HAL_Driver/Src/stm32f1xx_hal_pcd.o
 .debug_loclists
                0x00001ba9      0x484 ./src/lib/cube_f103/Drivers/STM32F1xx_HAL_Driver/Src/stm32f1xx_hal_pcd_ex.o
 .debug_loclists
                0x0000202d      0x41d ./src/lib/cube_f103/Drivers/STM32F1xx_HAL_Driver/Src/stm32f1xx_hal_rcc.o
 .debug_loclists
                0x0000244a      0x270 ./src/lib/cube_f103/Drivers/STM32F1xx_HAL_Driver/Src/stm32f1xx_hal_rcc_ex.o
 .debug_loclists
                0x000026ba     0x11c4 ./src/lib/cube_f103/Drivers/STM32F1xx_HAL_Driver/Src/stm32f1xx_ll_usb.o
 .debug_loclists
                0x0000387e      0x4a7 ./src/lib/cube_f103/Middlewares/ST/STM32_USB_Device_Library/Class/CDC/Src/usbd_cdc.o
 .debug_loclists
                0x00003d25      0x576 ./src/lib/cube_f103/Middlewares/ST/STM32_USB_Device_Library/Core/Src/usbd_core.o
 .debug_loclists
                0x0000429b      0x6cd ./src/lib/cube_f103/Middlewares/ST/STM32_USB_Device_Library/Core/Src/usbd_ctlreq.o
 .debug_loclists
                0x00004968      0x214 ./src/lib/cube_f103/Middlewares/ST/STM32_USB_Device_Library/Core/Src/usbd_ioreq.o
 .debug_loclists
                0x00004b7c       0xef ./src/lib/cube_f103/USB_DEVICE/App/usbd_cdc_if.o
 .debug_loclists
                0x00004c6b      0x284 ./src/lib/cube_f103/USB_DEVICE/App/usbd_desc.o
 .debug_loclists
                0x00004eef      0x716 ./src/lib/cube_f103/USB_DEVICE/Target/usbd_conf.o

.debug_line_str
                0x00000000       0x54
 .debug_line_str
                0x00000000       0x54 ./src/bsp/startup/startup_stm32f103rbtx.o
