../src/bsp/stm32f1xx_it.c:71:6:NMI_Handler	0	static
../src/bsp/stm32f1xx_it.c:86:6:HardFault_Handler	0	static
../src/bsp/stm32f1xx_it.c:101:6:MemManage_Handler	0	static
../src/bsp/stm32f1xx_it.c:116:6:BusFault_Handler	0	static
../src/bsp/stm32f1xx_it.c:131:6:UsageFault_Handler	0	static
../src/bsp/stm32f1xx_it.c:161:6:DebugMon_Handler	0	static
../src/bsp/stm32f1xx_it.c:189:6:SysTick_Handler	8	static
../src/bsp/stm32f1xx_it.c:210:6:DMA1_Channel5_IRQHandler	0	static
../src/bsp/stm32f1xx_it.c:224:6:USB_LP_CAN1_RX0_IRQHandler	0	static
../src/bsp/stm32f1xx_it.c:238:6:USART1_IRQHandler	0	static
