../src/lib/cube_f103/USB_DEVICE/App/usbd_cdc_if.c:41:10:cdcAvailable	16	static
../src/lib/cube_f103/USB_DEVICE/App/usbd_cdc_if.c:51:9:cdcRead	16	static
../src/lib/cube_f103/USB_DEVICE/App/usbd_cdc_if.c:65:6:cdcDataIn	24	static
../src/lib/cube_f103/USB_DEVICE/App/usbd_cdc_if.c:79:10:cdcWrite	24	static
../src/lib/cube_f103/USB_DEVICE/App/usbd_cdc_if.c:106:10:cdcGetBaud	4	static
../src/lib/cube_f103/USB_DEVICE/App/usbd_cdc_if.c:236:15:CDC_Init_FS	8	static
../src/lib/cube_f103/USB_DEVICE/App/usbd_cdc_if.c:250:15:CDC_DeInit_FS	4	static
../src/lib/cube_f103/USB_DEVICE/App/usbd_cdc_if.c:264:15:CDC_Control_FS	16	static
../src/lib/cube_f103/USB_DEVICE/App/usbd_cdc_if.c:357:15:CDC_Receive_FS	24	static
../src/lib/cube_f103/USB_DEVICE/App/usbd_cdc_if.c:389:9:CDC_Transmit_FS	24	static
