../src/lib/cube_f103/USB_DEVICE/App/usbd_cdc_if.c:33:10:cdcAvailable	16	static
../src/lib/cube_f103/USB_DEVICE/App/usbd_cdc_if.c:43:9:cdcRead	16	static
../src/lib/cube_f103/USB_DEVICE/App/usbd_cdc_if.c:57:6:cdcDataIn	24	static
../src/lib/cube_f103/USB_DEVICE/App/usbd_cdc_if.c:71:10:cdcWrite	24	static
../src/lib/cube_f103/USB_DEVICE/App/usbd_cdc_if.c:225:15:CDC_Init_FS	8	static
../src/lib/cube_f103/USB_DEVICE/App/usbd_cdc_if.c:239:15:CDC_DeInit_FS	4	static
../src/lib/cube_f103/USB_DEVICE/App/usbd_cdc_if.c:253:15:CDC_Control_FS	16	static
../src/lib/cube_f103/USB_DEVICE/App/usbd_cdc_if.c:334:15:CDC_Receive_FS	24	static
../src/lib/cube_f103/USB_DEVICE/App/usbd_cdc_if.c:366:9:CDC_Transmit_FS	24	static
