19:21:01 **** Incremental Build of configuration Debug for project stm32f103_boot ****
make -j12 all 
arm-none-eabi-gcc "../src/hw/driver/reset.c" -mcpu=cortex-m3 -std=gnu11 -g3 -DSTM32F103xB -c -I"C:/repos/arm/exam_arm2/stm32f103_boot/src" -I"C:/repos/arm/exam_arm2/stm32f103_boot/src/common/core" -I"C:/repos/arm/exam_arm2/stm32f103_boot/src/common/hw/include" -I"C:/repos/arm/exam_arm2/stm32f103_boot/src/bsp" -I"C:/repos/arm/exam_arm2/stm32f103_boot/src/common" -I"C:/repos/arm/exam_arm2/stm32f103_boot/src/hw" -I"C:/repos/arm/exam_arm2/stm32f103_boot/src/lib" -I"C:/repos/arm/exam_arm2/stm32f103_boot/src/ap" -I"C:/repos/arm/exam_arm2/stm32f103_boot/src/lib/cube_f103/Drivers/CMSIS/Device/ST/STM32F1xx/Include" -I"C:/repos/arm/exam_arm2/stm32f103_boot/src/lib/cube_f103/Drivers/CMSIS/Include" -I"C:/repos/arm/exam_arm2/stm32f103_boot/src/lib/cube_f103/Drivers/STM32F1xx_HAL_Driver/Inc" -I"C:/repos/arm/exam_arm2/stm32f103_boot/src/lib/cube_f103/Middlewares/ST/STM32_USB_Device_Library/Class/DFU/Inc" -I"C:/repos/arm/exam_arm2/stm32f103_boot/src/lib/cube_f103/Middlewares/ST/STM32_USB_Device_Library/Core/Inc" -I"C:/repos/arm/exam_arm2/stm32f103_boot/src/lib/cube_f103/USB_DEVICE/App" -I"C:/repos/arm/exam_arm2/stm32f103_boot/src/lib/cube_f103/USB_DEVICE/Target" -Os -ffunction-sections -fdata-sections -Wall -fstack-usage -fcyclomatic-complexity -MMD -MP -MF"src/hw/driver/reset.d" -MT"src/hw/driver/reset.o" --specs=nano.specs -mfloat-abi=soft -mthumb -o "src/hw/driver/reset.o"
arm-none-eabi-gcc -o "stm32f103_boot.elf" @"objects.list"   -mcpu=cortex-m3 -T"C:\repos\arm\exam_arm2\stm32f103_boot\src\bsp\ldscript\STM32F103C8TX_FLASH.ld" --specs=nosys.specs -Wl,-Map="stm32f103_boot.map" -Wl,--gc-sections -static --specs=nano.specs -mfloat-abi=soft -mthumb -Wl,--start-group -lc -lm -Wl,--end-group
Finished building target: stm32f103_boot.elf
 
arm-none-eabi-size  stm32f103_boot.elf 
arm-none-eabi-objdump -h -S stm32f103_boot.elf  > "stm32f103_boot.list"
   text	   data	    bss	    dec	    hex	filename
  15320	    228	   5400	  20948	   51d4	stm32f103_boot.elf
Finished building: default.size.stdout
 
Finished building: stm32f103_boot.list
 

19:21:02 Build Finished. 0 errors, 0 warnings. (took 1s.130ms)

