20:22:59 **** Incremental Build of configuration Debug for project stm32f103_fw ****
make -j12 all 
arm-none-eabi-size  stm32f103_fw.elf 
   text	   data	    bss	    dec	    hex	filename
    620	      0	   1568	   2188	    88c	stm32f103_fw.elf
Finished building: default.size.stdout
 
20:31:24 **** Incremental Build of configuration Debug for project stm32f103_fw ****
make -j12 all 
arm-none-eabi-size  stm32f103_fw.elf 
   text	   data	    bss	    dec	    hex	filename
    620	      0	   1568	   2188	    88c	stm32f103_fw.elf
Finished building: default.size.stdout
 
20:31:54 **** Incremental Build of configuration Debug for project stm32f103_fw ****
make -j12 all 
arm-none-eabi-size  stm32f103_fw.elf 
   text	   data	    bss	    dec	    hex	filename
    620	      0	   1568	   2188	    88c	stm32f103_fw.elf
Finished building: default.size.stdout
 
20:33:00 **** Incremental Build of configuration Debug for project stm32f103_fw ****
make -j12 all 
arm-none-eabi-size  stm32f103_fw.elf 
   text	   data	    bss	    dec	    hex	filename
    620	      0	   1568	   2188	    88c	stm32f103_fw.elf
Finished building: default.size.stdout
 
