Archive member included to satisfy reference by file (symbol)

C:/ST/STM32CubeIDE_1.18.1/STM32CubeIDE/plugins/com.st.stm32cube.ide.mcu.externaltools.gnu-tools-for-stm32.13.3.rel1.win32_1.0.0.202411081344/tools/bin/../lib/gcc/arm-none-eabi/13.3.1/../../../../arm-none-eabi/lib/thumb/v7-m/nofp\libc_nano.a(libc_a-exit.o)
                              C:/ST/STM32CubeIDE_1.18.1/STM32CubeIDE/plugins/com.st.stm32cube.ide.mcu.externaltools.gnu-tools-for-stm32.13.3.rel1.win32_1.0.0.202411081344/tools/bin/../lib/gcc/arm-none-eabi/13.3.1/../../../../arm-none-eabi/lib/thumb/v7-m/nofp/crt0.o (exit)
C:/ST/STM32CubeIDE_1.18.1/STM32CubeIDE/plugins/com.st.stm32cube.ide.mcu.externaltools.gnu-tools-for-stm32.13.3.rel1.win32_1.0.0.202411081344/tools/bin/../lib/gcc/arm-none-eabi/13.3.1/../../../../arm-none-eabi/lib/thumb/v7-m/nofp\libc_nano.a(libc_a-findfp.o)
                              C:/ST/STM32CubeIDE_1.18.1/STM32CubeIDE/plugins/com.st.stm32cube.ide.mcu.externaltools.gnu-tools-for-stm32.13.3.rel1.win32_1.0.0.202411081344/tools/bin/../lib/gcc/arm-none-eabi/13.3.1/../../../../arm-none-eabi/lib/thumb/v7-m/nofp\libc_nano.a(libc_a-exit.o) (__stdio_exit_handler)
C:/ST/STM32CubeIDE_1.18.1/STM32CubeIDE/plugins/com.st.stm32cube.ide.mcu.externaltools.gnu-tools-for-stm32.13.3.rel1.win32_1.0.0.202411081344/tools/bin/../lib/gcc/arm-none-eabi/13.3.1/../../../../arm-none-eabi/lib/thumb/v7-m/nofp\libc_nano.a(libc_a-fwalk.o)
                              C:/ST/STM32CubeIDE_1.18.1/STM32CubeIDE/plugins/com.st.stm32cube.ide.mcu.externaltools.gnu-tools-for-stm32.13.3.rel1.win32_1.0.0.202411081344/tools/bin/../lib/gcc/arm-none-eabi/13.3.1/../../../../arm-none-eabi/lib/thumb/v7-m/nofp\libc_nano.a(libc_a-findfp.o) (_fwalk_sglue)
C:/ST/STM32CubeIDE_1.18.1/STM32CubeIDE/plugins/com.st.stm32cube.ide.mcu.externaltools.gnu-tools-for-stm32.13.3.rel1.win32_1.0.0.202411081344/tools/bin/../lib/gcc/arm-none-eabi/13.3.1/../../../../arm-none-eabi/lib/thumb/v7-m/nofp\libc_nano.a(libc_a-stdio.o)
                              C:/ST/STM32CubeIDE_1.18.1/STM32CubeIDE/plugins/com.st.stm32cube.ide.mcu.externaltools.gnu-tools-for-stm32.13.3.rel1.win32_1.0.0.202411081344/tools/bin/../lib/gcc/arm-none-eabi/13.3.1/../../../../arm-none-eabi/lib/thumb/v7-m/nofp\libc_nano.a(libc_a-findfp.o) (__sread)
C:/ST/STM32CubeIDE_1.18.1/STM32CubeIDE/plugins/com.st.stm32cube.ide.mcu.externaltools.gnu-tools-for-stm32.13.3.rel1.win32_1.0.0.202411081344/tools/bin/../lib/gcc/arm-none-eabi/13.3.1/../../../../arm-none-eabi/lib/thumb/v7-m/nofp\libc_nano.a(libc_a-vsnprintf.o)
                              ./src/hw/driver/uart.o (vsnprintf)
C:/ST/STM32CubeIDE_1.18.1/STM32CubeIDE/plugins/com.st.stm32cube.ide.mcu.externaltools.gnu-tools-for-stm32.13.3.rel1.win32_1.0.0.202411081344/tools/bin/../lib/gcc/arm-none-eabi/13.3.1/../../../../arm-none-eabi/lib/thumb/v7-m/nofp\libc_nano.a(libc_a-memset.o)
                              C:/ST/STM32CubeIDE_1.18.1/STM32CubeIDE/plugins/com.st.stm32cube.ide.mcu.externaltools.gnu-tools-for-stm32.13.3.rel1.win32_1.0.0.202411081344/tools/bin/../lib/gcc/arm-none-eabi/13.3.1/../../../../arm-none-eabi/lib/thumb/v7-m/nofp/crt0.o (memset)
C:/ST/STM32CubeIDE_1.18.1/STM32CubeIDE/plugins/com.st.stm32cube.ide.mcu.externaltools.gnu-tools-for-stm32.13.3.rel1.win32_1.0.0.202411081344/tools/bin/../lib/gcc/arm-none-eabi/13.3.1/../../../../arm-none-eabi/lib/thumb/v7-m/nofp\libc_nano.a(libc_a-closer.o)
                              C:/ST/STM32CubeIDE_1.18.1/STM32CubeIDE/plugins/com.st.stm32cube.ide.mcu.externaltools.gnu-tools-for-stm32.13.3.rel1.win32_1.0.0.202411081344/tools/bin/../lib/gcc/arm-none-eabi/13.3.1/../../../../arm-none-eabi/lib/thumb/v7-m/nofp\libc_nano.a(libc_a-stdio.o) (_close_r)
C:/ST/STM32CubeIDE_1.18.1/STM32CubeIDE/plugins/com.st.stm32cube.ide.mcu.externaltools.gnu-tools-for-stm32.13.3.rel1.win32_1.0.0.202411081344/tools/bin/../lib/gcc/arm-none-eabi/13.3.1/../../../../arm-none-eabi/lib/thumb/v7-m/nofp\libc_nano.a(libc_a-reent.o)
                              C:/ST/STM32CubeIDE_1.18.1/STM32CubeIDE/plugins/com.st.stm32cube.ide.mcu.externaltools.gnu-tools-for-stm32.13.3.rel1.win32_1.0.0.202411081344/tools/bin/../lib/gcc/arm-none-eabi/13.3.1/../../../../arm-none-eabi/lib/thumb/v7-m/nofp\libc_nano.a(libc_a-closer.o) (errno)
C:/ST/STM32CubeIDE_1.18.1/STM32CubeIDE/plugins/com.st.stm32cube.ide.mcu.externaltools.gnu-tools-for-stm32.13.3.rel1.win32_1.0.0.202411081344/tools/bin/../lib/gcc/arm-none-eabi/13.3.1/../../../../arm-none-eabi/lib/thumb/v7-m/nofp\libc_nano.a(libc_a-impure.o)
                              C:/ST/STM32CubeIDE_1.18.1/STM32CubeIDE/plugins/com.st.stm32cube.ide.mcu.externaltools.gnu-tools-for-stm32.13.3.rel1.win32_1.0.0.202411081344/tools/bin/../lib/gcc/arm-none-eabi/13.3.1/../../../../arm-none-eabi/lib/thumb/v7-m/nofp\libc_nano.a(libc_a-vsnprintf.o) (_impure_ptr)
[...]
Memory Configuration

Name             Origin             Length             Attributes
RAM              0x20000000         0x00005000         xrw
FLASH            0x08000000         0x00010000         xr
*default*        0x00000000         0xffffffff

Linker script and memory map

LOAD C:/ST/STM32CubeIDE_1.18.1/STM32CubeIDE/plugins/com.st.stm32cube.ide.mcu.externaltools.gnu-tools-for-stm32.13.3.rel1.win32_1.0.0.202411081344/tools/bin/../lib/gcc/arm-none-eabi/13.3.1/thumb/v7-m/nofp/crti.o
LOAD C:/ST/STM32CubeIDE_1.18.1/STM32CubeIDE/plugins/com.st.stm32cube.ide.mcu.externaltools.gnu-tools-for-stm32.13.3.rel1.win32_1.0.0.202411081344/tools/bin/../lib/gcc/arm-none-eabi/13.3.1/thumb/v7-m/nofp/crtbegin.o
LOAD C:/ST/STM32CubeIDE_1.18.1/STM32CubeIDE/plugins/com.st.stm32cube.ide.mcu.externaltools.gnu-tools-for-stm32.13.3.rel1.win32_1.0.0.202411081344/tools/bin/../lib/gcc/arm-none-eabi/13.3.1/../../../../arm-none-eabi/lib/thumb/v7-m/nofp/crt0.o
LOAD ./src/ap/ap.o
LOAD ./src/bsp/bsp.o
LOAD ./src/bsp/stm32f1xx_hal_msp.o
LOAD ./src/bsp/stm32f1xx_it.o
LOAD ./src/bsp/syscalls.o
LOAD ./src/bsp/sysmem.o
LOAD ./src/bsp/system_stm32f1xx.o
LOAD ./src/bsp/startup/startup_stm32f103c8tx.o
LOAD ./src/common/core/qbuffer.o
LOAD ./src/hw/driver/cdc.o
LOAD ./src/hw/driver/flash.o
LOAD ./src/hw/driver/led.o
LOAD ./src/hw/driver/reset.o
LOAD ./src/hw/driver/rtc.o
LOAD ./src/hw/driver/uart.o
LOAD ./src/hw/driver/usb.o
LOAD ./src/hw/hw.o
LOAD ./src/lib/cube_f103/Drivers/STM32F1xx_HAL_Driver/Src/stm32f1xx_hal.o
LOAD ./src/lib/cube_f103/Drivers/STM32F1xx_HAL_Driver/Src/stm32f1xx_hal_cortex.o
LOAD ./src/lib/cube_f103/Drivers/STM32F1xx_HAL_Driver/Src/stm32f1xx_hal_dma.o
LOAD ./src/lib/cube_f103/Drivers/STM32F1xx_HAL_Driver/Src/stm32f1xx_hal_exti.o
LOAD ./src/lib/cube_f103/Drivers/STM32F1xx_HAL_Driver/Src/stm32f1xx_hal_flash.o
LOAD ./src/lib/cube_f103/Drivers/STM32F1xx_HAL_Driver/Src/stm32f1xx_hal_flash_ex.o
LOAD ./src/lib/cube_f103/Drivers/STM32F1xx_HAL_Driver/Src/stm32f1xx_hal_gpio.o
LOAD ./src/lib/cube_f103/Drivers/STM32F1xx_HAL_Driver/Src/stm32f1xx_hal_gpio_ex.o
LOAD ./src/lib/cube_f103/Drivers/STM32F1xx_HAL_Driver/Src/stm32f1xx_hal_pcd.o
LOAD ./src/lib/cube_f103/Drivers/STM32F1xx_HAL_Driver/Src/stm32f1xx_hal_pcd_ex.o
LOAD ./src/lib/cube_f103/Drivers/STM32F1xx_HAL_Driver/Src/stm32f1xx_hal_pwr.o
LOAD ./src/lib/cube_f103/Drivers/STM32F1xx_HAL_Driver/Src/stm32f1xx_hal_rcc.o
LOAD ./src/lib/cube_f103/Drivers/STM32F1xx_HAL_Driver/Src/stm32f1xx_hal_rcc_ex.o
LOAD ./src/lib/cube_f103/Drivers/STM32F1xx_HAL_Driver/Src/stm32f1xx_hal_rtc.o
LOAD ./src/lib/cube_f103/Drivers/STM32F1xx_HAL_Driver/Src/stm32f1xx_hal_rtc_ex.o
LOAD ./src/lib/cube_f103/Drivers/STM32F1xx_HAL_Driver/Src/stm32f1xx_hal_uart.o
LOAD ./src/lib/cube_f103/Drivers/STM32F1xx_HAL_Driver/Src/stm32f1xx_ll_usb.o
LOAD ./src/lib/cube_f103/Middlewares/ST/STM32_USB_Device_Library/Class/CDC/Src/usbd_cdc.o
LOAD ./src/lib/cube_f103/Middlewares/ST/STM32_USB_Device_Library/Core/Src/usbd_core.o
LOAD ./src/lib/cube_f103/Middlewares/ST/STM32_USB_Device_Library/Core/Src/usbd_ctlreq.o
LOAD ./src/lib/cube_f103/Middlewares/ST/STM32_USB_Device_Library/Core/Src/usbd_ioreq.o
LOAD ./src/lib/cube_f103/USB_DEVICE/App/usb_device.o
LOAD ./src/lib/cube_f103/USB_DEVICE/App/usbd_cdc_if.o
LOAD ./src/lib/cube_f103/USB_DEVICE/App/usbd_desc.o
LOAD ./src/lib/cube_f103/USB_DEVICE/Target/usbd_conf.o
LOAD ./src/main.o
START GROUP
LOAD C:/ST/STM32CubeIDE_1.18.1/STM32CubeIDE/plugins/com.st.stm32cube.ide.mcu.externaltools.gnu-tools-for-stm32.13.3.rel1.win32_1.0.0.202411081344/tools/bin/../lib/gcc/arm-none-eabi/13.3.1/../../../../arm-none-eabi/lib/thumb/v7-m/nofp\libc_nano.a
LOAD C:/ST/STM32CubeIDE_1.18.1/STM32CubeIDE/plugins/com.st.stm32cube.ide.mcu.externaltools.gnu-tools-for-stm32.13.3.rel1.win32_1.0.0.202411081344/tools/bin/../lib/gcc/arm-none-eabi/13.3.1/../../../../arm-none-eabi/lib/thumb/v7-m/nofp\libm.a
END GROUP
START GROUP
LOAD C:/ST/STM32CubeIDE_1.18.1/STM32CubeIDE/plugins/com.st.stm32cube.ide.mcu.externaltools.gnu-tools-for-stm32.13.3.rel1.win32_1.0.0.202411081344/tools/bin/../lib/gcc/arm-none-eabi/13.3.1/thumb/v7-m/nofp\libgcc.a
LOAD C:/ST/STM32CubeIDE_1.18.1/STM32CubeIDE/plugins/com.st.stm32cube.ide.mcu.externaltools.gnu-tools-for-stm32.13.3.rel1.win32_1.0.0.202411081344/tools/bin/../lib/gcc/arm-none-eabi/13.3.1/../../../../arm-none-eabi/lib/thumb/v7-m/nofp\libc_nano.a
END GROUP
START GROUP
LOAD C:/ST/STM32CubeIDE_1.18.1/STM32CubeIDE/plugins/com.st.stm32cube.ide.mcu.externaltools.gnu-tools-for-stm32.13.3.rel1.win32_1.0.0.202411081344/tools/bin/../lib/gcc/arm-none-eabi/13.3.1/thumb/v7-m/nofp\libgcc.a
LOAD C:/ST/STM32CubeIDE_1.18.1/STM32CubeIDE/plugins/com.st.stm32cube.ide.mcu.externaltools.gnu-tools-for-stm32.13.3.rel1.win32_1.0.0.202411081344/tools/bin/../lib/gcc/arm-none-eabi/13.3.1/../../../../arm-none-eabi/lib/thumb/v7-m/nofp\libc_nano.a
LOAD C:/ST/STM32CubeIDE_1.18.1/STM32CubeIDE/plugins/com.st.stm32cube.ide.mcu.externaltools.gnu-tools-for-stm32.13.3.rel1.win32_1.0.0.202411081344/tools/bin/../lib/gcc/arm-none-eabi/13.3.1/../../../../arm-none-eabi/lib/thumb/v7-m/nofp\libnosys.a
END GROUP
START GROUP
LOAD C:/ST/STM32CubeIDE_1.18.1/STM32CubeIDE/plugins/com.st.stm32cube.ide.mcu.externaltools.gnu-tools-for-stm32.13.3.rel1.win32_1.0.0.202411081344/tools/bin/../lib/gcc/arm-none-eabi/13.3.1/thumb/v7-m/nofp\libgcc.a
LOAD C:/ST/STM32CubeIDE_1.18.1/STM32CubeIDE/plugins/com.st.stm32cube.ide.mcu.externaltools.gnu-tools-for-stm32.13.3.rel1.win32_1.0.0.202411081344/tools/bin/../lib/gcc/arm-none-eabi/13.3.1/../../../../arm-none-eabi/lib/thumb/v7-m/nofp\libc_nano.a
LOAD C:/ST/STM32CubeIDE_1.18.1/STM32CubeIDE/plugins/com.st.stm32cube.ide.mcu.externaltools.gnu-tools-for-stm32.13.3.rel1.win32_1.0.0.202411081344/tools/bin/../lib/gcc/arm-none-eabi/13.3.1/../../../../arm-none-eabi/lib/thumb/v7-m/nofp\libnosys.a
END GROUP
LOAD C:/ST/STM32CubeIDE_1.18.1/STM32CubeIDE/plugins/com.st.stm32cube.ide.mcu.externaltools.gnu-tools-for-stm32.13.3.rel1.win32_1.0.0.202411081344/tools/bin/../lib/gcc/arm-none-eabi/13.3.1/thumb/v7-m/nofp/crtend.o
LOAD C:/ST/STM32CubeIDE_1.18.1/STM32CubeIDE/plugins/com.st.stm32cube.ide.mcu.externaltools.gnu-tools-for-stm32.13.3.rel1.win32_1.0.0.202411081344/tools/bin/../lib/gcc/arm-none-eabi/13.3.1/thumb/v7-m/nofp/crtn.o
                0x20005000                        _estack = (ORIGIN (RAM) + LENGTH (RAM))
                0x00000200                        _Min_Heap_Size = 0x200
                0x00000400                        _Min_Stack_Size = 0x400

.isr_vector     0x08000000      0x10c
                0x08000000                        . = ALIGN (0x4)
 *(.isr_vector)
 .isr_vector    0x08000000      0x10c ./src/bsp/startup/startup_stm32f103c8tx.o
                0x08000000                g_pfnVectors
                0x0800010c                        . = ALIGN (0x4)

.text           0x0800010c     0x9708
                0x0800010c                        . = ALIGN (0x4)
 *(.text)
 .text          0x0800010c       0x40 C:/ST/STM32CubeIDE_1.18.1/STM32CubeIDE/plugins/com.st.stm32cube.ide.mcu.externaltools.gnu-tools-for-stm32.13.3.rel1.win32_1.0.0.202411081344/tools/bin/../lib/gcc/arm-none-eabi/13.3.1/thumb/v7-m/nofp/crtbegin.o
 *(.text*)
 .text.apInit   0x0800014c       0x1c ./src/ap/ap.o
                0x0800014c                apInit
 .text.apMain   0x08000168       0x2a ./src/ap/ap.o
                0x08000168                apMain
 *fill*         0x08000192        0x2 
 .text.bspInit  0x08000194       0x4c ./src/bsp/bsp.o
                0x08000194                bspInit
 .text.delay    0x080001e0       0x16 ./src/bsp/bsp.o
                0x080001e0                delay
 .text.millis   0x080001f6        0xe ./src/bsp/bsp.o
                0x080001f6                millis
 .text.SystemClock_Config
                0x08000204       0xbe ./src/bsp/bsp.o
                0x08000204                SystemClock_Config
 .text.Error_Handler
                0x080002c2        0xc ./src/bsp/bsp.o
                0x080002c2                Error_Handler
 *fill*         0x080002ce        0x2 
 .text.HAL_MspInit
                0x080002d0       0x64 ./src/bsp/stm32f1xx_hal_msp.o
                0x080002d0                HAL_MspInit
 .text.NMI_Handler
                0x08000334        0x8 ./src/bsp/stm32f1xx_it.o
                0x08000334                NMI_Handler
 .text.HardFault_Handler
                0x0800033c        0x8 ./src/bsp/stm32f1xx_it.o
                0x0800033c                HardFault_Handler
 .text.MemManage_Handler
                0x08000344        0x8 ./src/bsp/stm32f1xx_it.o
                0x08000344                MemManage_Handler
 .text.BusFault_Handler
                0x0800034c        0x8 ./src/bsp/stm32f1xx_it.o
                0x0800034c                BusFault_Handler
 .text.UsageFault_Handler
                0x08000354        0x8 ./src/bsp/stm32f1xx_it.o
                0x08000354                UsageFault_Handler
 .text.SVC_Handler
                0x0800035c        0xc ./src/bsp/stm32f1xx_it.o
                0x0800035c                SVC_Handler
 .text.DebugMon_Handler
                0x08000368        0xc ./src/bsp/stm32f1xx_it.o
                0x08000368                DebugMon_Handler
 .text.PendSV_Handler
                0x08000374        0xc ./src/bsp/stm32f1xx_it.o
                0x08000374                PendSV_Handler
 .text.SysTick_Handler
                0x08000380        0xc ./src/bsp/stm32f1xx_it.o
                0x08000380                SysTick_Handler
 .text.DMA1_Channel5_IRQHandler
                0x0800038c       0x14 ./src/bsp/stm32f1xx_it.o
                0x0800038c                DMA1_Channel5_IRQHandler
 .text.USB_LP_CAN1_RX0_IRQHandler
                0x080003a0       0x14 ./src/bsp/stm32f1xx_it.o
                0x080003a0                USB_LP_CAN1_RX0_IRQHandler
 .text.USART1_IRQHandler
                0x080003b4       0x14 ./src/bsp/stm32f1xx_it.o
                0x080003b4                USART1_IRQHandler
 .text.SystemInit
                0x080003c8        0xc ./src/bsp/system_stm32f1xx.o
                0x080003c8                SystemInit
 .text.Reset_Handler
                0x080003d4       0x48 ./src/bsp/startup/startup_stm32f103c8tx.o
                0x080003d4                Reset_Handler
 .text.Default_Handler
                0x0800041c        0x2 ./src/bsp/startup/startup_stm32f103c8tx.o
                0x0800041c                RTC_Alarm_IRQHandler
                0x0800041c                EXTI2_IRQHandler
                0x0800041c                TIM1_CC_IRQHandler
                0x0800041c                PVD_IRQHandler
                0x0800041c                EXTI3_IRQHandler
                0x0800041c                EXTI0_IRQHandler
                0x0800041c                I2C2_EV_IRQHandler
                0x0800041c                ADC1_2_IRQHandler
                0x0800041c                SPI1_IRQHandler
                0x0800041c                TAMPER_IRQHandler
                0x0800041c                DMA1_Channel4_IRQHandler
                0x0800041c                USART3_IRQHandler
                0x0800041c                RTC_IRQHandler
                0x0800041c                DMA1_Channel7_IRQHandler
                0x0800041c                CAN1_RX1_IRQHandler
                0x0800041c                TIM4_IRQHandler
                0x0800041c                I2C1_EV_IRQHandler
                0x0800041c                DMA1_Channel6_IRQHandler
                0x0800041c                TIM3_IRQHandler
                0x0800041c                RCC_IRQHandler
                0x0800041c                TIM1_TRG_COM_IRQHandler
                0x0800041c                DMA1_Channel1_IRQHandler
                0x0800041c                Default_Handler
                0x0800041c                EXTI15_10_IRQHandler
                0x0800041c                EXTI9_5_IRQHandler
                0x0800041c                SPI2_IRQHandler
                0x0800041c                EXTI4_IRQHandler
                0x0800041c                USB_HP_CAN1_TX_IRQHandler
                0x0800041c                DMA1_Channel3_IRQHandler
                0x0800041c                TIM1_UP_IRQHandler
                0x0800041c                WWDG_IRQHandler
                0x0800041c                TIM2_IRQHandler
                0x0800041c                TIM1_BRK_IRQHandler
                0x0800041c                EXTI1_IRQHandler
                0x0800041c                USART2_IRQHandler
                0x0800041c                I2C2_ER_IRQHandler
                0x0800041c                DMA1_Channel2_IRQHandler
                0x0800041c                CAN1_SCE_IRQHandler
                0x0800041c                FLASH_IRQHandler
                0x0800041c                I2C1_ER_IRQHandler
                0x0800041c                USBWakeUp_IRQHandler
 .text.qbufferCreate
                0x0800041e       0x34 ./src/common/core/qbuffer.o
                0x0800041e                qbufferCreate
 *fill*         0x08000452        0x2 
 .text.ledInit  0x08000454       0x8c ./src/hw/driver/led.o
                0x08000454                ledInit
 .text.ledOff   0x080004e0       0x40 ./src/hw/driver/led.o
                0x080004e0                ledOff
 .text.ledToggle
                0x08000520       0x38 ./src/hw/driver/led.o
                0x08000520                ledToggle
 .text.resetInit
                0x08000558       0x58 ./src/hw/driver/reset.o
                0x08000558                resetInit
 .text.rtcInit  0x080005b0       0x60 ./src/hw/driver/rtc.o
                0x080005b0                rtcInit
 .text.rtcBackupRegRead
                0x08000610       0x20 ./src/hw/driver/rtc.o
                0x08000610                rtcBackupRegRead
 .text.rtcBackupRegWrite
                0x08000630       0x20 ./src/hw/driver/rtc.o
                0x08000630                rtcBackupRegWrite
 .text.HAL_RTC_MspInit
                0x08000650       0x48 ./src/hw/driver/rtc.o
                0x08000650                HAL_RTC_MspInit
 .text.uartInit
                0x08000698       0x34 ./src/hw/driver/uart.o
                0x08000698                uartInit
 .text.uartOpen
                0x080006cc      0x12c ./src/hw/driver/uart.o
                0x080006cc                uartOpen
 .text.HAL_UART_ErrorCallback
                0x080007f8       0x12 ./src/hw/driver/uart.o
                0x080007f8                HAL_UART_ErrorCallback
 .text.HAL_UART_RxCpltCallback
                0x0800080a       0x12 ./src/hw/driver/uart.o
                0x0800080a                HAL_UART_RxCpltCallback
 .text.HAL_UART_MspInit
                0x0800081c       0xfc ./src/hw/driver/uart.o
                0x0800081c                HAL_UART_MspInit
 .text.HAL_UART_MspDeInit
                0x08000918       0x4c ./src/hw/driver/uart.o
                0x08000918                HAL_UART_MspDeInit
 .text.usbInit  0x08000964       0x70 ./src/hw/driver/usb.o
                0x08000964                usbInit
 .text.hwInit   0x080009d4       0x20 ./src/hw/hw.o
                0x080009d4                hwInit
 .text.HAL_Init
                0x080009f4       0x2c ./src/lib/cube_f103/Drivers/STM32F1xx_HAL_Driver/Src/stm32f1xx_hal.o
                0x080009f4                HAL_Init
 .text.HAL_InitTick
                0x08000a20       0x60 ./src/lib/cube_f103/Drivers/STM32F1xx_HAL_Driver/Src/stm32f1xx_hal.o
                0x08000a20                HAL_InitTick
 .text.HAL_IncTick
                0x08000a80       0x24 ./src/lib/cube_f103/Drivers/STM32F1xx_HAL_Driver/Src/stm32f1xx_hal.o
                0x08000a80                HAL_IncTick
 .text.HAL_GetTick
                0x08000aa4       0x14 ./src/lib/cube_f103/Drivers/STM32F1xx_HAL_Driver/Src/stm32f1xx_hal.o
                0x08000aa4                HAL_GetTick
 .text.HAL_Delay
                0x08000ab8       0x48 ./src/lib/cube_f103/Drivers/STM32F1xx_HAL_Driver/Src/stm32f1xx_hal.o
                0x08000ab8                HAL_Delay
 .text.__NVIC_SetPriorityGrouping
                0x08000b00       0x48 ./src/lib/cube_f103/Drivers/STM32F1xx_HAL_Driver/Src/stm32f1xx_hal_cortex.o
 .text.__NVIC_GetPriorityGrouping
                0x08000b48       0x1c ./src/lib/cube_f103/Drivers/STM32F1xx_HAL_Driver/Src/stm32f1xx_hal_cortex.o
 .text.__NVIC_EnableIRQ
                0x08000b64       0x38 ./src/lib/cube_f103/Drivers/STM32F1xx_HAL_Driver/Src/stm32f1xx_hal_cortex.o
 .text.__NVIC_DisableIRQ
                0x08000b9c       0x48 ./src/lib/cube_f103/Drivers/STM32F1xx_HAL_Driver/Src/stm32f1xx_hal_cortex.o
 .text.__NVIC_SetPriority
                0x08000be4       0x54 ./src/lib/cube_f103/Drivers/STM32F1xx_HAL_Driver/Src/stm32f1xx_hal_cortex.o
 .text.NVIC_EncodePriority
                0x08000c38       0x64 ./src/lib/cube_f103/Drivers/STM32F1xx_HAL_Driver/Src/stm32f1xx_hal_cortex.o
 .text.SysTick_Config
                0x08000c9c       0x44 ./src/lib/cube_f103/Drivers/STM32F1xx_HAL_Driver/Src/stm32f1xx_hal_cortex.o
 .text.HAL_NVIC_SetPriorityGrouping
                0x08000ce0       0x16 ./src/lib/cube_f103/Drivers/STM32F1xx_HAL_Driver/Src/stm32f1xx_hal_cortex.o
                0x08000ce0                HAL_NVIC_SetPriorityGrouping
 .text.HAL_NVIC_SetPriority
                0x08000cf6       0x38 ./src/lib/cube_f103/Drivers/STM32F1xx_HAL_Driver/Src/stm32f1xx_hal_cortex.o
                0x08000cf6                HAL_NVIC_SetPriority
 .text.HAL_NVIC_EnableIRQ
                0x08000d2e       0x1c ./src/lib/cube_f103/Drivers/STM32F1xx_HAL_Driver/Src/stm32f1xx_hal_cortex.o
                0x08000d2e                HAL_NVIC_EnableIRQ
 .text.HAL_NVIC_DisableIRQ
                0x08000d4a       0x1c ./src/lib/cube_f103/Drivers/STM32F1xx_HAL_Driver/Src/stm32f1xx_hal_cortex.o
                0x08000d4a                HAL_NVIC_DisableIRQ
 .text.HAL_SYSTICK_Config
                0x08000d66       0x18 ./src/lib/cube_f103/Drivers/STM32F1xx_HAL_Driver/Src/stm32f1xx_hal_cortex.o
                0x08000d66                HAL_SYSTICK_Config
 *fill*         0x08000d7e        0x2 
 .text.HAL_DMA_Init
                0x08000d80       0xb4 ./src/lib/cube_f103/Drivers/STM32F1xx_HAL_Driver/Src/stm32f1xx_hal_dma.o
                0x08000d80                HAL_DMA_Init
 .text.HAL_DMA_DeInit
                0x08000e34       0xb8 ./src/lib/cube_f103/Drivers/STM32F1xx_HAL_Driver/Src/stm32f1xx_hal_dma.o
                0x08000e34                HAL_DMA_DeInit
 .text.HAL_DMA_Start_IT
                0x08000eec       0xc0 ./src/lib/cube_f103/Drivers/STM32F1xx_HAL_Driver/Src/stm32f1xx_hal_dma.o
                0x08000eec                HAL_DMA_Start_IT
 .text.HAL_DMA_Abort
                0x08000fac       0x76 ./src/lib/cube_f103/Drivers/STM32F1xx_HAL_Driver/Src/stm32f1xx_hal_dma.o
                0x08000fac                HAL_DMA_Abort
 *fill*         0x08001022        0x2 
 .text.HAL_DMA_Abort_IT
                0x08001024       0xf0 ./src/lib/cube_f103/Drivers/STM32F1xx_HAL_Driver/Src/stm32f1xx_hal_dma.o
                0x08001024                HAL_DMA_Abort_IT
 .text.HAL_DMA_IRQHandler
                0x08001114      0x20c ./src/lib/cube_f103/Drivers/STM32F1xx_HAL_Driver/Src/stm32f1xx_hal_dma.o
                0x08001114                HAL_DMA_IRQHandler
 .text.DMA_SetConfig
                0x08001320       0x5a ./src/lib/cube_f103/Drivers/STM32F1xx_HAL_Driver/Src/stm32f1xx_hal_dma.o
 *fill*         0x0800137a        0x2 
 .text.HAL_GPIO_Init
                0x0800137c      0x308 ./src/lib/cube_f103/Drivers/STM32F1xx_HAL_Driver/Src/stm32f1xx_hal_gpio.o
                0x0800137c                HAL_GPIO_Init
 .text.HAL_GPIO_DeInit
                0x08001684      0x178 ./src/lib/cube_f103/Drivers/STM32F1xx_HAL_Driver/Src/stm32f1xx_hal_gpio.o
                0x08001684                HAL_GPIO_DeInit
 .text.HAL_GPIO_WritePin
                0x080017fc       0x30 ./src/lib/cube_f103/Drivers/STM32F1xx_HAL_Driver/Src/stm32f1xx_hal_gpio.o
                0x080017fc                HAL_GPIO_WritePin
 .text.HAL_GPIO_TogglePin
                0x0800182c       0x32 ./src/lib/cube_f103/Drivers/STM32F1xx_HAL_Driver/Src/stm32f1xx_hal_gpio.o
                0x0800182c                HAL_GPIO_TogglePin
 .text.HAL_PCD_Init
                0x0800185e      0x1ec ./src/lib/cube_f103/Drivers/STM32F1xx_HAL_Driver/Src/stm32f1xx_hal_pcd.o
                0x0800185e                HAL_PCD_Init
 .text.HAL_PCD_Start
                0x08001a4a       0x4c ./src/lib/cube_f103/Drivers/STM32F1xx_HAL_Driver/Src/stm32f1xx_hal_pcd.o
                0x08001a4a                HAL_PCD_Start
 .text.HAL_PCD_IRQHandler
                0x08001a96      0x260 ./src/lib/cube_f103/Drivers/STM32F1xx_HAL_Driver/Src/stm32f1xx_hal_pcd.o
                0x08001a96                HAL_PCD_IRQHandler
 .text.HAL_PCD_SetAddress
                0x08001cf6       0x48 ./src/lib/cube_f103/Drivers/STM32F1xx_HAL_Driver/Src/stm32f1xx_hal_pcd.o
                0x08001cf6                HAL_PCD_SetAddress
 .text.HAL_PCD_EP_Open
                0x08001d3e       0xba ./src/lib/cube_f103/Drivers/STM32F1xx_HAL_Driver/Src/stm32f1xx_hal_pcd.o
                0x08001d3e                HAL_PCD_EP_Open
 .text.HAL_PCD_EP_Close
                0x08001df8       0x90 ./src/lib/cube_f103/Drivers/STM32F1xx_HAL_Driver/Src/stm32f1xx_hal_pcd.o
                0x08001df8                HAL_PCD_EP_Close
 .text.HAL_PCD_EP_Receive
                0x08001e88       0x62 ./src/lib/cube_f103/Drivers/STM32F1xx_HAL_Driver/Src/stm32f1xx_hal_pcd.o
                0x08001e88                HAL_PCD_EP_Receive
 .text.HAL_PCD_EP_GetRxCount
                0x08001eea       0x2e ./src/lib/cube_f103/Drivers/STM32F1xx_HAL_Driver/Src/stm32f1xx_hal_pcd.o
                0x08001eea                HAL_PCD_EP_GetRxCount
 .text.HAL_PCD_EP_Transmit
                0x08001f18       0x6e ./src/lib/cube_f103/Drivers/STM32F1xx_HAL_Driver/Src/stm32f1xx_hal_pcd.o
                0x08001f18                HAL_PCD_EP_Transmit
 .text.HAL_PCD_EP_SetStall
                0x08001f86       0xc0 ./src/lib/cube_f103/Drivers/STM32F1xx_HAL_Driver/Src/stm32f1xx_hal_pcd.o
                0x08001f86                HAL_PCD_EP_SetStall
 .text.HAL_PCD_EP_ClrStall
                0x08002046       0xa8 ./src/lib/cube_f103/Drivers/STM32F1xx_HAL_Driver/Src/stm32f1xx_hal_pcd.o
                0x08002046                HAL_PCD_EP_ClrStall
 .text.PCD_EP_ISR_Handler
                0x080020ee      0x79e ./src/lib/cube_f103/Drivers/STM32F1xx_HAL_Driver/Src/stm32f1xx_hal_pcd.o
 .text.HAL_PCD_EP_DB_Receive
                0x0800288c      0x21a ./src/lib/cube_f103/Drivers/STM32F1xx_HAL_Driver/Src/stm32f1xx_hal_pcd.o
 .text.HAL_PCD_EP_DB_Transmit
                0x08002aa6      0x7f4 ./src/lib/cube_f103/Drivers/STM32F1xx_HAL_Driver/Src/stm32f1xx_hal_pcd.o
 .text.HAL_PCDEx_PMAConfig
                0x0800329a       0x84 ./src/lib/cube_f103/Drivers/STM32F1xx_HAL_Driver/Src/stm32f1xx_hal_pcd_ex.o
                0x0800329a                HAL_PCDEx_PMAConfig
 *fill*         0x0800331e        0x2 
 .text.HAL_PWR_EnableBkUpAccess
                0x08003320       0x18 ./src/lib/cube_f103/Drivers/STM32F1xx_HAL_Driver/Src/stm32f1xx_hal_pwr.o
                0x08003320                HAL_PWR_EnableBkUpAccess
 .text.HAL_RCC_OscConfig
                0x08003338      0x504 ./src/lib/cube_f103/Drivers/STM32F1xx_HAL_Driver/Src/stm32f1xx_hal_rcc.o
                0x08003338                HAL_RCC_OscConfig
 .text.HAL_RCC_ClockConfig
                0x0800383c      0x1d4 ./src/lib/cube_f103/Drivers/STM32F1xx_HAL_Driver/Src/stm32f1xx_hal_rcc.o
                0x0800383c                HAL_RCC_ClockConfig
 .text.HAL_RCC_GetSysClockFreq
                0x08003a10       0xa8 ./src/lib/cube_f103/Drivers/STM32F1xx_HAL_Driver/Src/stm32f1xx_hal_rcc.o
                0x08003a10                HAL_RCC_GetSysClockFreq
 .text.HAL_RCC_GetHCLKFreq
                0x08003ab8       0x14 ./src/lib/cube_f103/Drivers/STM32F1xx_HAL_Driver/Src/stm32f1xx_hal_rcc.o
                0x08003ab8                HAL_RCC_GetHCLKFreq
 .text.HAL_RCC_GetPCLK1Freq
                0x08003acc       0x28 ./src/lib/cube_f103/Drivers/STM32F1xx_HAL_Driver/Src/stm32f1xx_hal_rcc.o
                0x08003acc                HAL_RCC_GetPCLK1Freq
 .text.HAL_RCC_GetPCLK2Freq
                0x08003af4       0x28 ./src/lib/cube_f103/Drivers/STM32F1xx_HAL_Driver/Src/stm32f1xx_hal_rcc.o
                0x08003af4                HAL_RCC_GetPCLK2Freq
 .text.RCC_Delay
                0x08003b1c       0x3c ./src/lib/cube_f103/Drivers/STM32F1xx_HAL_Driver/Src/stm32f1xx_hal_rcc.o
 .text.HAL_RCCEx_PeriphCLKConfig
                0x08003b58      0x16c ./src/lib/cube_f103/Drivers/STM32F1xx_HAL_Driver/Src/stm32f1xx_hal_rcc_ex.o
                0x08003b58                HAL_RCCEx_PeriphCLKConfig
 .text.HAL_RCCEx_GetPeriphCLKFreq
                0x08003cc4      0x16c ./src/lib/cube_f103/Drivers/STM32F1xx_HAL_Driver/Src/stm32f1xx_hal_rcc_ex.o
                0x08003cc4                HAL_RCCEx_GetPeriphCLKFreq
 .text.HAL_RTC_Init
                0x08003e30      0x118 ./src/lib/cube_f103/Drivers/STM32F1xx_HAL_Driver/Src/stm32f1xx_hal_rtc.o
                0x08003e30                HAL_RTC_Init
 .text.HAL_RTC_WaitForSynchro
                0x08003f48       0x5a ./src/lib/cube_f103/Drivers/STM32F1xx_HAL_Driver/Src/stm32f1xx_hal_rtc.o
                0x08003f48                HAL_RTC_WaitForSynchro
 .text.RTC_EnterInitMode
                0x08003fa2       0x50 ./src/lib/cube_f103/Drivers/STM32F1xx_HAL_Driver/Src/stm32f1xx_hal_rtc.o
 .text.RTC_ExitInitMode
                0x08003ff2       0x50 ./src/lib/cube_f103/Drivers/STM32F1xx_HAL_Driver/Src/stm32f1xx_hal_rtc.o
 *fill*         0x08004042        0x2 
 .text.HAL_RTCEx_BKUPWrite
                0x08004044       0x34 ./src/lib/cube_f103/Drivers/STM32F1xx_HAL_Driver/Src/stm32f1xx_hal_rtc_ex.o
                0x08004044                HAL_RTCEx_BKUPWrite
 .text.HAL_RTCEx_BKUPRead
                0x08004078       0x38 ./src/lib/cube_f103/Drivers/STM32F1xx_HAL_Driver/Src/stm32f1xx_hal_rtc_ex.o
                0x08004078                HAL_RTCEx_BKUPRead
 .text.HAL_UART_Init
                0x080040b0       0xa0 ./src/lib/cube_f103/Drivers/STM32F1xx_HAL_Driver/Src/stm32f1xx_hal_uart.o
                0x080040b0                HAL_UART_Init
 .text.HAL_UART_DeInit
                0x08004150       0x64 ./src/lib/cube_f103/Drivers/STM32F1xx_HAL_Driver/Src/stm32f1xx_hal_uart.o
                0x08004150                HAL_UART_DeInit
 .text.HAL_UART_Receive_DMA
                0x080041b4       0x4a ./src/lib/cube_f103/Drivers/STM32F1xx_HAL_Driver/Src/stm32f1xx_hal_uart.o
                0x080041b4                HAL_UART_Receive_DMA
 *fill*         0x080041fe        0x2 
 .text.HAL_UART_IRQHandler
                0x08004200      0x524 ./src/lib/cube_f103/Drivers/STM32F1xx_HAL_Driver/Src/stm32f1xx_hal_uart.o
                0x08004200                HAL_UART_IRQHandler
 .text.HAL_UART_TxCpltCallback
                0x08004724       0x12 ./src/lib/cube_f103/Drivers/STM32F1xx_HAL_Driver/Src/stm32f1xx_hal_uart.o
                0x08004724                HAL_UART_TxCpltCallback
 .text.HAL_UART_RxHalfCpltCallback
                0x08004736       0x12 ./src/lib/cube_f103/Drivers/STM32F1xx_HAL_Driver/Src/stm32f1xx_hal_uart.o
                0x08004736                HAL_UART_RxHalfCpltCallback
 .text.HAL_UARTEx_RxEventCallback
                0x08004748       0x16 ./src/lib/cube_f103/Drivers/STM32F1xx_HAL_Driver/Src/stm32f1xx_hal_uart.o
                0x08004748                HAL_UARTEx_RxEventCallback
 .text.UART_DMAReceiveCplt
                0x0800475e      0x12c ./src/lib/cube_f103/Drivers/STM32F1xx_HAL_Driver/Src/stm32f1xx_hal_uart.o
 .text.UART_DMARxHalfCplt
                0x0800488a       0x3c ./src/lib/cube_f103/Drivers/STM32F1xx_HAL_Driver/Src/stm32f1xx_hal_uart.o
 .text.UART_DMAError
                0x080048c6       0x94 ./src/lib/cube_f103/Drivers/STM32F1xx_HAL_Driver/Src/stm32f1xx_hal_uart.o
 *fill*         0x0800495a        0x2 
 .text.UART_Start_Receive_DMA
                0x0800495c      0x134 ./src/lib/cube_f103/Drivers/STM32F1xx_HAL_Driver/Src/stm32f1xx_hal_uart.o
                0x0800495c                UART_Start_Receive_DMA
 .text.UART_EndTxTransfer
                0x08004a90       0x4e ./src/lib/cube_f103/Drivers/STM32F1xx_HAL_Driver/Src/stm32f1xx_hal_uart.o
 .text.UART_EndRxTransfer
                0x08004ade       0xc4 ./src/lib/cube_f103/Drivers/STM32F1xx_HAL_Driver/Src/stm32f1xx_hal_uart.o
 .text.UART_DMAAbortOnError
                0x08004ba2       0x28 ./src/lib/cube_f103/Drivers/STM32F1xx_HAL_Driver/Src/stm32f1xx_hal_uart.o
 .text.UART_Transmit_IT
                0x08004bca       0x9e ./src/lib/cube_f103/Drivers/STM32F1xx_HAL_Driver/Src/stm32f1xx_hal_uart.o
 .text.UART_EndTransmit_IT
                0x08004c68       0x30 ./src/lib/cube_f103/Drivers/STM32F1xx_HAL_Driver/Src/stm32f1xx_hal_uart.o
 .text.UART_Receive_IT
                0x08004c98      0x17c ./src/lib/cube_f103/Drivers/STM32F1xx_HAL_Driver/Src/stm32f1xx_hal_uart.o
 .text.UART_SetConfig
                0x08004e14      0x11c ./src/lib/cube_f103/Drivers/STM32F1xx_HAL_Driver/Src/stm32f1xx_hal_uart.o
 .text.USB_CoreInit
                0x08004f30       0x1a ./src/lib/cube_f103/Drivers/STM32F1xx_HAL_Driver/Src/stm32f1xx_ll_usb.o
                0x08004f30                USB_CoreInit
 .text.USB_EnableGlobalInt
                0x08004f4a       0x2c ./src/lib/cube_f103/Drivers/STM32F1xx_HAL_Driver/Src/stm32f1xx_ll_usb.o
                0x08004f4a                USB_EnableGlobalInt
 .text.USB_DisableGlobalInt
                0x08004f76       0x34 ./src/lib/cube_f103/Drivers/STM32F1xx_HAL_Driver/Src/stm32f1xx_ll_usb.o
                0x08004f76                USB_DisableGlobalInt
 .text.USB_SetCurrentMode
                0x08004faa       0x18 ./src/lib/cube_f103/Drivers/STM32F1xx_HAL_Driver/Src/stm32f1xx_ll_usb.o
                0x08004faa                USB_SetCurrentMode
 .text.USB_DevInit
                0x08004fc2       0x3a ./src/lib/cube_f103/Drivers/STM32F1xx_HAL_Driver/Src/stm32f1xx_ll_usb.o
                0x08004fc2                USB_DevInit
 .text.USB_ActivateEndpoint
                0x08004ffc      0x780 ./src/lib/cube_f103/Drivers/STM32F1xx_HAL_Driver/Src/stm32f1xx_ll_usb.o
                0x08004ffc                USB_ActivateEndpoint
 .text.USB_DeactivateEndpoint
                0x0800577c      0x3d8 ./src/lib/cube_f103/Drivers/STM32F1xx_HAL_Driver/Src/stm32f1xx_ll_usb.o
                0x0800577c                USB_DeactivateEndpoint
 .text.USB_EPStartXfer
                0x08005b54     0x1762 ./src/lib/cube_f103/Drivers/STM32F1xx_HAL_Driver/Src/stm32f1xx_ll_usb.o
                0x08005b54                USB_EPStartXfer
 .text.USB_EPSetStall
                0x080072b6       0xa0 ./src/lib/cube_f103/Drivers/STM32F1xx_HAL_Driver/Src/stm32f1xx_ll_usb.o
                0x080072b6                USB_EPSetStall
 .text.USB_EPClearStall
                0x08007356      0x15a ./src/lib/cube_f103/Drivers/STM32F1xx_HAL_Driver/Src/stm32f1xx_ll_usb.o
                0x08007356                USB_EPClearStall
 .text.USB_SetDevAddress
                0x080074b0       0x26 ./src/lib/cube_f103/Drivers/STM32F1xx_HAL_Driver/Src/stm32f1xx_ll_usb.o
                0x080074b0                USB_SetDevAddress
 .text.USB_DevConnect
                0x080074d6       0x14 ./src/lib/cube_f103/Drivers/STM32F1xx_HAL_Driver/Src/stm32f1xx_ll_usb.o
                0x080074d6                USB_DevConnect
 .text.USB_DevDisconnect
                0x080074ea       0x14 ./src/lib/cube_f103/Drivers/STM32F1xx_HAL_Driver/Src/stm32f1xx_ll_usb.o
                0x080074ea                USB_DevDisconnect
 .text.USB_ReadInterrupts
                0x080074fe       0x1e ./src/lib/cube_f103/Drivers/STM32F1xx_HAL_Driver/Src/stm32f1xx_ll_usb.o
                0x080074fe                USB_ReadInterrupts
 .text.USB_EP0_OutStart
                0x0800751c       0x16 ./src/lib/cube_f103/Drivers/STM32F1xx_HAL_Driver/Src/stm32f1xx_ll_usb.o
                0x0800751c                USB_EP0_OutStart
 .text.USB_WritePMA
                0x08007532       0x8c ./src/lib/cube_f103/Drivers/STM32F1xx_HAL_Driver/Src/stm32f1xx_ll_usb.o
                0x08007532                USB_WritePMA
 .text.USB_ReadPMA
                0x080075be       0x9e ./src/lib/cube_f103/Drivers/STM32F1xx_HAL_Driver/Src/stm32f1xx_ll_usb.o
                0x080075be                USB_ReadPMA
 .text.USBD_CDC_Init
                0x0800765c       0xf4 ./src/lib/cube_f103/Middlewares/ST/STM32_USB_Device_Library/Class/CDC/Src/usbd_cdc.o
 .text.USBD_CDC_DeInit
                0x08007750       0x6e ./src/lib/cube_f103/Middlewares/ST/STM32_USB_Device_Library/Class/CDC/Src/usbd_cdc.o
 .text.USBD_CDC_Setup
                0x080077be      0x146 ./src/lib/cube_f103/Middlewares/ST/STM32_USB_Device_Library/Class/CDC/Src/usbd_cdc.o
 .text.USBD_CDC_DataIn
                0x08007904       0xa6 ./src/lib/cube_f103/Middlewares/ST/STM32_USB_Device_Library/Class/CDC/Src/usbd_cdc.o
 .text.USBD_CDC_DataOut
                0x080079aa       0x56 ./src/lib/cube_f103/Middlewares/ST/STM32_USB_Device_Library/Class/CDC/Src/usbd_cdc.o
 .text.USBD_CDC_EP0_RxReady
                0x08007a00       0x4e ./src/lib/cube_f103/Middlewares/ST/STM32_USB_Device_Library/Class/CDC/Src/usbd_cdc.o
 *fill*         0x08007a4e        0x2 
 .text.USBD_CDC_GetFSCfgDesc
                0x08007a50       0x20 ./src/lib/cube_f103/Middlewares/ST/STM32_USB_Device_Library/Class/CDC/Src/usbd_cdc.o
 .text.USBD_CDC_GetHSCfgDesc
                0x08007a70       0x20 ./src/lib/cube_f103/Middlewares/ST/STM32_USB_Device_Library/Class/CDC/Src/usbd_cdc.o
 .text.USBD_CDC_GetOtherSpeedCfgDesc
                0x08007a90       0x20 ./src/lib/cube_f103/Middlewares/ST/STM32_USB_Device_Library/Class/CDC/Src/usbd_cdc.o
 .text.USBD_CDC_GetDeviceQualifierDescriptor
                0x08007ab0       0x20 ./src/lib/cube_f103/Middlewares/ST/STM32_USB_Device_Library/Class/CDC/Src/usbd_cdc.o
                0x08007ab0                USBD_CDC_GetDeviceQualifierDescriptor
 .text.USBD_CDC_RegisterInterface
                0x08007ad0       0x2c ./src/lib/cube_f103/Middlewares/ST/STM32_USB_Device_Library/Class/CDC/Src/usbd_cdc.o
                0x08007ad0                USBD_CDC_RegisterInterface
 .text.USBD_CDC_SetTxBuffer
                0x08007afc       0x32 ./src/lib/cube_f103/Middlewares/ST/STM32_USB_Device_Library/Class/CDC/Src/usbd_cdc.o
                0x08007afc                USBD_CDC_SetTxBuffer
 .text.USBD_CDC_SetRxBuffer
                0x08007b2e       0x26 ./src/lib/cube_f103/Middlewares/ST/STM32_USB_Device_Library/Class/CDC/Src/usbd_cdc.o
                0x08007b2e                USBD_CDC_SetRxBuffer
 .text.USBD_CDC_ReceivePacket
                0x08007b54       0x54 ./src/lib/cube_f103/Middlewares/ST/STM32_USB_Device_Library/Class/CDC/Src/usbd_cdc.o
                0x08007b54                USBD_CDC_ReceivePacket
 .text.USBD_Init
                0x08007ba8       0x56 ./src/lib/cube_f103/Middlewares/ST/STM32_USB_Device_Library/Core/Src/usbd_core.o
                0x08007ba8                USBD_Init
 .text.USBD_RegisterClass
                0x08007bfe       0x32 ./src/lib/cube_f103/Middlewares/ST/STM32_USB_Device_Library/Core/Src/usbd_core.o
                0x08007bfe                USBD_RegisterClass
 .text.USBD_Start
                0x08007c30       0x18 ./src/lib/cube_f103/Middlewares/ST/STM32_USB_Device_Library/Core/Src/usbd_core.o
                0x08007c30                USBD_Start
 .text.USBD_RunTestMode
                0x08007c48       0x14 ./src/lib/cube_f103/Middlewares/ST/STM32_USB_Device_Library/Core/Src/usbd_core.o
                0x08007c48                USBD_RunTestMode
 .text.USBD_SetClassConfig
                0x08007c5c       0x3e ./src/lib/cube_f103/Middlewares/ST/STM32_USB_Device_Library/Core/Src/usbd_core.o
                0x08007c5c                USBD_SetClassConfig
 .text.USBD_ClrClassConfig
                0x08007c9a       0x26 ./src/lib/cube_f103/Middlewares/ST/STM32_USB_Device_Library/Core/Src/usbd_core.o
                0x08007c9a                USBD_ClrClassConfig
 .text.USBD_LL_SetupStage
                0x08007cc0       0x9a ./src/lib/cube_f103/Middlewares/ST/STM32_USB_Device_Library/Core/Src/usbd_core.o
                0x08007cc0                USBD_LL_SetupStage
 .text.USBD_LL_DataOutStage
                0x08007d5a       0xe2 ./src/lib/cube_f103/Middlewares/ST/STM32_USB_Device_Library/Core/Src/usbd_core.o
                0x08007d5a                USBD_LL_DataOutStage
 .text.USBD_LL_DataInStage
                0x08007e3c      0x14a ./src/lib/cube_f103/Middlewares/ST/STM32_USB_Device_Library/Core/Src/usbd_core.o
                0x08007e3c                USBD_LL_DataInStage
 .text.USBD_LL_Reset
                0x08007f86       0x82 ./src/lib/cube_f103/Middlewares/ST/STM32_USB_Device_Library/Core/Src/usbd_core.o
                0x08007f86                USBD_LL_Reset
 .text.USBD_LL_SetSpeed
                0x08008008       0x1e ./src/lib/cube_f103/Middlewares/ST/STM32_USB_Device_Library/Core/Src/usbd_core.o
                0x08008008                USBD_LL_SetSpeed
 .text.USBD_LL_Suspend
                0x08008026       0x28 ./src/lib/cube_f103/Middlewares/ST/STM32_USB_Device_Library/Core/Src/usbd_core.o
                0x08008026                USBD_LL_Suspend
 .text.USBD_LL_Resume
                0x0800804e       0x2a ./src/lib/cube_f103/Middlewares/ST/STM32_USB_Device_Library/Core/Src/usbd_core.o
                0x0800804e                USBD_LL_Resume
 .text.USBD_LL_SOF
                0x08008078       0x34 ./src/lib/cube_f103/Middlewares/ST/STM32_USB_Device_Library/Core/Src/usbd_core.o
                0x08008078                USBD_LL_SOF
 .text.USBD_StdDevReq
                0x080080ac       0xd4 ./src/lib/cube_f103/Middlewares/ST/STM32_USB_Device_Library/Core/Src/usbd_ctlreq.o
                0x080080ac                USBD_StdDevReq
 .text.USBD_StdItfReq
                0x08008180       0x90 ./src/lib/cube_f103/Middlewares/ST/STM32_USB_Device_Library/Core/Src/usbd_ctlreq.o
                0x08008180                USBD_StdItfReq
 .text.USBD_StdEPReq
                0x08008210      0x2c6 ./src/lib/cube_f103/Middlewares/ST/STM32_USB_Device_Library/Core/Src/usbd_ctlreq.o
                0x08008210                USBD_StdEPReq
 *fill*         0x080084d6        0x2 
 .text.USBD_GetDescriptor
                0x080084d8      0x2d0 ./src/lib/cube_f103/Middlewares/ST/STM32_USB_Device_Library/Core/Src/usbd_ctlreq.o
 .text.USBD_SetAddress
                0x080087a8       0x86 ./src/lib/cube_f103/Middlewares/ST/STM32_USB_Device_Library/Core/Src/usbd_ctlreq.o
 *fill*         0x0800882e        0x2 
 .text.USBD_SetConfig
                0x08008830      0x11c ./src/lib/cube_f103/Middlewares/ST/STM32_USB_Device_Library/Core/Src/usbd_ctlreq.o
 .text.USBD_GetConfig
                0x0800894c       0x6a ./src/lib/cube_f103/Middlewares/ST/STM32_USB_Device_Library/Core/Src/usbd_ctlreq.o
 .text.USBD_GetStatus
                0x080089b6       0x66 ./src/lib/cube_f103/Middlewares/ST/STM32_USB_Device_Library/Core/Src/usbd_ctlreq.o
 .text.USBD_SetFeature
                0x08008a1c       0x28 ./src/lib/cube_f103/Middlewares/ST/STM32_USB_Device_Library/Core/Src/usbd_ctlreq.o
 .text.USBD_ClrFeature
                0x08008a44       0x42 ./src/lib/cube_f103/Middlewares/ST/STM32_USB_Device_Library/Core/Src/usbd_ctlreq.o
 .text.USBD_ParseSetupRequest
                0x08008a86       0x72 ./src/lib/cube_f103/Middlewares/ST/STM32_USB_Device_Library/Core/Src/usbd_ctlreq.o
                0x08008a86                USBD_ParseSetupRequest
 .text.USBD_CtlError
                0x08008af8       0x22 ./src/lib/cube_f103/Middlewares/ST/STM32_USB_Device_Library/Core/Src/usbd_ctlreq.o
                0x08008af8                USBD_CtlError
 .text.USBD_GetString
                0x08008b1a       0x84 ./src/lib/cube_f103/Middlewares/ST/STM32_USB_Device_Library/Core/Src/usbd_ctlreq.o
                0x08008b1a                USBD_GetString
 .text.USBD_GetLen
                0x08008b9e       0x2e ./src/lib/cube_f103/Middlewares/ST/STM32_USB_Device_Library/Core/Src/usbd_ctlreq.o
 .text.USBD_CtlSendData
                0x08008bcc       0x38 ./src/lib/cube_f103/Middlewares/ST/STM32_USB_Device_Library/Core/Src/usbd_ioreq.o
                0x08008bcc                USBD_CtlSendData
 .text.USBD_CtlContinueSendData
                0x08008c04       0x24 ./src/lib/cube_f103/Middlewares/ST/STM32_USB_Device_Library/Core/Src/usbd_ioreq.o
                0x08008c04                USBD_CtlContinueSendData
 .text.USBD_CtlPrepareRx
                0x08008c28       0x3c ./src/lib/cube_f103/Middlewares/ST/STM32_USB_Device_Library/Core/Src/usbd_ioreq.o
                0x08008c28                USBD_CtlPrepareRx
 .text.USBD_CtlContinueRx
                0x08008c64       0x24 ./src/lib/cube_f103/Middlewares/ST/STM32_USB_Device_Library/Core/Src/usbd_ioreq.o
                0x08008c64                USBD_CtlContinueRx
 .text.USBD_CtlSendStatus
                0x08008c88       0x26 ./src/lib/cube_f103/Middlewares/ST/STM32_USB_Device_Library/Core/Src/usbd_ioreq.o
                0x08008c88                USBD_CtlSendStatus
 .text.USBD_CtlReceiveStatus
                0x08008cae       0x26 ./src/lib/cube_f103/Middlewares/ST/STM32_USB_Device_Library/Core/Src/usbd_ioreq.o
                0x08008cae                USBD_CtlReceiveStatus
 .text.MX_USB_DEVICE_Init
                0x08008cd4       0x60 ./src/lib/cube_f103/USB_DEVICE/App/usb_device.o
                0x08008cd4                MX_USB_DEVICE_Init
 .text.cdcAvailable
                0x08008d34       0x38 ./src/lib/cube_f103/USB_DEVICE/App/usbd_cdc_if.o
                0x08008d34                cdcAvailable
 .text.cdcDataIn
                0x08008d6c       0x54 ./src/lib/cube_f103/USB_DEVICE/App/usbd_cdc_if.o
                0x08008d6c                cdcDataIn
 .text.USBD_CDC_SOF
                0x08008dc0       0x44 ./src/lib/cube_f103/USB_DEVICE/App/usbd_cdc_if.o
                0x08008dc0                USBD_CDC_SOF
 .text.CDC_Init_FS
                0x08008e04       0x28 ./src/lib/cube_f103/USB_DEVICE/App/usbd_cdc_if.o
 .text.CDC_DeInit_FS
                0x08008e2c        0xe ./src/lib/cube_f103/USB_DEVICE/App/usbd_cdc_if.o
 *fill*         0x08008e3a        0x2 
 .text.CDC_Control_FS
                0x08008e3c      0x170 ./src/lib/cube_f103/USB_DEVICE/App/usbd_cdc_if.o
 .text.CDC_Receive_FS
                0x08008fac       0x70 ./src/lib/cube_f103/USB_DEVICE/App/usbd_cdc_if.o
 .text.USBD_FS_DeviceDescriptor
                0x0800901c       0x24 ./src/lib/cube_f103/USB_DEVICE/App/usbd_desc.o
                0x0800901c                USBD_FS_DeviceDescriptor
 .text.USBD_FS_LangIDStrDescriptor
                0x08009040       0x24 ./src/lib/cube_f103/USB_DEVICE/App/usbd_desc.o
                0x08009040                USBD_FS_LangIDStrDescriptor
 .text.USBD_FS_ProductStrDescriptor
                0x08009064       0x3c ./src/lib/cube_f103/USB_DEVICE/App/usbd_desc.o
                0x08009064                USBD_FS_ProductStrDescriptor
 .text.USBD_FS_ManufacturerStrDescriptor
                0x080090a0       0x28 ./src/lib/cube_f103/USB_DEVICE/App/usbd_desc.o
                0x080090a0                USBD_FS_ManufacturerStrDescriptor
 .text.USBD_FS_SerialStrDescriptor
                0x080090c8       0x24 ./src/lib/cube_f103/USB_DEVICE/App/usbd_desc.o
                0x080090c8                USBD_FS_SerialStrDescriptor
 .text.USBD_FS_ConfigStrDescriptor
                0x080090ec       0x3c ./src/lib/cube_f103/USB_DEVICE/App/usbd_desc.o
                0x080090ec                USBD_FS_ConfigStrDescriptor
 .text.USBD_FS_InterfaceStrDescriptor
                0x08009128       0x3c ./src/lib/cube_f103/USB_DEVICE/App/usbd_desc.o
                0x08009128                USBD_FS_InterfaceStrDescriptor
 .text.Get_SerialNum
                0x08009164       0x58 ./src/lib/cube_f103/USB_DEVICE/App/usbd_desc.o
 .text.IntToUnicode
                0x080091bc       0x7c ./src/lib/cube_f103/USB_DEVICE/App/usbd_desc.o
 .text.HAL_PCD_MspInit
                0x08009238       0x4c ./src/lib/cube_f103/USB_DEVICE/Target/usbd_conf.o
                0x08009238                HAL_PCD_MspInit
 .text.HAL_PCD_SetupStageCallback
                0x08009284       0x24 ./src/lib/cube_f103/USB_DEVICE/Target/usbd_conf.o
                0x08009284                HAL_PCD_SetupStageCallback
 .text.HAL_PCD_DataOutStageCallback
                0x080092a8       0x36 ./src/lib/cube_f103/USB_DEVICE/Target/usbd_conf.o
                0x080092a8                HAL_PCD_DataOutStageCallback
 .text.HAL_PCD_DataInStageCallback
                0x080092de       0x34 ./src/lib/cube_f103/USB_DEVICE/Target/usbd_conf.o
                0x080092de                HAL_PCD_DataInStageCallback
 .text.HAL_PCD_SOFCallback
                0x08009312       0x1c ./src/lib/cube_f103/USB_DEVICE/Target/usbd_conf.o
                0x08009312                HAL_PCD_SOFCallback
 .text.HAL_PCD_ResetCallback
                0x0800932e       0x3c ./src/lib/cube_f103/USB_DEVICE/Target/usbd_conf.o
                0x0800932e                HAL_PCD_ResetCallback
 *fill*         0x0800936a        0x2 
 .text.HAL_PCD_SuspendCallback
                0x0800936c       0x34 ./src/lib/cube_f103/USB_DEVICE/Target/usbd_conf.o
                0x0800936c                HAL_PCD_SuspendCallback
 .text.HAL_PCD_ResumeCallback
                0x080093a0       0x1c ./src/lib/cube_f103/USB_DEVICE/Target/usbd_conf.o
                0x080093a0                HAL_PCD_ResumeCallback
 .text.USBD_LL_Init
                0x080093bc       0xb4 ./src/lib/cube_f103/USB_DEVICE/Target/usbd_conf.o
                0x080093bc                USBD_LL_Init
 .text.USBD_LL_Start
                0x08009470       0x36 ./src/lib/cube_f103/USB_DEVICE/Target/usbd_conf.o
                0x08009470                USBD_LL_Start
 .text.USBD_LL_OpenEP
                0x080094a6       0x4c ./src/lib/cube_f103/USB_DEVICE/Target/usbd_conf.o
                0x080094a6                USBD_LL_OpenEP
 .text.USBD_LL_CloseEP
                0x080094f2       0x3e ./src/lib/cube_f103/USB_DEVICE/Target/usbd_conf.o
                0x080094f2                USBD_LL_CloseEP
 .text.USBD_LL_StallEP
                0x08009530       0x3e ./src/lib/cube_f103/USB_DEVICE/Target/usbd_conf.o
                0x08009530                USBD_LL_StallEP
 .text.USBD_LL_ClearStallEP
                0x0800956e       0x3e ./src/lib/cube_f103/USB_DEVICE/Target/usbd_conf.o
                0x0800956e                USBD_LL_ClearStallEP
 .text.USBD_LL_IsStallEP
                0x080095ac       0x56 ./src/lib/cube_f103/USB_DEVICE/Target/usbd_conf.o
                0x080095ac                USBD_LL_IsStallEP
 .text.USBD_LL_SetUSBAddress
                0x08009602       0x3e ./src/lib/cube_f103/USB_DEVICE/Target/usbd_conf.o
                0x08009602                USBD_LL_SetUSBAddress
 .text.USBD_LL_Transmit
                0x08009640       0x46 ./src/lib/cube_f103/USB_DEVICE/Target/usbd_conf.o
                0x08009640                USBD_LL_Transmit
 .text.USBD_LL_PrepareReceive
                0x08009686       0x46 ./src/lib/cube_f103/USB_DEVICE/Target/usbd_conf.o
                0x08009686                USBD_LL_PrepareReceive
 .text.USBD_LL_GetRxDataSize
                0x080096cc       0x26 ./src/lib/cube_f103/USB_DEVICE/Target/usbd_conf.o
                0x080096cc                USBD_LL_GetRxDataSize
 *fill*         0x080096f2        0x2 
 .text.USBD_static_malloc
                0x080096f4       0x18 ./src/lib/cube_f103/USB_DEVICE/Target/usbd_conf.o
                0x080096f4                USBD_static_malloc
 .text.USBD_static_free
                0x0800970c       0x12 ./src/lib/cube_f103/USB_DEVICE/Target/usbd_conf.o
                0x0800970c                USBD_static_free
 .text.HAL_PCDEx_SetConnectionState
                0x0800971e       0x16 ./src/lib/cube_f103/USB_DEVICE/Target/usbd_conf.o
                0x0800971e                HAL_PCDEx_SetConnectionState
 .text.USBD_Get_USB_Status
                0x08009734       0x58 ./src/lib/cube_f103/USB_DEVICE/Target/usbd_conf.o
 .text.main     0x0800978c       0x16 ./src/main.o
                0x0800978c                main
 .text.memset   0x080097a2       0x10 C:/ST/STM32CubeIDE_1.18.1/STM32CubeIDE/plugins/com.st.stm32cube.ide.mcu.externaltools.gnu-tools-for-stm32.13.3.rel1.win32_1.0.0.202411081344/tools/bin/../lib/gcc/arm-none-eabi/13.3.1/../../../../arm-none-eabi/lib/thumb/v7-m/nofp\libc_nano.a(libc_a-memset.o)
                0x080097a2                memset
 *fill*         0x080097b2        0x2 
 .text.__libc_init_array
                0x080097b4       0x48 C:/ST/STM32CubeIDE_1.18.1/STM32CubeIDE/plugins/com.st.stm32cube.ide.mcu.externaltools.gnu-tools-for-stm32.13.3.rel1.win32_1.0.0.202411081344/tools/bin/../lib/gcc/arm-none-eabi/13.3.1/../../../../arm-none-eabi/lib/thumb/v7-m/nofp\libc_nano.a(libc_a-init.o)
                0x080097b4                __libc_init_array
 *(.glue_7)
 .glue_7        0x080097fc        0x0 linker stubs
 *(.glue_7t)
 .glue_7t       0x080097fc        0x0 linker stubs
 *(.eh_frame)
 .eh_frame      0x080097fc        0x0 C:/ST/STM32CubeIDE_1.18.1/STM32CubeIDE/plugins/com.st.stm32cube.ide.mcu.externaltools.gnu-tools-for-stm32.13.3.rel1.win32_1.0.0.202411081344/tools/bin/../lib/gcc/arm-none-eabi/13.3.1/thumb/v7-m/nofp/crtbegin.o
 *(.init)
 .init          0x080097fc        0x4 C:/ST/STM32CubeIDE_1.18.1/STM32CubeIDE/plugins/com.st.stm32cube.ide.mcu.externaltools.gnu-tools-for-stm32.13.3.rel1.win32_1.0.0.202411081344/tools/bin/../lib/gcc/arm-none-eabi/13.3.1/thumb/v7-m/nofp/crti.o
                0x080097fc                _init
 .init          0x08009800        0x8 C:/ST/STM32CubeIDE_1.18.1/STM32CubeIDE/plugins/com.st.stm32cube.ide.mcu.externaltools.gnu-tools-for-stm32.13.3.rel1.win32_1.0.0.202411081344/tools/bin/../lib/gcc/arm-none-eabi/13.3.1/thumb/v7-m/nofp/crtn.o
 *(.fini)
 .fini          0x08009808        0x4 C:/ST/STM32CubeIDE_1.18.1/STM32CubeIDE/plugins/com.st.stm32cube.ide.mcu.externaltools.gnu-tools-for-stm32.13.3.rel1.win32_1.0.0.202411081344/tools/bin/../lib/gcc/arm-none-eabi/13.3.1/thumb/v7-m/nofp/crti.o
                0x08009808                _fini
 .fini          0x0800980c        0x8 C:/ST/STM32CubeIDE_1.18.1/STM32CubeIDE/plugins/com.st.stm32cube.ide.mcu.externaltools.gnu-tools-for-stm32.13.3.rel1.win32_1.0.0.202411081344/tools/bin/../lib/gcc/arm-none-eabi/13.3.1/thumb/v7-m/nofp/crtn.o
                0x08009814                        . = ALIGN (0x4)
                0x08009814                        _etext = .

.vfp11_veneer   0x08009814        0x0
 .vfp11_veneer  0x08009814        0x0 linker stubs

.v4_bx          0x08009814        0x0
 .v4_bx         0x08009814        0x0 linker stubs

.iplt           0x08009814        0x0
 .iplt          0x08009814        0x0 C:/ST/STM32CubeIDE_1.18.1/STM32CubeIDE/plugins/com.st.stm32cube.ide.mcu.externaltools.gnu-tools-for-stm32.13.3.rel1.win32_1.0.0.202411081344/tools/bin/../lib/gcc/arm-none-eabi/13.3.1/thumb/v7-m/nofp/crtbegin.o

.rodata         0x08009814       0x88
                0x08009814                        . = ALIGN (0x4)
 *(.rodata)
 .rodata        0x08009814       0x46 ./src/lib/cube_f103/USB_DEVICE/App/usbd_desc.o
 *(.rodata*)
 *fill*         0x0800985a        0x2 
 .rodata.AHBPrescTable
                0x0800985c       0x10 ./src/bsp/system_stm32f1xx.o
                0x0800985c                AHBPrescTable
 .rodata.APBPrescTable
                0x0800986c        0x8 ./src/bsp/system_stm32f1xx.o
                0x0800986c                APBPrescTable
 .rodata.aPLLMULFactorTable.1
                0x08009874       0x10 ./src/lib/cube_f103/Drivers/STM32F1xx_HAL_Driver/Src/stm32f1xx_hal_rcc.o
 .rodata.aPredivFactorTable.0
                0x08009884        0x2 ./src/lib/cube_f103/Drivers/STM32F1xx_HAL_Driver/Src/stm32f1xx_hal_rcc.o
 *fill*         0x08009886        0x2 
 .rodata.aPLLMULFactorTable.1
                0x08009888       0x10 ./src/lib/cube_f103/Drivers/STM32F1xx_HAL_Driver/Src/stm32f1xx_hal_rcc_ex.o
 .rodata.aPredivFactorTable.0
                0x08009898        0x2 ./src/lib/cube_f103/Drivers/STM32F1xx_HAL_Driver/Src/stm32f1xx_hal_rcc_ex.o
                0x0800989c                        . = ALIGN (0x4)
 *fill*         0x0800989a        0x2 

.ARM.extab      0x0800989c        0x0
                0x0800989c                        . = ALIGN (0x4)
 *(.ARM.extab* .gnu.linkonce.armextab.*)
                0x0800989c                        . = ALIGN (0x4)

.ARM            0x0800989c        0x0
                0x0800989c                        . = ALIGN (0x4)
                0x0800989c                        __exidx_start = .
 *(.ARM.exidx*)
                0x0800989c                        __exidx_end = .
                0x0800989c                        . = ALIGN (0x4)

.preinit_array  0x0800989c        0x0
                0x0800989c                        . = ALIGN (0x4)
                0x0800989c                        PROVIDE (__preinit_array_start = .)
 *(.preinit_array*)
                0x0800989c                        PROVIDE (__preinit_array_end = .)
                0x0800989c                        . = ALIGN (0x4)

.init_array     0x0800989c        0x4
                0x0800989c                        . = ALIGN (0x4)
                0x0800989c                        PROVIDE (__init_array_start = .)
 *(SORT_BY_NAME(.init_array.*))
 *(.init_array*)
 .init_array    0x0800989c        0x4 C:/ST/STM32CubeIDE_1.18.1/STM32CubeIDE/plugins/com.st.stm32cube.ide.mcu.externaltools.gnu-tools-for-stm32.13.3.rel1.win32_1.0.0.202411081344/tools/bin/../lib/gcc/arm-none-eabi/13.3.1/thumb/v7-m/nofp/crtbegin.o
                0x080098a0                        PROVIDE (__init_array_end = .)
                0x080098a0                        . = ALIGN (0x4)

.fini_array     0x080098a0        0x4
                0x080098a0                        . = ALIGN (0x4)
                [!provide]                        PROVIDE (__fini_array_start = .)
 *(SORT_BY_NAME(.fini_array.*))
 *(.fini_array*)
 .fini_array    0x080098a0        0x4 C:/ST/STM32CubeIDE_1.18.1/STM32CubeIDE/plugins/com.st.stm32cube.ide.mcu.externaltools.gnu-tools-for-stm32.13.3.rel1.win32_1.0.0.202411081344/tools/bin/../lib/gcc/arm-none-eabi/13.3.1/thumb/v7-m/nofp/crtbegin.o
                [!provide]                        PROVIDE (__fini_array_end = .)
                0x080098a4                        . = ALIGN (0x4)
                0x080098a4                        _sidata = LOADADDR (.data)

.rel.dyn        0x080098a4        0x0
 .rel.iplt      0x080098a4        0x0 C:/ST/STM32CubeIDE_1.18.1/STM32CubeIDE/plugins/com.st.stm32cube.ide.mcu.externaltools.gnu-tools-for-stm32.13.3.rel1.win32_1.0.0.202411081344/tools/bin/../lib/gcc/arm-none-eabi/13.3.1/thumb/v7-m/nofp/crtbegin.o

.data           0x20000000      0x190 load address 0x080098a4
                0x20000000                        . = ALIGN (0x4)
                0x20000000                        _sdata = .
 *(.data)
 *(.data*)
 .data.SystemCoreClock
                0x20000000        0x4 ./src/bsp/system_stm32f1xx.o
                0x20000000                SystemCoreClock
 .data.led_tbl  0x20000004        0x8 ./src/hw/driver/led.o
                0x20000004                led_tbl
 .data.uwTickPrio
                0x2000000c        0x4 ./src/lib/cube_f103/Drivers/STM32F1xx_HAL_Driver/Src/stm32f1xx_hal.o
                0x2000000c                uwTickPrio
 .data.uwTickFreq
                0x20000010        0x1 ./src/lib/cube_f103/Drivers/STM32F1xx_HAL_Driver/Src/stm32f1xx_hal.o
                0x20000010                uwTickFreq
 *fill*         0x20000011        0x3 
 .data.USBD_CDC_DeviceQualifierDesc
                0x20000014        0xa ./src/lib/cube_f103/Middlewares/ST/STM32_USB_Device_Library/Class/CDC/Src/usbd_cdc.o
 *fill*         0x2000001e        0x2 
 .data.USBD_CDC
                0x20000020       0x38 ./src/lib/cube_f103/Middlewares/ST/STM32_USB_Device_Library/Class/CDC/Src/usbd_cdc.o
                0x20000020                USBD_CDC
 .data.USBD_CDC_CfgHSDesc
                0x20000058       0x43 ./src/lib/cube_f103/Middlewares/ST/STM32_USB_Device_Library/Class/CDC/Src/usbd_cdc.o
                0x20000058                USBD_CDC_CfgHSDesc
 *fill*         0x2000009b        0x1 
 .data.USBD_CDC_CfgFSDesc
                0x2000009c       0x43 ./src/lib/cube_f103/Middlewares/ST/STM32_USB_Device_Library/Class/CDC/Src/usbd_cdc.o
                0x2000009c                USBD_CDC_CfgFSDesc
 *fill*         0x200000df        0x1 
 .data.USBD_CDC_OtherSpeedCfgDesc
                0x200000e0       0x43 ./src/lib/cube_f103/Middlewares/ST/STM32_USB_Device_Library/Class/CDC/Src/usbd_cdc.o
                0x200000e0                USBD_CDC_OtherSpeedCfgDesc
 *fill*         0x20000123        0x1 
 .data.LineCoding
                0x20000124        0x8 ./src/lib/cube_f103/USB_DEVICE/App/usbd_cdc_if.o
                0x20000124                LineCoding
 .data.rx_len   0x2000012c        0x4 ./src/lib/cube_f103/USB_DEVICE/App/usbd_cdc_if.o
                0x2000012c                rx_len
 .data.USBD_Interface_fops_FS
                0x20000130       0x10 ./src/lib/cube_f103/USB_DEVICE/App/usbd_cdc_if.o
                0x20000130                USBD_Interface_fops_FS
 .data.FS_Desc  0x20000140       0x1c ./src/lib/cube_f103/USB_DEVICE/App/usbd_desc.o
                0x20000140                FS_Desc
 .data.USBD_FS_DeviceDesc
                0x2000015c       0x12 ./src/lib/cube_f103/USB_DEVICE/App/usbd_desc.o
                0x2000015c                USBD_FS_DeviceDesc
 *fill*         0x2000016e        0x2 
 .data.USBD_LangIDDesc
                0x20000170        0x4 ./src/lib/cube_f103/USB_DEVICE/App/usbd_desc.o
                0x20000170                USBD_LangIDDesc
 .data.USBD_StringSerial
                0x20000174       0x1a ./src/lib/cube_f103/USB_DEVICE/App/usbd_desc.o
                0x20000174                USBD_StringSerial
 *(.RamFunc)
 *(.RamFunc*)
                0x20000190                        . = ALIGN (0x4)
 *fill*         0x2000018e        0x2 
                0x20000190                        _edata = .

.igot.plt       0x20000190        0x0 load address 0x08009a34
 .igot.plt      0x20000190        0x0 C:/ST/STM32CubeIDE_1.18.1/STM32CubeIDE/plugins/com.st.stm32cube.ide.mcu.externaltools.gnu-tools-for-stm32.13.3.rel1.win32_1.0.0.202411081344/tools/bin/../lib/gcc/arm-none-eabi/13.3.1/thumb/v7-m/nofp/crtbegin.o
                0x20000190                        . = ALIGN (0x4)

.bss            0x20000190     0x11b4 load address 0x08009a34
                0x20000190                        _sbss = .
                0x20000190                        __bss_start__ = _sbss
 *(.bss)
 .bss           0x20000190       0x1c C:/ST/STM32CubeIDE_1.18.1/STM32CubeIDE/plugins/com.st.stm32cube.ide.mcu.externaltools.gnu-tools-for-stm32.13.3.rel1.win32_1.0.0.202411081344/tools/bin/../lib/gcc/arm-none-eabi/13.3.1/thumb/v7-m/nofp/crtbegin.o
 *(.bss*)
 .bss.reset_count
                0x200001ac        0x4 ./src/hw/driver/reset.o
 .bss.hrtc      0x200001b0       0x14 ./src/hw/driver/rtc.o
 .bss.is_open   0x200001c4        0x2 ./src/hw/driver/uart.o
 *fill*         0x200001c6        0x2 
 .bss.qbuffer   0x200001c8       0x20 ./src/hw/driver/uart.o
 .bss.rx_buf    0x200001e8      0x100 ./src/hw/driver/uart.o
 .bss.huart1    0x200002e8       0x48 ./src/hw/driver/uart.o
                0x200002e8                huart1
 .bss.hdma_usart1_rx
                0x20000330       0x44 ./src/hw/driver/uart.o
                0x20000330                hdma_usart1_rx
 .bss.uwTick    0x20000374        0x4 ./src/lib/cube_f103/Drivers/STM32F1xx_HAL_Driver/Src/stm32f1xx_hal.o
                0x20000374                uwTick
 .bss.cfgidx.0  0x20000378        0x1 ./src/lib/cube_f103/Middlewares/ST/STM32_USB_Device_Library/Core/Src/usbd_ctlreq.o
 *fill*         0x20000379        0x3 
 .bss.hUsbDeviceFS
                0x2000037c      0x2c4 ./src/lib/cube_f103/USB_DEVICE/App/usb_device.o
                0x2000037c                hUsbDeviceFS
 .bss.rx_in     0x20000640        0x4 ./src/lib/cube_f103/USB_DEVICE/App/usbd_cdc_if.o
                0x20000640                rx_in
 .bss.rx_out    0x20000644        0x4 ./src/lib/cube_f103/USB_DEVICE/App/usbd_cdc_if.o
                0x20000644                rx_out
 .bss.rx_buf    0x20000648      0x200 ./src/lib/cube_f103/USB_DEVICE/App/usbd_cdc_if.o
                0x20000648                rx_buf
 .bss.rx_full   0x20000848        0x1 ./src/lib/cube_f103/USB_DEVICE/App/usbd_cdc_if.o
                0x20000848                rx_full
 *fill*         0x20000849        0x3 
 .bss.UserRxBufferFS
                0x2000084c      0x200 ./src/lib/cube_f103/USB_DEVICE/App/usbd_cdc_if.o
                0x2000084c                UserRxBufferFS
 .bss.UserTxBufferFS
                0x20000a4c      0x200 ./src/lib/cube_f103/USB_DEVICE/App/usbd_cdc_if.o
                0x20000a4c                UserTxBufferFS
 .bss.USBD_StrDesc
                0x20000c4c      0x200 ./src/lib/cube_f103/USB_DEVICE/App/usbd_desc.o
                0x20000c4c                USBD_StrDesc
 .bss.hpcd_USB_FS
                0x20000e4c      0x2d8 ./src/lib/cube_f103/USB_DEVICE/Target/usbd_conf.o
                0x20000e4c                hpcd_USB_FS
 .bss.mem.0     0x20001124      0x220 ./src/lib/cube_f103/USB_DEVICE/Target/usbd_conf.o
 *(COMMON)
                0x20001344                        . = ALIGN (0x4)
                0x20001344                        _ebss = .
                0x20001344                        __bss_end__ = _ebss

._user_heap_stack
                0x20001344      0x604 load address 0x08009a34
                0x20001348                        . = ALIGN (0x8)
 *fill*         0x20001344        0x4 
                [!provide]                        PROVIDE (end = .)
                0x20001348                        PROVIDE (_end = .)
                0x20001548                        . = (. + _Min_Heap_Size)
 *fill*         0x20001348      0x200 
                0x20001948                        . = (. + _Min_Stack_Size)
 *fill*         0x20001548      0x400 
                0x20001948                        . = ALIGN (0x8)

/DISCARD/
 libc.a(*)
 libm.a(*)
 libgcc.a(*)

.ARM.attributes
                0x00000000       0x29
 *(.ARM.attributes)
 .ARM.attributes
                0x00000000       0x1d C:/ST/STM32CubeIDE_1.18.1/STM32CubeIDE/plugins/com.st.stm32cube.ide.mcu.externaltools.gnu-tools-for-stm32.13.3.rel1.win32_1.0.0.202411081344/tools/bin/../lib/gcc/arm-none-eabi/13.3.1/thumb/v7-m/nofp/crti.o
 .ARM.attributes
                0x0000001d       0x2d C:/ST/STM32CubeIDE_1.18.1/STM32CubeIDE/plugins/com.st.stm32cube.ide.mcu.externaltools.gnu-tools-for-stm32.13.3.rel1.win32_1.0.0.202411081344/tools/bin/../lib/gcc/arm-none-eabi/13.3.1/thumb/v7-m/nofp/crtbegin.o
 .ARM.attributes
                0x0000004a       0x2d ./src/ap/ap.o
 .ARM.attributes
                0x00000077       0x2d ./src/bsp/bsp.o
 .ARM.attributes
                0x000000a4       0x2d ./src/bsp/stm32f1xx_hal_msp.o
 .ARM.attributes
                0x000000d1       0x2d ./src/bsp/stm32f1xx_it.o
 .ARM.attributes
                0x000000fe       0x2d ./src/bsp/system_stm32f1xx.o
 .ARM.attributes
                0x0000012b       0x21 ./src/bsp/startup/startup_stm32f103c8tx.o
 .ARM.attributes
                0x0000014c       0x2d ./src/common/core/qbuffer.o
 .ARM.attributes
                0x00000179       0x2d ./src/hw/driver/led.o
 .ARM.attributes
                0x000001a6       0x2d ./src/hw/driver/reset.o
 .ARM.attributes
                0x000001d3       0x2d ./src/hw/driver/rtc.o
 .ARM.attributes
                0x00000200       0x2d ./src/hw/driver/uart.o
 .ARM.attributes
                0x0000022d       0x2d ./src/hw/driver/usb.o
 .ARM.attributes
                0x0000025a       0x2d ./src/hw/hw.o
 .ARM.attributes
                0x00000287       0x2d ./src/lib/cube_f103/Drivers/STM32F1xx_HAL_Driver/Src/stm32f1xx_hal.o
 .ARM.attributes
                0x000002b4       0x2d ./src/lib/cube_f103/Drivers/STM32F1xx_HAL_Driver/Src/stm32f1xx_hal_cortex.o
 .ARM.attributes
                0x000002e1       0x2d ./src/lib/cube_f103/Drivers/STM32F1xx_HAL_Driver/Src/stm32f1xx_hal_dma.o
 .ARM.attributes
                0x0000030e       0x2d ./src/lib/cube_f103/Drivers/STM32F1xx_HAL_Driver/Src/stm32f1xx_hal_gpio.o
 .ARM.attributes
                0x0000033b       0x2d ./src/lib/cube_f103/Drivers/STM32F1xx_HAL_Driver/Src/stm32f1xx_hal_pcd.o
 .ARM.attributes
                0x00000368       0x2d ./src/lib/cube_f103/Drivers/STM32F1xx_HAL_Driver/Src/stm32f1xx_hal_pcd_ex.o
 .ARM.attributes
                0x00000395       0x2d ./src/lib/cube_f103/Drivers/STM32F1xx_HAL_Driver/Src/stm32f1xx_hal_pwr.o
 .ARM.attributes
                0x000003c2       0x2d ./src/lib/cube_f103/Drivers/STM32F1xx_HAL_Driver/Src/stm32f1xx_hal_rcc.o
 .ARM.attributes
                0x000003ef       0x2d ./src/lib/cube_f103/Drivers/STM32F1xx_HAL_Driver/Src/stm32f1xx_hal_rcc_ex.o
 .ARM.attributes
                0x0000041c       0x2d ./src/lib/cube_f103/Drivers/STM32F1xx_HAL_Driver/Src/stm32f1xx_hal_rtc.o
 .ARM.attributes
                0x00000449       0x2d ./src/lib/cube_f103/Drivers/STM32F1xx_HAL_Driver/Src/stm32f1xx_hal_rtc_ex.o
 .ARM.attributes
                0x00000476       0x2d ./src/lib/cube_f103/Drivers/STM32F1xx_HAL_Driver/Src/stm32f1xx_hal_uart.o
 .ARM.attributes
                0x000004a3       0x2d ./src/lib/cube_f103/Drivers/STM32F1xx_HAL_Driver/Src/stm32f1xx_ll_usb.o
 .ARM.attributes
                0x000004d0       0x2d ./src/lib/cube_f103/Middlewares/ST/STM32_USB_Device_Library/Class/CDC/Src/usbd_cdc.o
 .ARM.attributes
                0x000004fd       0x2d ./src/lib/cube_f103/Middlewares/ST/STM32_USB_Device_Library/Core/Src/usbd_core.o
 .ARM.attributes
                0x0000052a       0x2d ./src/lib/cube_f103/Middlewares/ST/STM32_USB_Device_Library/Core/Src/usbd_ctlreq.o
 .ARM.attributes
                0x00000557       0x2d ./src/lib/cube_f103/Middlewares/ST/STM32_USB_Device_Library/Core/Src/usbd_ioreq.o
 .ARM.attributes
                0x00000584       0x2d ./src/lib/cube_f103/USB_DEVICE/App/usb_device.o
 .ARM.attributes
                0x000005b1       0x2d ./src/lib/cube_f103/USB_DEVICE/App/usbd_cdc_if.o
 .ARM.attributes
                0x000005de       0x2d ./src/lib/cube_f103/USB_DEVICE/App/usbd_desc.o
 .ARM.attributes
                0x0000060b       0x2d ./src/lib/cube_f103/USB_DEVICE/Target/usbd_conf.o
 .ARM.attributes
                0x00000638       0x2d ./src/main.o
 .ARM.attributes
                0x00000665       0x2d C:/ST/STM32CubeIDE_1.18.1/STM32CubeIDE/plugins/com.st.stm32cube.ide.mcu.externaltools.gnu-tools-for-stm32.13.3.rel1.win32_1.0.0.202411081344/tools/bin/../lib/gcc/arm-none-eabi/13.3.1/../../../../arm-none-eabi/lib/thumb/v7-m/nofp\libc_nano.a(libc_a-memset.o)
 .ARM.attributes
                0x00000692       0x2d C:/ST/STM32CubeIDE_1.18.1/STM32CubeIDE/plugins/com.st.stm32cube.ide.mcu.externaltools.gnu-tools-for-stm32.13.3.rel1.win32_1.0.0.202411081344/tools/bin/../lib/gcc/arm-none-eabi/13.3.1/../../../../arm-none-eabi/lib/thumb/v7-m/nofp\libc_nano.a(libc_a-init.o)
 .ARM.attributes
                0x000006bf       0x1d C:/ST/STM32CubeIDE_1.18.1/STM32CubeIDE/plugins/com.st.stm32cube.ide.mcu.externaltools.gnu-tools-for-stm32.13.3.rel1.win32_1.0.0.202411081344/tools/bin/../lib/gcc/arm-none-eabi/13.3.1/thumb/v7-m/nofp/crtn.o
OUTPUT(stm32f103_fw.elf elf32-littlearm)
LOAD linker stubs
LOAD C:/ST/STM32CubeIDE_1.18.1/STM32CubeIDE/plugins/com.st.stm32cube.ide.mcu.externaltools.gnu-tools-for-stm32.13.3.rel1.win32_1.0.0.202411081344/tools/bin/../lib/gcc/arm-none-eabi/13.3.1/../../../../arm-none-eabi/lib/thumb/v7-m/nofp\libc.a
LOAD C:/ST/STM32CubeIDE_1.18.1/STM32CubeIDE/plugins/com.st.stm32cube.ide.mcu.externaltools.gnu-tools-for-stm32.13.3.rel1.win32_1.0.0.202411081344/tools/bin/../lib/gcc/arm-none-eabi/13.3.1/../../../../arm-none-eabi/lib/thumb/v7-m/nofp\libm.a
LOAD C:/ST/STM32CubeIDE_1.18.1/STM32CubeIDE/plugins/com.st.stm32cube.ide.mcu.externaltools.gnu-tools-for-stm32.13.3.rel1.win32_1.0.0.202411081344/tools/bin/../lib/gcc/arm-none-eabi/13.3.1/thumb/v7-m/nofp\libgcc.a

.debug_info     0x00000000    0x1311d
 .debug_info    0x00000000      0x127 ./src/ap/ap.o
 .debug_info    0x00000127      0x490 ./src/bsp/bsp.o
 .debug_info    0x000005b7      0x1f8 ./src/bsp/stm32f1xx_hal_msp.o
 .debug_info    0x000007af      0xa8d ./src/bsp/stm32f1xx_it.o
 .debug_info    0x0000123c      0x21b ./src/bsp/system_stm32f1xx.o
 .debug_info    0x00001457       0x30 ./src/bsp/startup/startup_stm32f103c8tx.o
 .debug_info    0x00001487      0x2a1 ./src/common/core/qbuffer.o
 .debug_info    0x00001728      0x3c1 ./src/hw/driver/led.o
 .debug_info    0x00001ae9      0x1c3 ./src/hw/driver/reset.o
 .debug_info    0x00001cac      0x4ab ./src/hw/driver/rtc.o
 .debug_info    0x00002157      0xdb3 ./src/hw/driver/uart.o
 .debug_info    0x00002f0a      0x222 ./src/hw/driver/usb.o
 .debug_info    0x0000312c       0xdc ./src/hw/hw.o
 .debug_info    0x00003208      0x704 ./src/lib/cube_f103/Drivers/STM32F1xx_HAL_Driver/Src/stm32f1xx_hal.o
 .debug_info    0x0000390c      0xa87 ./src/lib/cube_f103/Drivers/STM32F1xx_HAL_Driver/Src/stm32f1xx_hal_cortex.o
 .debug_info    0x00004393      0x6d2 ./src/lib/cube_f103/Drivers/STM32F1xx_HAL_Driver/Src/stm32f1xx_hal_dma.o
 .debug_info    0x00004a65      0x5ab ./src/lib/cube_f103/Drivers/STM32F1xx_HAL_Driver/Src/stm32f1xx_hal_gpio.o
 .debug_info    0x00005010     0x16dc ./src/lib/cube_f103/Drivers/STM32F1xx_HAL_Driver/Src/stm32f1xx_hal_pcd.o
 .debug_info    0x000066ec      0x6c3 ./src/lib/cube_f103/Drivers/STM32F1xx_HAL_Driver/Src/stm32f1xx_hal_pcd_ex.o
 .debug_info    0x00006daf      0x628 ./src/lib/cube_f103/Drivers/STM32F1xx_HAL_Driver/Src/stm32f1xx_hal_pwr.o
 .debug_info    0x000073d7      0x7d5 ./src/lib/cube_f103/Drivers/STM32F1xx_HAL_Driver/Src/stm32f1xx_hal_rcc.o
 .debug_info    0x00007bac      0x3c0 ./src/lib/cube_f103/Drivers/STM32F1xx_HAL_Driver/Src/stm32f1xx_hal_rcc_ex.o
 .debug_info    0x00007f6c      0xc73 ./src/lib/cube_f103/Drivers/STM32F1xx_HAL_Driver/Src/stm32f1xx_hal_rtc.o
 .debug_info    0x00008bdf      0x6a7 ./src/lib/cube_f103/Drivers/STM32F1xx_HAL_Driver/Src/stm32f1xx_hal_rtc_ex.o
 .debug_info    0x00009286     0x2eed ./src/lib/cube_f103/Drivers/STM32F1xx_HAL_Driver/Src/stm32f1xx_hal_uart.o
 .debug_info    0x0000c173     0x17ae ./src/lib/cube_f103/Drivers/STM32F1xx_HAL_Driver/Src/stm32f1xx_ll_usb.o
 .debug_info    0x0000d921     0x1059 ./src/lib/cube_f103/Middlewares/ST/STM32_USB_Device_Library/Class/CDC/Src/usbd_cdc.o
 .debug_info    0x0000e97a      0xa52 ./src/lib/cube_f103/Middlewares/ST/STM32_USB_Device_Library/Core/Src/usbd_core.o
 .debug_info    0x0000f3cc      0x91c ./src/lib/cube_f103/Middlewares/ST/STM32_USB_Device_Library/Core/Src/usbd_ctlreq.o
 .debug_info    0x0000fce8      0x6a0 ./src/lib/cube_f103/Middlewares/ST/STM32_USB_Device_Library/Core/Src/usbd_ioreq.o
 .debug_info    0x00010388      0x63d ./src/lib/cube_f103/USB_DEVICE/App/usb_device.o
 .debug_info    0x000109c5      0xa00 ./src/lib/cube_f103/USB_DEVICE/App/usbd_cdc_if.o
 .debug_info    0x000113c5      0x44a ./src/lib/cube_f103/USB_DEVICE/App/usbd_desc.o
 .debug_info    0x0001180f     0x1864 ./src/lib/cube_f103/USB_DEVICE/Target/usbd_conf.o
 .debug_info    0x00013073       0xaa ./src/main.o

.debug_abbrev   0x00000000     0x40e0
 .debug_abbrev  0x00000000       0xc8 ./src/ap/ap.o
 .debug_abbrev  0x000000c8      0x20a ./src/bsp/bsp.o
 .debug_abbrev  0x000002d2       0xdb ./src/bsp/stm32f1xx_hal_msp.o
 .debug_abbrev  0x000003ad      0x1bb ./src/bsp/stm32f1xx_it.o
 .debug_abbrev  0x00000568      0x13f ./src/bsp/system_stm32f1xx.o
 .debug_abbrev  0x000006a7       0x24 ./src/bsp/startup/startup_stm32f103c8tx.o
 .debug_abbrev  0x000006cb      0x108 ./src/common/core/qbuffer.o
 .debug_abbrev  0x000007d3      0x1a8 ./src/hw/driver/led.o
 .debug_abbrev  0x0000097b      0x113 ./src/hw/driver/reset.o
 .debug_abbrev  0x00000a8e      0x1c5 ./src/hw/driver/rtc.o
 .debug_abbrev  0x00000c53      0x2e5 ./src/hw/driver/uart.o
 .debug_abbrev  0x00000f38      0x14d ./src/hw/driver/usb.o
 .debug_abbrev  0x00001085       0x6d ./src/hw/hw.o
 .debug_abbrev  0x000010f2      0x201 ./src/lib/cube_f103/Drivers/STM32F1xx_HAL_Driver/Src/stm32f1xx_hal.o
 .debug_abbrev  0x000012f3      0x2f8 ./src/lib/cube_f103/Drivers/STM32F1xx_HAL_Driver/Src/stm32f1xx_hal_cortex.o
 .debug_abbrev  0x000015eb      0x20b ./src/lib/cube_f103/Drivers/STM32F1xx_HAL_Driver/Src/stm32f1xx_hal_dma.o
 .debug_abbrev  0x000017f6      0x1ca ./src/lib/cube_f103/Drivers/STM32F1xx_HAL_Driver/Src/stm32f1xx_hal_gpio.o
 .debug_abbrev  0x000019c0      0x2d6 ./src/lib/cube_f103/Drivers/STM32F1xx_HAL_Driver/Src/stm32f1xx_hal_pcd.o
 .debug_abbrev  0x00001c96      0x189 ./src/lib/cube_f103/Drivers/STM32F1xx_HAL_Driver/Src/stm32f1xx_hal_pcd_ex.o
 .debug_abbrev  0x00001e1f      0x1f6 ./src/lib/cube_f103/Drivers/STM32F1xx_HAL_Driver/Src/stm32f1xx_hal_pwr.o
 .debug_abbrev  0x00002015      0x2b3 ./src/lib/cube_f103/Drivers/STM32F1xx_HAL_Driver/Src/stm32f1xx_hal_rcc.o
 .debug_abbrev  0x000022c8      0x188 ./src/lib/cube_f103/Drivers/STM32F1xx_HAL_Driver/Src/stm32f1xx_hal_rcc_ex.o
 .debug_abbrev  0x00002450      0x23a ./src/lib/cube_f103/Drivers/STM32F1xx_HAL_Driver/Src/stm32f1xx_hal_rtc.o
 .debug_abbrev  0x0000268a      0x22b ./src/lib/cube_f103/Drivers/STM32F1xx_HAL_Driver/Src/stm32f1xx_hal_rtc_ex.o
 .debug_abbrev  0x000028b5      0x2f8 ./src/lib/cube_f103/Drivers/STM32F1xx_HAL_Driver/Src/stm32f1xx_hal_uart.o
 .debug_abbrev  0x00002bad      0x1de ./src/lib/cube_f103/Drivers/STM32F1xx_HAL_Driver/Src/stm32f1xx_ll_usb.o
 .debug_abbrev  0x00002d8b      0x2d3 ./src/lib/cube_f103/Middlewares/ST/STM32_USB_Device_Library/Class/CDC/Src/usbd_cdc.o
 .debug_abbrev  0x0000305e      0x24a ./src/lib/cube_f103/Middlewares/ST/STM32_USB_Device_Library/Core/Src/usbd_core.o
 .debug_abbrev  0x000032a8      0x26b ./src/lib/cube_f103/Middlewares/ST/STM32_USB_Device_Library/Core/Src/usbd_ctlreq.o
 .debug_abbrev  0x00003513      0x192 ./src/lib/cube_f103/Middlewares/ST/STM32_USB_Device_Library/Core/Src/usbd_ioreq.o
 .debug_abbrev  0x000036a5      0x18d ./src/lib/cube_f103/USB_DEVICE/App/usb_device.o
 .debug_abbrev  0x00003832      0x33e ./src/lib/cube_f103/USB_DEVICE/App/usbd_cdc_if.o
 .debug_abbrev  0x00003b70      0x1ff ./src/lib/cube_f103/USB_DEVICE/App/usbd_desc.o
 .debug_abbrev  0x00003d6f      0x316 ./src/lib/cube_f103/USB_DEVICE/Target/usbd_conf.o
 .debug_abbrev  0x00004085       0x5b ./src/main.o

.debug_aranges  0x00000000     0x1150
 .debug_aranges
                0x00000000       0x28 ./src/ap/ap.o
 .debug_aranges
                0x00000028       0x48 ./src/bsp/bsp.o
 .debug_aranges
                0x00000070       0x20 ./src/bsp/stm32f1xx_hal_msp.o
 .debug_aranges
                0x00000090       0x78 ./src/bsp/stm32f1xx_it.o
 .debug_aranges
                0x00000108       0x28 ./src/bsp/system_stm32f1xx.o
 .debug_aranges
                0x00000130       0x28 ./src/bsp/startup/startup_stm32f103c8tx.o
 .debug_aranges
                0x00000158       0x48 ./src/common/core/qbuffer.o
 .debug_aranges
                0x000001a0       0x38 ./src/hw/driver/led.o
 .debug_aranges
                0x000001d8       0x28 ./src/hw/driver/reset.o
 .debug_aranges
                0x00000200       0x40 ./src/hw/driver/rtc.o
 .debug_aranges
                0x00000240       0x70 ./src/hw/driver/uart.o
 .debug_aranges
                0x000002b0       0x20 ./src/hw/driver/usb.o
 .debug_aranges
                0x000002d0       0x20 ./src/hw/hw.o
 .debug_aranges
                0x000002f0       0xe0 ./src/lib/cube_f103/Drivers/STM32F1xx_HAL_Driver/Src/stm32f1xx_hal.o
 .debug_aranges
                0x000003d0      0x100 ./src/lib/cube_f103/Drivers/STM32F1xx_HAL_Driver/Src/stm32f1xx_hal_cortex.o
 .debug_aranges
                0x000004d0       0x80 ./src/lib/cube_f103/Drivers/STM32F1xx_HAL_Driver/Src/stm32f1xx_hal_dma.o
 .debug_aranges
                0x00000550       0x58 ./src/lib/cube_f103/Drivers/STM32F1xx_HAL_Driver/Src/stm32f1xx_hal_gpio.o
 .debug_aranges
                0x000005a8      0x140 ./src/lib/cube_f103/Drivers/STM32F1xx_HAL_Driver/Src/stm32f1xx_hal_pcd.o
 .debug_aranges
                0x000006e8       0x38 ./src/lib/cube_f103/Drivers/STM32F1xx_HAL_Driver/Src/stm32f1xx_hal_pcd_ex.o
 .debug_aranges
                0x00000720       0xa8 ./src/lib/cube_f103/Drivers/STM32F1xx_HAL_Driver/Src/stm32f1xx_hal_pwr.o
 .debug_aranges
                0x000007c8       0x90 ./src/lib/cube_f103/Drivers/STM32F1xx_HAL_Driver/Src/stm32f1xx_hal_rcc.o
 .debug_aranges
                0x00000858       0x30 ./src/lib/cube_f103/Drivers/STM32F1xx_HAL_Driver/Src/stm32f1xx_hal_rcc_ex.o
 .debug_aranges
                0x00000888       0xf8 ./src/lib/cube_f103/Drivers/STM32F1xx_HAL_Driver/Src/stm32f1xx_hal_rtc.o
 .debug_aranges
                0x00000980       0x88 ./src/lib/cube_f103/Drivers/STM32F1xx_HAL_Driver/Src/stm32f1xx_hal_rtc_ex.o
 .debug_aranges
                0x00000a08      0x208 ./src/lib/cube_f103/Drivers/STM32F1xx_HAL_Driver/Src/stm32f1xx_hal_uart.o
 .debug_aranges
                0x00000c10       0xf8 ./src/lib/cube_f103/Drivers/STM32F1xx_HAL_Driver/Src/stm32f1xx_ll_usb.o
 .debug_aranges
                0x00000d08       0x90 ./src/lib/cube_f103/Middlewares/ST/STM32_USB_Device_Library/Class/CDC/Src/usbd_cdc.o
 .debug_aranges
                0x00000d98       0xb8 ./src/lib/cube_f103/Middlewares/ST/STM32_USB_Device_Library/Core/Src/usbd_core.o
 .debug_aranges
                0x00000e50       0x88 ./src/lib/cube_f103/Middlewares/ST/STM32_USB_Device_Library/Core/Src/usbd_ctlreq.o
 .debug_aranges
                0x00000ed8       0x50 ./src/lib/cube_f103/Middlewares/ST/STM32_USB_Device_Library/Core/Src/usbd_ioreq.o
 .debug_aranges
                0x00000f28       0x20 ./src/lib/cube_f103/USB_DEVICE/App/usb_device.o
 .debug_aranges
                0x00000f48       0x70 ./src/lib/cube_f103/USB_DEVICE/App/usbd_cdc_if.o
 .debug_aranges
                0x00000fb8       0x60 ./src/lib/cube_f103/USB_DEVICE/App/usbd_desc.o
 .debug_aranges
                0x00001018      0x118 ./src/lib/cube_f103/USB_DEVICE/Target/usbd_conf.o
 .debug_aranges
                0x00001130       0x20 ./src/main.o

.debug_rnglists
                0x00000000      0xcd0
 .debug_rnglists
                0x00000000       0x19 ./src/ap/ap.o
 .debug_rnglists
                0x00000019       0x32 ./src/bsp/bsp.o
 .debug_rnglists
                0x0000004b       0x13 ./src/bsp/stm32f1xx_hal_msp.o
 .debug_rnglists
                0x0000005e       0x55 ./src/bsp/stm32f1xx_it.o
 .debug_rnglists
                0x000000b3       0x1a ./src/bsp/system_stm32f1xx.o
 .debug_rnglists
                0x000000cd       0x19 ./src/bsp/startup/startup_stm32f103c8tx.o
 .debug_rnglists
                0x000000e6       0x31 ./src/common/core/qbuffer.o
 .debug_rnglists
                0x00000117       0x26 ./src/hw/driver/led.o
 .debug_rnglists
                0x0000013d       0x19 ./src/hw/driver/reset.o
 .debug_rnglists
                0x00000156       0x2b ./src/hw/driver/rtc.o
 .debug_rnglists
                0x00000181       0x51 ./src/hw/driver/uart.o
 .debug_rnglists
                0x000001d2       0x13 ./src/hw/driver/usb.o
 .debug_rnglists
                0x000001e5       0x13 ./src/hw/hw.o
 .debug_rnglists
                0x000001f8       0xa3 ./src/lib/cube_f103/Drivers/STM32F1xx_HAL_Driver/Src/stm32f1xx_hal.o
 .debug_rnglists
                0x0000029b       0xbb ./src/lib/cube_f103/Drivers/STM32F1xx_HAL_Driver/Src/stm32f1xx_hal_cortex.o
 .debug_rnglists
                0x00000356       0x64 ./src/lib/cube_f103/Drivers/STM32F1xx_HAL_Driver/Src/stm32f1xx_hal_dma.o
 .debug_rnglists
                0x000003ba       0x3f ./src/lib/cube_f103/Drivers/STM32F1xx_HAL_Driver/Src/stm32f1xx_hal_gpio.o
 .debug_rnglists
                0x000003f9       0xf4 ./src/lib/cube_f103/Drivers/STM32F1xx_HAL_Driver/Src/stm32f1xx_hal_pcd.o
 .debug_rnglists
                0x000004ed       0x26 ./src/lib/cube_f103/Drivers/STM32F1xx_HAL_Driver/Src/stm32f1xx_hal_pcd_ex.o
 .debug_rnglists
                0x00000513       0x7a ./src/lib/cube_f103/Drivers/STM32F1xx_HAL_Driver/Src/stm32f1xx_hal_pwr.o
 .debug_rnglists
                0x0000058d       0x6c ./src/lib/cube_f103/Drivers/STM32F1xx_HAL_Driver/Src/stm32f1xx_hal_rcc.o
 .debug_rnglists
                0x000005f9       0x21 ./src/lib/cube_f103/Drivers/STM32F1xx_HAL_Driver/Src/stm32f1xx_hal_rcc_ex.o
 .debug_rnglists
                0x0000061a       0xc1 ./src/lib/cube_f103/Drivers/STM32F1xx_HAL_Driver/Src/stm32f1xx_hal_rtc.o
 .debug_rnglists
                0x000006db       0x63 ./src/lib/cube_f103/Drivers/STM32F1xx_HAL_Driver/Src/stm32f1xx_hal_rtc_ex.o
 .debug_rnglists
                0x0000073e      0x1bc ./src/lib/cube_f103/Drivers/STM32F1xx_HAL_Driver/Src/stm32f1xx_hal_uart.o
 .debug_rnglists
                0x000008fa       0xbd ./src/lib/cube_f103/Drivers/STM32F1xx_HAL_Driver/Src/stm32f1xx_ll_usb.o
 .debug_rnglists
                0x000009b7       0x6a ./src/lib/cube_f103/Middlewares/ST/STM32_USB_Device_Library/Class/CDC/Src/usbd_cdc.o
 .debug_rnglists
                0x00000a21       0x89 ./src/lib/cube_f103/Middlewares/ST/STM32_USB_Device_Library/Core/Src/usbd_core.o
 .debug_rnglists
                0x00000aaa       0x68 ./src/lib/cube_f103/Middlewares/ST/STM32_USB_Device_Library/Core/Src/usbd_ctlreq.o
 .debug_rnglists
                0x00000b12       0x37 ./src/lib/cube_f103/Middlewares/ST/STM32_USB_Device_Library/Core/Src/usbd_ioreq.o
 .debug_rnglists
                0x00000b49       0x13 ./src/lib/cube_f103/USB_DEVICE/App/usb_device.o
 .debug_rnglists
                0x00000b5c       0x50 ./src/lib/cube_f103/USB_DEVICE/App/usbd_cdc_if.o
 .debug_rnglists
                0x00000bac       0x43 ./src/lib/cube_f103/USB_DEVICE/App/usbd_desc.o
 .debug_rnglists
                0x00000bef       0xce ./src/lib/cube_f103/USB_DEVICE/Target/usbd_conf.o
 .debug_rnglists
                0x00000cbd       0x13 ./src/main.o

.debug_macro    0x00000000    0x1c103
 .debug_macro   0x00000000      0x31b ./src/ap/ap.o
 .debug_macro   0x0000031b      0xac0 ./src/ap/ap.o
 .debug_macro   0x00000ddb       0x22 ./src/ap/ap.o
 .debug_macro   0x00000dfd       0x5b ./src/ap/ap.o
 .debug_macro   0x00000e58       0x24 ./src/ap/ap.o
 .debug_macro   0x00000e7c       0x94 ./src/ap/ap.o
 .debug_macro   0x00000f10       0x43 ./src/ap/ap.o
 .debug_macro   0x00000f53       0x34 ./src/ap/ap.o
 .debug_macro   0x00000f87       0x16 ./src/ap/ap.o
 .debug_macro   0x00000f9d       0x57 ./src/ap/ap.o
 .debug_macro   0x00000ff4       0x9e ./src/ap/ap.o
 .debug_macro   0x00001092      0x370 ./src/ap/ap.o
 .debug_macro   0x00001402      0x112 ./src/ap/ap.o
 .debug_macro   0x00001514       0x10 ./src/ap/ap.o
 .debug_macro   0x00001524       0x16 ./src/ap/ap.o
 .debug_macro   0x0000153a       0x4a ./src/ap/ap.o
 .debug_macro   0x00001584       0x34 ./src/ap/ap.o
 .debug_macro   0x000015b8       0x10 ./src/ap/ap.o
 .debug_macro   0x000015c8       0x58 ./src/ap/ap.o
 .debug_macro   0x00001620       0x8e ./src/ap/ap.o
 .debug_macro   0x000016ae       0x1c ./src/ap/ap.o
 .debug_macro   0x000016ca      0x185 ./src/ap/ap.o
 .debug_macro   0x0000184f       0x16 ./src/ap/ap.o
 .debug_macro   0x00001865       0x16 ./src/ap/ap.o
 .debug_macro   0x0000187b      0x146 ./src/ap/ap.o
 .debug_macro   0x000019c1      0x103 ./src/ap/ap.o
 .debug_macro   0x00001ac4       0x6a ./src/ap/ap.o
 .debug_macro   0x00001b2e      0x1df ./src/ap/ap.o
 .debug_macro   0x00001d0d       0x22 ./src/ap/ap.o
 .debug_macro   0x00001d2f       0x4c ./src/ap/ap.o
 .debug_macro   0x00001d7b       0x34 ./src/ap/ap.o
 .debug_macro   0x00001daf       0x16 ./src/ap/ap.o
 .debug_macro   0x00001dc5      0x221 ./src/ap/ap.o
 .debug_macro   0x00001fe6       0x2e ./src/ap/ap.o
 .debug_macro   0x00002014       0x22 ./src/ap/ap.o
 .debug_macro   0x00002036       0x1c ./src/ap/ap.o
 .debug_macro   0x00002052       0x22 ./src/ap/ap.o
 .debug_macro   0x00002074       0xbd ./src/ap/ap.o
 .debug_macro   0x00002131      0xd23 ./src/ap/ap.o
 .debug_macro   0x00002e54     0xe09e ./src/ap/ap.o
 .debug_macro   0x00010ef2       0x6d ./src/ap/ap.o
 .debug_macro   0x00010f5f     0x34a2 ./src/ap/ap.o
 .debug_macro   0x00014401       0x56 ./src/ap/ap.o
 .debug_macro   0x00014457      0x5bc ./src/ap/ap.o
 .debug_macro   0x00014a13      0x289 ./src/ap/ap.o
 .debug_macro   0x00014c9c      0x1cb ./src/ap/ap.o
 .debug_macro   0x00014e67      0x114 ./src/ap/ap.o
 .debug_macro   0x00014f7b      0x1b2 ./src/ap/ap.o
 .debug_macro   0x0001512d       0x27 ./src/ap/ap.o
 .debug_macro   0x00015154      0x136 ./src/ap/ap.o
 .debug_macro   0x0001528a      0x1bc ./src/ap/ap.o
 .debug_macro   0x00015446       0x34 ./src/ap/ap.o
 .debug_macro   0x0001547a       0x3c ./src/ap/ap.o
 .debug_macro   0x000154b6       0x57 ./src/ap/ap.o
 .debug_macro   0x0001550d       0x87 ./src/ap/ap.o
 .debug_macro   0x00015594      0x240 ./src/ap/ap.o
 .debug_macro   0x000157d4      0x140 ./src/ap/ap.o
 .debug_macro   0x00015914      0x1ef ./src/ap/ap.o
 .debug_macro   0x00015b03       0xeb ./src/ap/ap.o
 .debug_macro   0x00015bee      0x28e ./src/ap/ap.o
 .debug_macro   0x00015e7c       0xb7 ./src/ap/ap.o
 .debug_macro   0x00015f33      0x242 ./src/ap/ap.o
 .debug_macro   0x00016175       0x83 ./src/ap/ap.o
 .debug_macro   0x000161f8       0x3a ./src/ap/ap.o
 .debug_macro   0x00016232       0x10 ./src/ap/ap.o
 .debug_macro   0x00016242      0x2e6 ./src/bsp/bsp.o
 .debug_macro   0x00016528       0x10 ./src/bsp/bsp.o
 .debug_macro   0x00016538      0x325 ./src/bsp/stm32f1xx_hal_msp.o
 .debug_macro   0x0001685d      0x32f ./src/bsp/stm32f1xx_it.o
 .debug_macro   0x00016b8c       0xc8 ./src/bsp/system_stm32f1xx.o
 .debug_macro   0x00016c54       0x8e ./src/bsp/system_stm32f1xx.o
 .debug_macro   0x00016ce2       0x51 ./src/bsp/system_stm32f1xx.o
 .debug_macro   0x00016d33      0x165 ./src/common/core/qbuffer.o
 .debug_macro   0x00016e98      0x2dc ./src/hw/driver/led.o
 .debug_macro   0x00017174      0x2e0 ./src/hw/driver/reset.o
 .debug_macro   0x00017454      0x2d6 ./src/hw/driver/rtc.o
 .debug_macro   0x0001772a      0x2f0 ./src/hw/driver/uart.o
 .debug_macro   0x00017a1a      0x3aa ./src/hw/driver/usb.o
 .debug_macro   0x00017dc4       0x16 ./src/hw/driver/usb.o
 .debug_macro   0x00017dda       0x20 ./src/hw/driver/usb.o
 .debug_macro   0x00017dfa       0x10 ./src/hw/driver/usb.o
 .debug_macro   0x00017e0a       0x5f ./src/hw/driver/usb.o
 .debug_macro   0x00017e69      0x1c8 ./src/hw/driver/usb.o
 .debug_macro   0x00018031      0x311 ./src/hw/hw.o
 .debug_macro   0x00018342      0x1e5 ./src/lib/cube_f103/Drivers/STM32F1xx_HAL_Driver/Src/stm32f1xx_hal.o
 .debug_macro   0x00018527       0x5c ./src/lib/cube_f103/Drivers/STM32F1xx_HAL_Driver/Src/stm32f1xx_hal.o
 .debug_macro   0x00018583      0x1c1 ./src/lib/cube_f103/Drivers/STM32F1xx_HAL_Driver/Src/stm32f1xx_hal_cortex.o
 .debug_macro   0x00018744      0x1c1 ./src/lib/cube_f103/Drivers/STM32F1xx_HAL_Driver/Src/stm32f1xx_hal_dma.o
 .debug_macro   0x00018905      0x22c ./src/lib/cube_f103/Drivers/STM32F1xx_HAL_Driver/Src/stm32f1xx_hal_gpio.o
 .debug_macro   0x00018b31      0x1cd ./src/lib/cube_f103/Drivers/STM32F1xx_HAL_Driver/Src/stm32f1xx_hal_pcd.o
 .debug_macro   0x00018cfe      0x1c1 ./src/lib/cube_f103/Drivers/STM32F1xx_HAL_Driver/Src/stm32f1xx_hal_pcd_ex.o
 .debug_macro   0x00018ebf      0x221 ./src/lib/cube_f103/Drivers/STM32F1xx_HAL_Driver/Src/stm32f1xx_hal_pwr.o
 .debug_macro   0x000190e0      0x1d3 ./src/lib/cube_f103/Drivers/STM32F1xx_HAL_Driver/Src/stm32f1xx_hal_rcc.o
 .debug_macro   0x000192b3      0x1c1 ./src/lib/cube_f103/Drivers/STM32F1xx_HAL_Driver/Src/stm32f1xx_hal_rcc_ex.o
 .debug_macro   0x00019474      0x1d0 ./src/lib/cube_f103/Drivers/STM32F1xx_HAL_Driver/Src/stm32f1xx_hal_rtc.o
 .debug_macro   0x00019644      0x1c1 ./src/lib/cube_f103/Drivers/STM32F1xx_HAL_Driver/Src/stm32f1xx_hal_rtc_ex.o
 .debug_macro   0x00019805      0x1c2 ./src/lib/cube_f103/Drivers/STM32F1xx_HAL_Driver/Src/stm32f1xx_hal_uart.o
 .debug_macro   0x000199c7      0x1c1 ./src/lib/cube_f103/Drivers/STM32F1xx_HAL_Driver/Src/stm32f1xx_ll_usb.o
 .debug_macro   0x00019b88      0x3e2 ./src/lib/cube_f103/Middlewares/ST/STM32_USB_Device_Library/Class/CDC/Src/usbd_cdc.o
 .debug_macro   0x00019f6a       0x8f ./src/lib/cube_f103/Middlewares/ST/STM32_USB_Device_Library/Class/CDC/Src/usbd_cdc.o
 .debug_macro   0x00019ff9      0x3c9 ./src/lib/cube_f103/Middlewares/ST/STM32_USB_Device_Library/Core/Src/usbd_core.o
 .debug_macro   0x0001a3c2      0x1ce ./src/lib/cube_f103/Middlewares/ST/STM32_USB_Device_Library/Core/Src/usbd_core.o
 .debug_macro   0x0001a590      0x3d3 ./src/lib/cube_f103/Middlewares/ST/STM32_USB_Device_Library/Core/Src/usbd_ctlreq.o
 .debug_macro   0x0001a963      0x3cf ./src/lib/cube_f103/Middlewares/ST/STM32_USB_Device_Library/Core/Src/usbd_ioreq.o
 .debug_macro   0x0001ad32      0x408 ./src/lib/cube_f103/USB_DEVICE/App/usb_device.o
 .debug_macro   0x0001b13a       0x61 ./src/lib/cube_f103/USB_DEVICE/App/usb_device.o
 .debug_macro   0x0001b19b       0x22 ./src/lib/cube_f103/USB_DEVICE/App/usb_device.o
 .debug_macro   0x0001b1bd       0x16 ./src/lib/cube_f103/USB_DEVICE/App/usb_device.o
 .debug_macro   0x0001b1d3      0x3ed ./src/lib/cube_f103/USB_DEVICE/App/usbd_cdc_if.o
 .debug_macro   0x0001b5c0       0x10 ./src/lib/cube_f103/USB_DEVICE/App/usbd_cdc_if.o
 .debug_macro   0x0001b5d0      0x406 ./src/lib/cube_f103/USB_DEVICE/App/usbd_desc.o
 .debug_macro   0x0001b9d6       0x1c ./src/lib/cube_f103/USB_DEVICE/App/usbd_desc.o
 .debug_macro   0x0001b9f2      0x3ec ./src/lib/cube_f103/USB_DEVICE/Target/usbd_conf.o
 .debug_macro   0x0001bdde      0x325 ./src/main.o

.debug_line     0x00000000    0x1cca3
 .debug_line    0x00000000      0xa92 ./src/ap/ap.o
 .debug_line    0x00000a92      0xb12 ./src/bsp/bsp.o
 .debug_line    0x000015a4      0xad2 ./src/bsp/stm32f1xx_hal_msp.o
 .debug_line    0x00002076      0xbc8 ./src/bsp/stm32f1xx_it.o
 .debug_line    0x00002c3e      0x5c5 ./src/bsp/system_stm32f1xx.o
 .debug_line    0x00003203       0x78 ./src/bsp/startup/startup_stm32f103c8tx.o
 .debug_line    0x0000327b      0x6ee ./src/common/core/qbuffer.o
 .debug_line    0x00003969      0xabb ./src/hw/driver/led.o
 .debug_line    0x00004424      0xa7c ./src/hw/driver/reset.o
 .debug_line    0x00004ea0      0xab5 ./src/hw/driver/rtc.o
 .debug_line    0x00005955      0xcc0 ./src/hw/driver/uart.o
 .debug_line    0x00006615      0xc62 ./src/hw/driver/usb.o
 .debug_line    0x00007277      0xa6c ./src/hw/hw.o
 .debug_line    0x00007ce3      0xaf1 ./src/lib/cube_f103/Drivers/STM32F1xx_HAL_Driver/Src/stm32f1xx_hal.o
 .debug_line    0x000087d4      0xcbb ./src/lib/cube_f103/Drivers/STM32F1xx_HAL_Driver/Src/stm32f1xx_hal_cortex.o
 .debug_line    0x0000948f      0xefb ./src/lib/cube_f103/Drivers/STM32F1xx_HAL_Driver/Src/stm32f1xx_hal_dma.o
 .debug_line    0x0000a38a      0xb4e ./src/lib/cube_f103/Drivers/STM32F1xx_HAL_Driver/Src/stm32f1xx_hal_gpio.o
 .debug_line    0x0000aed8     0x1476 ./src/lib/cube_f103/Drivers/STM32F1xx_HAL_Driver/Src/stm32f1xx_hal_pcd.o
 .debug_line    0x0000c34e      0x8bb ./src/lib/cube_f103/Drivers/STM32F1xx_HAL_Driver/Src/stm32f1xx_hal_pcd_ex.o
 .debug_line    0x0000cc09      0xa95 ./src/lib/cube_f103/Drivers/STM32F1xx_HAL_Driver/Src/stm32f1xx_hal_pwr.o
 .debug_line    0x0000d69e      0xfaa ./src/lib/cube_f103/Drivers/STM32F1xx_HAL_Driver/Src/stm32f1xx_hal_rcc.o
 .debug_line    0x0000e648      0xa5b ./src/lib/cube_f103/Drivers/STM32F1xx_HAL_Driver/Src/stm32f1xx_hal_rcc_ex.o
 .debug_line    0x0000f0a3     0x1300 ./src/lib/cube_f103/Drivers/STM32F1xx_HAL_Driver/Src/stm32f1xx_hal_rtc.o
 .debug_line    0x000103a3      0xb08 ./src/lib/cube_f103/Drivers/STM32F1xx_HAL_Driver/Src/stm32f1xx_hal_rtc_ex.o
 .debug_line    0x00010eab     0x260d ./src/lib/cube_f103/Drivers/STM32F1xx_HAL_Driver/Src/stm32f1xx_hal_uart.o
 .debug_line    0x000134b8     0x1261 ./src/lib/cube_f103/Drivers/STM32F1xx_HAL_Driver/Src/stm32f1xx_ll_usb.o
 .debug_line    0x00014719     0x1035 ./src/lib/cube_f103/Middlewares/ST/STM32_USB_Device_Library/Class/CDC/Src/usbd_cdc.o
 .debug_line    0x0001574e     0x1057 ./src/lib/cube_f103/Middlewares/ST/STM32_USB_Device_Library/Core/Src/usbd_core.o
 .debug_line    0x000167a5     0x12a1 ./src/lib/cube_f103/Middlewares/ST/STM32_USB_Device_Library/Core/Src/usbd_ctlreq.o
 .debug_line    0x00017a46      0xd0d ./src/lib/cube_f103/Middlewares/ST/STM32_USB_Device_Library/Core/Src/usbd_ioreq.o
 .debug_line    0x00018753      0xd10 ./src/lib/cube_f103/USB_DEVICE/App/usb_device.o
 .debug_line    0x00019463      0xf1d ./src/lib/cube_f103/USB_DEVICE/App/usbd_cdc_if.o
 .debug_line    0x0001a380      0xd86 ./src/lib/cube_f103/USB_DEVICE/App/usbd_desc.o
 .debug_line    0x0001b106     0x1101 ./src/lib/cube_f103/USB_DEVICE/Target/usbd_conf.o
 .debug_line    0x0001c207      0xa9c ./src/main.o

.debug_str      0x00000000    0x89d31
 .debug_str     0x00000000    0x89d31 ./src/ap/ap.o
                              0x848b9 (size before relaxing)
 .debug_str     0x00089d31    0x84a8f ./src/bsp/bsp.o
 .debug_str     0x00089d31    0x8490d ./src/bsp/stm32f1xx_hal_msp.o
 .debug_str     0x00089d31    0x850dd ./src/bsp/stm32f1xx_it.o
 .debug_str     0x00089d31    0x5473a ./src/bsp/system_stm32f1xx.o
 .debug_str     0x00089d31       0x71 ./src/bsp/startup/startup_stm32f103c8tx.o
 .debug_str     0x00089d31     0x7ab8 ./src/common/core/qbuffer.o
 .debug_str     0x00089d31    0x84926 ./src/hw/driver/led.o
 .debug_str     0x00089d31    0x84861 ./src/hw/driver/reset.o
 .debug_str     0x00089d31    0x84a6d ./src/hw/driver/rtc.o
 .debug_str     0x00089d31    0x85208 ./src/hw/driver/uart.o
 .debug_str     0x00089d31    0x85450 ./src/hw/driver/usb.o
 .debug_str     0x00089d31    0x8488e ./src/hw/hw.o
 .debug_str     0x00089d31    0x8156d ./src/lib/cube_f103/Drivers/STM32F1xx_HAL_Driver/Src/stm32f1xx_hal.o
 .debug_str     0x00089d31    0x814b9 ./src/lib/cube_f103/Drivers/STM32F1xx_HAL_Driver/Src/stm32f1xx_hal_cortex.o
 .debug_str     0x00089d31    0x811e3 ./src/lib/cube_f103/Drivers/STM32F1xx_HAL_Driver/Src/stm32f1xx_hal_dma.o
 .debug_str     0x00089d31    0x811c0 ./src/lib/cube_f103/Drivers/STM32F1xx_HAL_Driver/Src/stm32f1xx_hal_gpio.o
 .debug_str     0x00089d31    0x81757 ./src/lib/cube_f103/Drivers/STM32F1xx_HAL_Driver/Src/stm32f1xx_hal_pcd.o
 .debug_str     0x00089d31    0x812b9 ./src/lib/cube_f103/Drivers/STM32F1xx_HAL_Driver/Src/stm32f1xx_hal_pcd_ex.o
 .debug_str     0x00089d31    0x81371 ./src/lib/cube_f103/Drivers/STM32F1xx_HAL_Driver/Src/stm32f1xx_hal_pwr.o
 .debug_str     0x00089d31    0x81269 ./src/lib/cube_f103/Drivers/STM32F1xx_HAL_Driver/Src/stm32f1xx_hal_rcc.o