Archive member included to satisfy reference by file (symbol)

C:/ST/STM32CubeIDE_1.18.1/STM32CubeIDE/plugins/com.st.stm32cube.ide.mcu.externaltools.gnu-tools-for-stm32.13.3.rel1.win32_1.0.0.202411081344/tools/bin/../lib/gcc/arm-none-eabi/13.3.1/../../../../arm-none-eabi/lib/thumb/v7-m/nofp\libc_nano.a(libc_a-exit.o)
                              C:/ST/STM32CubeIDE_1.18.1/STM32CubeIDE/plugins/com.st.stm32cube.ide.mcu.externaltools.gnu-tools-for-stm32.13.3.rel1.win32_1.0.0.202411081344/tools/bin/../lib/gcc/arm-none-eabi/13.3.1/../../../../arm-none-eabi/lib/thumb/v7-m/nofp/crt0.o (exit)
C:/ST/STM32CubeIDE_1.18.1/STM32CubeIDE/plugins/com.st.stm32cube.ide.mcu.externaltools.gnu-tools-for-stm32.13.3.rel1.win32_1.0.0.202411081344/tools/bin/../lib/gcc/arm-none-eabi/13.3.1/../../../../arm-none-eabi/lib/thumb/v7-m/nofp\libc_nano.a(libc_a-findfp.o)
                              C:/ST/STM32CubeIDE_1.18.1/STM32CubeIDE/plugins/com.st.stm32cube.ide.mcu.externaltools.gnu-tools-for-stm32.13.3.rel1.win32_1.0.0.202411081344/tools/bin/../lib/gcc/arm-none-eabi/13.3.1/../../../../arm-none-eabi/lib/thumb/v7-m/nofp\libc_nano.a(libc_a-exit.o) (__stdio_exit_handler)
C:/ST/STM32CubeIDE_1.18.1/STM32CubeIDE/plugins/com.st.stm32cube.ide.mcu.externaltools.gnu-tools-for-stm32.13.3.rel1.win32_1.0.0.202411081344/tools/bin/../lib/gcc/arm-none-eabi/13.3.1/../../../../arm-none-eabi/lib/thumb/v7-m/nofp\libc_nano.a(libc_a-fwalk.o)
                              C:/ST/STM32CubeIDE_1.18.1/STM32CubeIDE/plugins/com.st.stm32cube.ide.mcu.externaltools.gnu-tools-for-stm32.13.3.rel1.win32_1.0.0.202411081344/tools/bin/../lib/gcc/arm-none-eabi/13.3.1/../../../../arm-none-eabi/lib/thumb/v7-m/nofp\libc_nano.a(libc_a-findfp.o) (_fwalk_sglue)
C:/ST/STM32CubeIDE_1.18.1/STM32CubeIDE/plugins/com.st.stm32cube.ide.mcu.externaltools.gnu-tools-for-stm32.13.3.rel1.win32_1.0.0.202411081344/tools/bin/../lib/gcc/arm-none-eabi/13.3.1/../../../../arm-none-eabi/lib/thumb/v7-m/nofp\libc_nano.a(libc_a-stdio.o)
                              C:/ST/STM32CubeIDE_1.18.1/STM32CubeIDE/plugins/com.st.stm32cube.ide.mcu.externaltools.gnu-tools-for-stm32.13.3.rel1.win32_1.0.0.202411081344/tools/bin/../lib/gcc/arm-none-eabi/13.3.1/../../../../arm-none-eabi/lib/thumb/v7-m/nofp\libc_nano.a(libc_a-findfp.o) (__sread)
C:/ST/STM32CubeIDE_1.18.1/STM32CubeIDE/plugins/com.st.stm32cube.ide.mcu.externaltools.gnu-tools-for-stm32.13.3.rel1.win32_1.0.0.202411081344/tools/bin/../lib/gcc/arm-none-eabi/13.3.1/../../../../arm-none-eabi/lib/thumb/v7-m/nofp\libc_nano.a(libc_a-vsnprintf.o)
                              ./src/hw/driver/uart.o (vsnprintf)
C:/ST/STM32CubeIDE_1.18.1/STM32CubeIDE/plugins/com.st.stm32cube.ide.mcu.externaltools.gnu-tools-for-stm32.13.3.rel1.win32_1.0.0.202411081344/tools/bin/../lib/gcc/arm-none-eabi/13.3.1/../../../../arm-none-eabi/lib/thumb/v7-m/nofp\libc_nano.a(libc_a-memset.o)
                              C:/ST/STM32CubeIDE_1.18.1/STM32CubeIDE/plugins/com.st.stm32cube.ide.mcu.externaltools.gnu-tools-for-stm32.13.3.rel1.win32_1.0.0.202411081344/tools/bin/../lib/gcc/arm-none-eabi/13.3.1/../../../../arm-none-eabi/lib/thumb/v7-m/nofp/crt0.o (memset)
C:/ST/STM32CubeIDE_1.18.1/STM32CubeIDE/plugins/com.st.stm32cube.ide.mcu.externaltools.gnu-tools-for-stm32.13.3.rel1.win32_1.0.0.202411081344/tools/bin/../lib/gcc/arm-none-eabi/13.3.1/../../../../arm-none-eabi/lib/thumb/v7-m/nofp\libc_nano.a(libc_a-closer.o)
                              C:/ST/STM32CubeIDE_1.18.1/STM32CubeIDE/plugins/com.st.stm32cube.ide.mcu.externaltools.gnu-tools-for-stm32.13.3.rel1.win32_1.0.0.202411081344/tools/bin/../lib/gcc/arm-none-eabi/13.3.1/../../../../arm-none-eabi/lib/thumb/v7-m/nofp\libc_nano.a(libc_a-stdio.o) (_close_r)
C:/ST/STM32CubeIDE_1.18.1/STM32CubeIDE/plugins/com.st.stm32cube.ide.mcu.externaltools.gnu-tools-for-stm32.13.3.rel1.win32_1.0.0.202411081344/tools/bin/../lib/gcc/arm-none-eabi/13.3.1/../../../../arm-none-eabi/lib/thumb/v7-m/nofp\libc_nano.a(libc_a-reent.o)
                              C:/ST/STM32CubeIDE_1.18.1/STM32CubeIDE/plugins/com.st.stm32cube.ide.mcu.externaltools.gnu-tools-for-stm32.13.3.rel1.win32_1.0.0.202411081344/tools/bin/../lib/gcc/arm-none-eabi/13.3.1/../../../../arm-none-eabi/lib/thumb/v7-m/nofp\libc_nano.a(libc_a-closer.o) (errno)
C:/ST/STM32CubeIDE_1.18.1/STM32CubeIDE/plugins/com.st.stm32cube.ide.mcu.externaltools.gnu-tools-for-stm32.13.3.rel1.win32_1.0.0.202411081344/tools/bin/../lib/gcc/arm-none-eabi/13.3.1/../../../../arm-none-eabi/lib/thumb/v7-m/nofp\libc_nano.a(libc_a-impure.o)
                              C:/ST/STM32CubeIDE_1.18.1/STM32CubeIDE/plugins/com.st.stm32cube.ide.mcu.externaltools.gnu-tools-for-stm32.13.3.rel1.win32_1.0.0.202411081344/tools/bin/../lib/gcc/arm-none-eabi/13.3.1/../../../../arm-none-eabi/lib/thumb/v7-m/nofp\libc_nano.a(libc_a-vsnprintf.o) (_impure_ptr)
[...]
Memory Configuration

Name             Origin             Length             Attributes
RAM              0x20000000         0x00005000         xrw
FLASH            0x08000000         0x00010000         xr
*default*        0x00000000         0xffffffff

Linker script and memory map

LOAD C:/ST/STM32CubeIDE_1.18.1/STM32CubeIDE/plugins/com.st.stm32cube.ide.mcu.externaltools.gnu-tools-for-stm32.13.3.rel1.win32_1.0.0.202411081344/tools/bin/../lib/gcc/arm-none-eabi/13.3.1/thumb/v7-m/nofp/crti.o
LOAD C:/ST/STM32CubeIDE_1.18.1/STM32CubeIDE/plugins/com.st.stm32cube.ide.mcu.externaltools.gnu-tools-for-stm32.13.3.rel1.win32_1.0.0.202411081344/tools/bin/../lib/gcc/arm-none-eabi/13.3.1/thumb/v7-m/nofp/crtbegin.o
LOAD C:/ST/STM32CubeIDE_1.18.1/STM32CubeIDE/plugins/com.st.stm32cube.ide.mcu.externaltools.gnu-tools-for-stm32.13.3.rel1.win32_1.0.0.202411081344/tools/bin/../lib/gcc/arm-none-eabi/13.3.1/../../../../arm-none-eabi/lib/thumb/v7-m/nofp/crt0.o
LOAD ./src/ap/ap.o
LOAD ./src/bsp/bsp.o
LOAD ./src/bsp/stm32f1xx_hal_msp.o
LOAD ./src/bsp/stm32f1xx_it.o
LOAD ./src/bsp/syscalls.o
LOAD ./src/bsp/sysmem.o
LOAD ./src/bsp/system_stm32f1xx.o
LOAD ./src/bsp/startup/startup_stm32f103c8tx.o
LOAD ./src/common/core/qbuffer.o
LOAD ./src/hw/driver/cdc.o
LOAD ./src/hw/driver/led.o
LOAD ./src/hw/driver/reset.o
LOAD ./src/hw/driver/rtc.o
LOAD ./src/hw/driver/uart.o
LOAD ./src/hw/driver/usb.o
LOAD ./src/hw/hw.o
LOAD ./src/lib/cube_f103/Drivers/STM32F1xx_HAL_Driver/Src/stm32f1xx_hal.o
LOAD ./src/lib/cube_f103/Drivers/STM32F1xx_HAL_Driver/Src/stm32f1xx_hal_cortex.o
LOAD ./src/lib/cube_f103/Drivers/STM32F1xx_HAL_Driver/Src/stm32f1xx_hal_dma.o
LOAD ./src/lib/cube_f103/Drivers/STM32F1xx_HAL_Driver/Src/stm32f1xx_hal_exti.o
LOAD ./src/lib/cube_f103/Drivers/STM32F1xx_HAL_Driver/Src/stm32f1xx_hal_flash.o
LOAD ./src/lib/cube_f103/Drivers/STM32F1xx_HAL_Driver/Src/stm32f1xx_hal_flash_ex.o
LOAD ./src/lib/cube_f103/Drivers/STM32F1xx_HAL_Driver/Src/stm32f1xx_hal_gpio.o
LOAD ./src/lib/cube_f103/Drivers/STM32F1xx_HAL_Driver/Src/stm32f1xx_hal_gpio_ex.o
LOAD ./src/lib/cube_f103/Drivers/STM32F1xx_HAL_Driver/Src/stm32f1xx_hal_pcd.o
LOAD ./src/lib/cube_f103/Drivers/STM32F1xx_HAL_Driver/Src/stm32f1xx_hal_pcd_ex.o
LOAD ./src/lib/cube_f103/Drivers/STM32F1xx_HAL_Driver/Src/stm32f1xx_hal_pwr.o
LOAD ./src/lib/cube_f103/Drivers/STM32F1xx_HAL_Driver/Src/stm32f1xx_hal_rcc.o
LOAD ./src/lib/cube_f103/Drivers/STM32F1xx_HAL_Driver/Src/stm32f1xx_hal_rcc_ex.o
LOAD ./src/lib/cube_f103/Drivers/STM32F1xx_HAL_Driver/Src/stm32f1xx_hal_rtc.o
LOAD ./src/lib/cube_f103/Drivers/STM32F1xx_HAL_Driver/Src/stm32f1xx_hal_rtc_ex.o
LOAD ./src/lib/cube_f103/Drivers/STM32F1xx_HAL_Driver/Src/stm32f1xx_hal_uart.o
LOAD ./src/lib/cube_f103/Drivers/STM32F1xx_HAL_Driver/Src/stm32f1xx_ll_usb.o
LOAD ./src/lib/cube_f103/Middlewares/ST/STM32_USB_Device_Library/Class/CDC/Src/usbd_cdc.o
LOAD ./src/lib/cube_f103/Middlewares/ST/STM32_USB_Device_Library/Core/Src/usbd_core.o
LOAD ./src/lib/cube_f103/Middlewares/ST/STM32_USB_Device_Library/Core/Src/usbd_ctlreq.o
LOAD ./src/lib/cube_f103/Middlewares/ST/STM32_USB_Device_Library/Core/Src/usbd_ioreq.o
LOAD ./src/lib/cube_f103/USB_DEVICE/App/usb_device.o
LOAD ./src/lib/cube_f103/USB_DEVICE/App/usbd_cdc_if.o
LOAD ./src/lib/cube_f103/USB_DEVICE/App/usbd_desc.o
LOAD ./src/lib/cube_f103/USB_DEVICE/Target/usbd_conf.o
LOAD ./src/main.o
START GROUP
LOAD C:/ST/STM32CubeIDE_1.18.1/STM32CubeIDE/plugins/com.st.stm32cube.ide.mcu.externaltools.gnu-tools-for-stm32.13.3.rel1.win32_1.0.0.202411081344/tools/bin/../lib/gcc/arm-none-eabi/13.3.1/../../../../arm-none-eabi/lib/thumb/v7-m/nofp\libc_nano.a
LOAD C:/ST/STM32CubeIDE_1.18.1/STM32CubeIDE/plugins/com.st.stm32cube.ide.mcu.externaltools.gnu-tools-for-stm32.13.3.rel1.win32_1.0.0.202411081344/tools/bin/../lib/gcc/arm-none-eabi/13.3.1/../../../../arm-none-eabi/lib/thumb/v7-m/nofp\libm.a
END GROUP
START GROUP
LOAD C:/ST/STM32CubeIDE_1.18.1/STM32CubeIDE/plugins/com.st.stm32cube.ide.mcu.externaltools.gnu-tools-for-stm32.13.3.rel1.win32_1.0.0.202411081344/tools/bin/../lib/gcc/arm-none-eabi/13.3.1/thumb/v7-m/nofp\libgcc.a
LOAD C:/ST/STM32CubeIDE_1.18.1/STM32CubeIDE/plugins/com.st.stm32cube.ide.mcu.externaltools.gnu-tools-for-stm32.13.3.rel1.win32_1.0.0.202411081344/tools/bin/../lib/gcc/arm-none-eabi/13.3.1/../../../../arm-none-eabi/lib/thumb/v7-m/nofp\libc_nano.a
END GROUP
START GROUP
LOAD C:/ST/STM32CubeIDE_1.18.1/STM32CubeIDE/plugins/com.st.stm32cube.ide.mcu.externaltools.gnu-tools-for-stm32.13.3.rel1.win32_1.0.0.202411081344/tools/bin/../lib/gcc/arm-none-eabi/13.3.1/thumb/v7-m/nofp\libgcc.a
LOAD C:/ST/STM32CubeIDE_1.18.1/STM32CubeIDE/plugins/com.st.stm32cube.ide.mcu.externaltools.gnu-tools-for-stm32.13.3.rel1.win32_1.0.0.202411081344/tools/bin/../lib/gcc/arm-none-eabi/13.3.1/../../../../arm-none-eabi/lib/thumb/v7-m/nofp\libc_nano.a
LOAD C:/ST/STM32CubeIDE_1.18.1/STM32CubeIDE/plugins/com.st.stm32cube.ide.mcu.externaltools.gnu-tools-for-stm32.13.3.rel1.win32_1.0.0.202411081344/tools/bin/../lib/gcc/arm-none-eabi/13.3.1/../../../../arm-none-eabi/lib/thumb/v7-m/nofp\libnosys.a
END GROUP
START GROUP
LOAD C:/ST/STM32CubeIDE_1.18.1/STM32CubeIDE/plugins/com.st.stm32cube.ide.mcu.externaltools.gnu-tools-for-stm32.13.3.rel1.win32_1.0.0.202411081344/tools/bin/../lib/gcc/arm-none-eabi/13.3.1/thumb/v7-m/nofp\libgcc.a
LOAD C:/ST/STM32CubeIDE_1.18.1/STM32CubeIDE/plugins/com.st.stm32cube.ide.mcu.externaltools.gnu-tools-for-stm32.13.3.rel1.win32_1.0.0.202411081344/tools/bin/../lib/gcc/arm-none-eabi/13.3.1/../../../../arm-none-eabi/lib/thumb/v7-m/nofp\libc_nano.a
LOAD C:/ST/STM32CubeIDE_1.18.1/STM32CubeIDE/plugins/com.st.stm32cube.ide.mcu.externaltools.gnu-tools-for-stm32.13.3.rel1.win32_1.0.0.202411081344/tools/bin/../lib/gcc/arm-none-eabi/13.3.1/../../../../arm-none-eabi/lib/thumb/v7-m/nofp\libnosys.a
END GROUP
LOAD C:/ST/STM32CubeIDE_1.18.1/STM32CubeIDE/plugins/com.st.stm32cube.ide.mcu.externaltools.gnu-tools-for-stm32.13.3.rel1.win32_1.0.0.202411081344/tools/bin/../lib/gcc/arm-none-eabi/13.3.1/thumb/v7-m/nofp/crtend.o
LOAD C:/ST/STM32CubeIDE_1.18.1/STM32CubeIDE/plugins/com.st.stm32cube.ide.mcu.externaltools.gnu-tools-for-stm32.13.3.rel1.win32_1.0.0.202411081344/tools/bin/../lib/gcc/arm-none-eabi/13.3.1/thumb/v7-m/nofp/crtn.o
                0x20005000                        _estack = (ORIGIN (RAM) + LENGTH (RAM))
                0x00000200                        _Min_Heap_Size = 0x200
                0x00000400                        _Min_Stack_Size = 0x400

.isr_vector     0x08000000      0x10c
                0x08000000                        . = ALIGN (0x4)
 *(.isr_vector)
 .isr_vector    0x08000000      0x10c ./src/bsp/startup/startup_stm32f103c8tx.o
                0x08000000                g_pfnVectors
                0x0800010c                        . = ALIGN (0x4)

.text           0x0800010c     0x9c8c
                0x0800010c                        . = ALIGN (0x4)
 *(.text)
 .text          0x0800010c       0x40 C:/ST/STM32CubeIDE_1.18.1/STM32CubeIDE/plugins/com.st.stm32cube.ide.mcu.externaltools.gnu-tools-for-stm32.13.3.rel1.win32_1.0.0.202411081344/tools/bin/../lib/gcc/arm-none-eabi/13.3.1/thumb/v7-m/nofp/crtbegin.o
 *(.text*)
 .text.apInit   0x0800014c       0x1c ./src/ap/ap.o
                0x0800014c                apInit
 .text.apMain   0x08000168      0x118 ./src/ap/ap.o
                0x08000168                apMain
 .text.bspInit  0x08000280       0x4c ./src/bsp/bsp.o
                0x08000280                bspInit
 .text.delay    0x080002cc       0x16 ./src/bsp/bsp.o
                0x080002cc                delay
 .text.millis   0x080002e2        0xe ./src/bsp/bsp.o
                0x080002e2                millis
 .text.SystemClock_Config
                0x080002f0       0xbe ./src/bsp/bsp.o
                0x080002f0                SystemClock_Config
 .text.Error_Handler
                0x080003ae        0xc ./src/bsp/bsp.o
                0x080003ae                Error_Handler
 *fill*         0x080003ba        0x2 
 .text.HAL_MspInit
                0x080003bc       0x64 ./src/bsp/stm32f1xx_hal_msp.o
                0x080003bc                HAL_MspInit
 .text.NMI_Handler
                0x08000420        0x8 ./src/bsp/stm32f1xx_it.o
                0x08000420                NMI_Handler
 .text.HardFault_Handler
                0x08000428        0x8 ./src/bsp/stm32f1xx_it.o
                0x08000428                HardFault_Handler
 .text.MemManage_Handler
                0x08000430        0x8 ./src/bsp/stm32f1xx_it.o
                0x08000430                MemManage_Handler
 .text.BusFault_Handler
                0x08000438        0x8 ./src/bsp/stm32f1xx_it.o
                0x08000438                BusFault_Handler
 .text.UsageFault_Handler
                0x08000440        0x8 ./src/bsp/stm32f1xx_it.o
                0x08000440                UsageFault_Handler
 .text.SVC_Handler
                0x08000448        0xc ./src/bsp/stm32f1xx_it.o
                0x08000448                SVC_Handler
 .text.DebugMon_Handler
                0x08000454        0xc ./src/bsp/stm32f1xx_it.o
                0x08000454                DebugMon_Handler
 .text.PendSV_Handler
                0x08000460        0xc ./src/bsp/stm32f1xx_it.o
                0x08000460                PendSV_Handler
 .text.SysTick_Handler
                0x0800046c        0xc ./src/bsp/stm32f1xx_it.o
                0x0800046c                SysTick_Handler
 .text.DMA1_Channel5_IRQHandler
                0x08000478       0x14 ./src/bsp/stm32f1xx_it.o
                0x08000478                DMA1_Channel5_IRQHandler
 .text.USB_LP_CAN1_RX0_IRQHandler
                0x0800048c       0x14 ./src/bsp/stm32f1xx_it.o
                0x0800048c                USB_LP_CAN1_RX0_IRQHandler
 .text.USART1_IRQHandler
                0x080004a0       0x14 ./src/bsp/stm32f1xx_it.o
                0x080004a0                USART1_IRQHandler
 .text.SystemInit
                0x080004b4        0xc ./src/bsp/system_stm32f1xx.o
                0x080004b4                SystemInit
 .text.Reset_Handler
                0x080004c0       0x48 ./src/bsp/startup/startup_stm32f103c8tx.o
                0x080004c0                Reset_Handler
 .text.Default_Handler
                0x08000508        0x2 ./src/bsp/startup/startup_stm32f103c8tx.o
                0x08000508                RTC_Alarm_IRQHandler
                0x08000508                EXTI2_IRQHandler
                0x08000508                TIM1_CC_IRQHandler
                0x08000508                PVD_IRQHandler
                0x08000508                EXTI3_IRQHandler
                0x08000508                EXTI0_IRQHandler
                0x08000508                I2C2_EV_IRQHandler
                0x08000508                ADC1_2_IRQHandler
                0x08000508                SPI1_IRQHandler
                0x08000508                TAMPER_IRQHandler
                0x08000508                DMA1_Channel4_IRQHandler
                0x08000508                USART3_IRQHandler
                0x08000508                RTC_IRQHandler
                0x08000508                DMA1_Channel7_IRQHandler
                0x08000508                CAN1_RX1_IRQHandler
                0x08000508                TIM4_IRQHandler
                0x08000508                I2C1_EV_IRQHandler
                0x08000508                DMA1_Channel6_IRQHandler
                0x08000508                TIM3_IRQHandler
                0x08000508                RCC_IRQHandler
                0x08000508                TIM1_TRG_COM_IRQHandler
                0x08000508                DMA1_Channel1_IRQHandler
                0x08000508                Default_Handler
                0x08000508                EXTI15_10_IRQHandler
                0x08000508                EXTI9_5_IRQHandler
                0x08000508                SPI2_IRQHandler
                0x08000508                EXTI4_IRQHandler
                0x08000508                USB_HP_CAN1_TX_IRQHandler
                0x08000508                DMA1_Channel3_IRQHandler
                0x08000508                TIM1_UP_IRQHandler
                0x08000508                WWDG_IRQHandler
                0x08000508                TIM2_IRQHandler
                0x08000508                TIM1_BRK_IRQHandler
                0x08000508                EXTI1_IRQHandler
                0x08000508                USART2_IRQHandler
                0x08000508                I2C2_ER_IRQHandler
                0x08000508                DMA1_Channel2_IRQHandler
                0x08000508                CAN1_SCE_IRQHandler
                0x08000508                FLASH_IRQHandler
                0x08000508                I2C1_ER_IRQHandler
                0x08000508                USBWakeUp_IRQHandler
 .text.qbufferCreate
                0x0800050a       0x34 ./src/common/core/qbuffer.o
                0x0800050a                qbufferCreate
 .text.qbufferRead
                0x0800053e       0x78 ./src/common/core/qbuffer.o
                0x0800053e                qbufferRead
 .text.qbufferAvailable
                0x080005b6       0x2e ./src/common/core/qbuffer.o
                0x080005b6                qbufferAvailable
 .text.ledInit  0x080005e4       0x8c ./src/hw/driver/led.o
                0x080005e4                ledInit
 .text.ledOff   0x08000670       0x40 ./src/hw/driver/led.o
                0x08000670                ledOff
 .text.ledToggle
                0x080006b0       0x38 ./src/hw/driver/led.o
                0x080006b0                ledToggle
 .text.resetInit
                0x080006e8       0x58 ./src/hw/driver/reset.o
                0x080006e8                resetInit
 .text.rtcInit  0x08000740       0x60 ./src/hw/driver/rtc.o
                0x08000740                rtcInit
 .text.rtcBackupRegRead
                0x080007a0       0x20 ./src/hw/driver/rtc.o
                0x080007a0                rtcBackupRegRead
 .text.rtcBackupRegWrite
                0x080007c0       0x20 ./src/hw/driver/rtc.o
                0x080007c0                rtcBackupRegWrite
 .text.HAL_RTC_MspInit
                0x080007e0       0x48 ./src/hw/driver/rtc.o
                0x080007e0                HAL_RTC_MspInit
 .text.uartInit
                0x08000828       0x34 ./src/hw/driver/uart.o
                0x08000828                uartInit
 .text.uartOpen
                0x0800085c      0x12c ./src/hw/driver/uart.o
                0x0800085c                uartOpen
 .text.uartAvailable
                0x08000988       0x64 ./src/hw/driver/uart.o
                0x08000988                uartAvailable
 .text.uartRead
                0x080009ec       0x44 ./src/hw/driver/uart.o
                0x080009ec                uartRead
 .text.uartWrite
                0x08000a30       0x58 ./src/hw/driver/uart.o
                0x08000a30                uartWrite
 .text.uartGetBaud
                0x08000a88       0x38 ./src/hw/driver/uart.o
                0x08000a88                uartGetBaud
 .text.HAL_UART_ErrorCallback
                0x08000ac0       0x12 ./src/hw/driver/uart.o
                0x08000ac0                HAL_UART_ErrorCallback
 .text.HAL_UART_RxCpltCallback
                0x08000ad2       0x12 ./src/hw/driver/uart.o
                0x08000ad2                HAL_UART_RxCpltCallback
 .text.HAL_UART_MspInit
                0x08000ae4       0xfc ./src/hw/driver/uart.o
                0x08000ae4                HAL_UART_MspInit
 .text.HAL_UART_MspDeInit
                0x08000be0       0x4c ./src/hw/driver/uart.o
                0x08000be0                HAL_UART_MspDeInit
 .text.usbInit  0x08000c2c       0x70 ./src/hw/driver/usb.o
                0x08000c2c                usbInit
 .text.hwInit   0x08000c9c       0x20 ./src/hw/hw.o
                0x08000c9c                hwInit
 .text.HAL_Init
                0x08000cbc       0x2c ./src/lib/cube_f103/Drivers/STM32F1xx_HAL_Driver/Src/stm32f1xx_hal.o
                0x08000cbc                HAL_Init
 .text.HAL_InitTick
                0x08000ce8       0x60 ./src/lib/cube_f103/Drivers/STM32F1xx_HAL_Driver/Src/stm32f1xx_hal.o
                0x08000ce8                HAL_InitTick
 .text.HAL_IncTick
                0x08000d48       0x24 ./src/lib/cube_f103/Drivers/STM32F1xx_HAL_Driver/Src/stm32f1xx_hal.o
                0x08000d48                HAL_IncTick
 .text.HAL_GetTick
                0x08000d6c       0x14 ./src/lib/cube_f103/Drivers/STM32F1xx_HAL_Driver/Src/stm32f1xx_hal.o
                0x08000d6c                HAL_GetTick
 .text.HAL_Delay
                0x08000d80       0x48 ./src/lib/cube_f103/Drivers/STM32F1xx_HAL_Driver/Src/stm32f1xx_hal.o
                0x08000d80                HAL_Delay
 .text.__NVIC_SetPriorityGrouping
                0x08000dc8       0x48 ./src/lib/cube_f103/Drivers/STM32F1xx_HAL_Driver/Src/stm32f1xx_hal_cortex.o
 .text.__NVIC_GetPriorityGrouping
                0x08000e10       0x1c ./src/lib/cube_f103/Drivers/STM32F1xx_HAL_Driver/Src/stm32f1xx_hal_cortex.o
 .text.__NVIC_EnableIRQ
                0x08000e2c       0x38 ./src/lib/cube_f103/Drivers/STM32F1xx_HAL_Driver/Src/stm32f1xx_hal_cortex.o
 .text.__NVIC_DisableIRQ
                0x08000e64       0x48 ./src/lib/cube_f103/Drivers/STM32F1xx_HAL_Driver/Src/stm32f1xx_hal_cortex.o
 .text.__NVIC_SetPriority
                0x08000eac       0x54 ./src/lib/cube_f103/Drivers/STM32F1xx_HAL_Driver/Src/stm32f1xx_hal_cortex.o
 .text.NVIC_EncodePriority
                0x08000f00       0x64 ./src/lib/cube_f103/Drivers/STM32F1xx_HAL_Driver/Src/stm32f1xx_hal_cortex.o
 .text.SysTick_Config
                0x08000f64       0x44 ./src/lib/cube_f103/Drivers/STM32F1xx_HAL_Driver/Src/stm32f1xx_hal_cortex.o
 .text.HAL_NVIC_SetPriorityGrouping
                0x08000fa8       0x16 ./src/lib/cube_f103/Drivers/STM32F1xx_HAL_Driver/Src/stm32f1xx_hal_cortex.o
                0x08000fa8                HAL_NVIC_SetPriorityGrouping
 .text.HAL_NVIC_SetPriority
                0x08000fbe       0x38 ./src/lib/cube_f103/Drivers/STM32F1xx_HAL_Driver/Src/stm32f1xx_hal_cortex.o
                0x08000fbe                HAL_NVIC_SetPriority
 .text.HAL_NVIC_EnableIRQ
                0x08000ff6       0x1c ./src/lib/cube_f103/Drivers/STM32F1xx_HAL_Driver/Src/stm32f1xx_hal_cortex.o
                0x08000ff6                HAL_NVIC_EnableIRQ
 .text.HAL_NVIC_DisableIRQ
                0x08001012       0x1c ./src/lib/cube_f103/Drivers/STM32F1xx_HAL_Driver/Src/stm32f1xx_hal_cortex.o
                0x08001012                HAL_NVIC_DisableIRQ
 .text.HAL_SYSTICK_Config
                0x0800102e       0x18 ./src/lib/cube_f103/Drivers/STM32F1xx_HAL_Driver/Src/stm32f1xx_hal_cortex.o
                0x0800102e                HAL_SYSTICK_Config
 *fill*         0x08001046        0x2 
 .text.HAL_DMA_Init
                0x08001048       0xb4 ./src/lib/cube_f103/Drivers/STM32F1xx_HAL_Driver/Src/stm32f1xx_hal_dma.o
                0x08001048                HAL_DMA_Init
 .text.HAL_DMA_DeInit
                0x080010fc       0xb8 ./src/lib/cube_f103/Drivers/STM32F1xx_HAL_Driver/Src/stm32f1xx_hal_dma.o
                0x080010fc                HAL_DMA_DeInit
 .text.HAL_DMA_Start_IT
                0x080011b4       0xc0 ./src/lib/cube_f103/Drivers/STM32F1xx_HAL_Driver/Src/stm32f1xx_hal_dma.o
                0x080011b4                HAL_DMA_Start_IT
 .text.HAL_DMA_Abort
                0x08001274       0x76 ./src/lib/cube_f103/Drivers/STM32F1xx_HAL_Driver/Src/stm32f1xx_hal_dma.o
                0x08001274                HAL_DMA_Abort
 *fill*         0x080012ea        0x2 
 .text.HAL_DMA_Abort_IT
                0x080012ec       0xf0 ./src/lib/cube_f103/Drivers/STM32F1xx_HAL_Driver/Src/stm32f1xx_hal_dma.o
                0x080012ec                HAL_DMA_Abort_IT
 .text.HAL_DMA_IRQHandler
                0x080013dc      0x20c ./src/lib/cube_f103/Drivers/STM32F1xx_HAL_Driver/Src/stm32f1xx_hal_dma.o
                0x080013dc                HAL_DMA_IRQHandler
 .text.DMA_SetConfig
                0x080015e8       0x5a ./src/lib/cube_f103/Drivers/STM32F1xx_HAL_Driver/Src/stm32f1xx_hal_dma.o
 *fill*         0x08001642        0x2 
 .text.HAL_GPIO_Init
                0x08001644      0x308 ./src/lib/cube_f103/Drivers/STM32F1xx_HAL_Driver/Src/stm32f1xx_hal_gpio.o
                0x08001644                HAL_GPIO_Init
 .text.HAL_GPIO_DeInit
                0x0800194c      0x178 ./src/lib/cube_f103/Drivers/STM32F1xx_HAL_Driver/Src/stm32f1xx_hal_gpio.o
                0x0800194c                HAL_GPIO_DeInit
 .text.HAL_GPIO_WritePin
                0x08001ac4       0x30 ./src/lib/cube_f103/Drivers/STM32F1xx_HAL_Driver/Src/stm32f1xx_hal_gpio.o
                0x08001ac4                HAL_GPIO_WritePin
 .text.HAL_GPIO_TogglePin
                0x08001af4       0x32 ./src/lib/cube_f103/Drivers/STM32F1xx_HAL_Driver/Src/stm32f1xx_hal_gpio.o
                0x08001af4                HAL_GPIO_TogglePin
 .text.HAL_PCD_Init
                0x08001b26      0x1ec ./src/lib/cube_f103/Drivers/STM32F1xx_HAL_Driver/Src/stm32f1xx_hal_pcd.o
                0x08001b26                HAL_PCD_Init
 .text.HAL_PCD_Start
                0x08001d12       0x4c ./src/lib/cube_f103/Drivers/STM32F1xx_HAL_Driver/Src/stm32f1xx_hal_pcd.o
                0x08001d12                HAL_PCD_Start
 .text.HAL_PCD_IRQHandler
                0x08001d5e      0x260 ./src/lib/cube_f103/Drivers/STM32F1xx_HAL_Driver/Src/stm32f1xx_hal_pcd.o
                0x08001d5e                HAL_PCD_IRQHandler
 .text.HAL_PCD_SetAddress
                0x08001fbe       0x48 ./src/lib/cube_f103/Drivers/STM32F1xx_HAL_Driver/Src/stm32f1xx_hal_pcd.o
                0x08001fbe                HAL_PCD_SetAddress
 .text.HAL_PCD_EP_Open
                0x08002006       0xba ./src/lib/cube_f103/Drivers/STM32F1xx_HAL_Driver/Src/stm32f1xx_hal_pcd.o
                0x08002006                HAL_PCD_EP_Open
 .text.HAL_PCD_EP_Close
                0x080020c0       0x90 ./src/lib/cube_f103/Drivers/STM32F1xx_HAL_Driver/Src/stm32f1xx_hal_pcd.o
                0x080020c0                HAL_PCD_EP_Close
 .text.HAL_PCD_EP_Receive
                0x08002150       0x62 ./src/lib/cube_f103/Drivers/STM32F1xx_HAL_Driver/Src/stm32f1xx_hal_pcd.o
                0x08002150                HAL_PCD_EP_Receive
 .text.HAL_PCD_EP_GetRxCount
                0x080021b2       0x2e ./src/lib/cube_f103/Drivers/STM32F1xx_HAL_Driver/Src/stm32f1xx_hal_pcd.o
                0x080021b2                HAL_PCD_EP_GetRxCount
 .text.HAL_PCD_EP_Transmit
                0x080021e0       0x6e ./src/lib/cube_f103/Drivers/STM32F1xx_HAL_Driver/Src/stm32f1xx_hal_pcd.o
                0x080021e0                HAL_PCD_EP_Transmit
 .text.HAL_PCD_EP_SetStall
                0x0800224e       0xc0 ./src/lib/cube_f103/Drivers/STM32F1xx_HAL_Driver/Src/stm32f1xx_hal_pcd.o
                0x0800224e                HAL_PCD_EP_SetStall
 .text.HAL_PCD_EP_ClrStall
                0x0800230e       0xa8 ./src/lib/cube_f103/Drivers/STM32F1xx_HAL_Driver/Src/stm32f1xx_hal_pcd.o
                0x0800230e                HAL_PCD_EP_ClrStall
 .text.PCD_EP_ISR_Handler
                0x080023b6      0x79e ./src/lib/cube_f103/Drivers/STM32F1xx_HAL_Driver/Src/stm32f1xx_hal_pcd.o
 .text.HAL_PCD_EP_DB_Receive
                0x08002b54      0x21a ./src/lib/cube_f103/Drivers/STM32F1xx_HAL_Driver/Src/stm32f1xx_hal_pcd.o
 .text.HAL_PCD_EP_DB_Transmit
                0x08002d6e      0x7f4 ./src/lib/cube_f103/Drivers/STM32F1xx_HAL_Driver/Src/stm32f1xx_hal_pcd.o
 .text.HAL_PCDEx_PMAConfig
                0x08003562       0x84 ./src/lib/cube_f103/Drivers/STM32F1xx_HAL_Driver/Src/stm32f1xx_hal_pcd_ex.o
                0x08003562                HAL_PCDEx_PMAConfig
 *fill*         0x080035e6        0x2 
 .text.HAL_PWR_EnableBkUpAccess
                0x080035e8       0x18 ./src/lib/cube_f103/Drivers/STM32F1xx_HAL_Driver/Src/stm32f1xx_hal_pwr.o
                0x080035e8                HAL_PWR_EnableBkUpAccess
 .text.HAL_RCC_OscConfig
                0x08003600      0x504 ./src/lib/cube_f103/Drivers/STM32F1xx_HAL_Driver/Src/stm32f1xx_hal_rcc.o
                0x08003600                HAL_RCC_OscConfig
 .text.HAL_RCC_ClockConfig
                0x08003b04      0x1d4 ./src/lib/cube_f103/Drivers/STM32F1xx_HAL_Driver/Src/stm32f1xx_hal_rcc.o
                0x08003b04                HAL_RCC_ClockConfig
 .text.HAL_RCC_GetSysClockFreq
                0x08003cd8       0xa8 ./src/lib/cube_f103/Drivers/STM32F1xx_HAL_Driver/Src/stm32f1xx_hal_rcc.o
                0x08003cd8                HAL_RCC_GetSysClockFreq
 .text.HAL_RCC_GetHCLKFreq
                0x08003d80       0x14 ./src/lib/cube_f103/Drivers/STM32F1xx_HAL_Driver/Src/stm32f1xx_hal_rcc.o
                0x08003d80                HAL_RCC_GetHCLKFreq
 .text.HAL_RCC_GetPCLK1Freq
                0x08003d94       0x28 ./src/lib/cube_f103/Drivers/STM32F1xx_HAL_Driver/Src/stm32f1xx_hal_rcc.o
                0x08003d94                HAL_RCC_GetPCLK1Freq
 .text.HAL_RCC_GetPCLK2Freq
                0x08003dbc       0x28 ./src/lib/cube_f103/Drivers/STM32F1xx_HAL_Driver/Src/stm32f1xx_hal_rcc.o
                0x08003dbc                HAL_RCC_GetPCLK2Freq
 .text.RCC_Delay
                0x08003de4       0x3c ./src/lib/cube_f103/Drivers/STM32F1xx_HAL_Driver/Src/stm32f1xx_hal_rcc.o
 .text.HAL_RCCEx_PeriphCLKConfig
                0x08003e20      0x16c ./src/lib/cube_f103/Drivers/STM32F1xx_HAL_Driver/Src/stm32f1xx_hal_rcc_ex.o
                0x08003e20                HAL_RCCEx_PeriphCLKConfig
 .text.HAL_RCCEx_GetPeriphCLKFreq
                0x08003f8c      0x16c ./src/lib/cube_f103/Drivers/STM32F1xx_HAL_Driver/Src/stm32f1xx_hal_rcc_ex.o
                0x08003f8c                HAL_RCCEx_GetPeriphCLKFreq
 .text.HAL_RTC_Init
                0x080040f8      0x118 ./src/lib/cube_f103/Drivers/STM32F1xx_HAL_Driver/Src/stm32f1xx_hal_rtc.o
                0x080040f8                HAL_RTC_Init
 .text.HAL_RTC_WaitForSynchro
                0x08004210       0x5a ./src/lib/cube_f103/Drivers/STM32F1xx_HAL_Driver/Src/stm32f1xx_hal_rtc.o
                0x08004210                HAL_RTC_WaitForSynchro
 .text.RTC_EnterInitMode
                0x0800426a       0x50 ./src/lib/cube_f103/Drivers/STM32F1xx_HAL_Driver/Src/stm32f1xx_hal_rtc.o
 .text.RTC_ExitInitMode
                0x080042ba       0x50 ./src/lib/cube_f103/Drivers/STM32F1xx_HAL_Driver/Src/stm32f1xx_hal_rtc.o
 *fill*         0x0800430a        0x2 
 .text.HAL_RTCEx_BKUPWrite
                0x0800430c       0x34 ./src/lib/cube_f103/Drivers/STM32F1xx_HAL_Driver/Src/stm32f1xx_hal_rtc_ex.o
                0x0800430c                HAL_RTCEx_BKUPWrite
 .text.HAL_RTCEx_BKUPRead
                0x08004340       0x38 ./src/lib/cube_f103/Drivers/STM32F1xx_HAL_Driver/Src/stm32f1xx_hal_rtc_ex.o
                0x08004340                HAL_RTCEx_BKUPRead
 .text.HAL_UART_Init
                0x08004378       0xa0 ./src/lib/cube_f103/Drivers/STM32F1xx_HAL_Driver/Src/stm32f1xx_hal_uart.o
                0x08004378                HAL_UART_Init
 .text.HAL_UART_DeInit
                0x08004418       0x64 ./src/lib/cube_f103/Drivers/STM32F1xx_HAL_Driver/Src/stm32f1xx_hal_uart.o
                0x08004418                HAL_UART_DeInit
 .text.HAL_UART_Transmit
                0x0800447c      0x116 ./src/lib/cube_f103/Drivers/STM32F1xx_HAL_Driver/Src/stm32f1xx_hal_uart.o
                0x0800447c                HAL_UART_Transmit
 .text.HAL_UART_Receive_DMA
                0x08004592       0x4a ./src/lib/cube_f103/Drivers/STM32F1xx_HAL_Driver/Src/stm32f1xx_hal_uart.o
                0x08004592                HAL_UART_Receive_DMA
 .text.HAL_UART_IRQHandler
                0x080045dc      0x524 ./src/lib/cube_f103/Drivers/STM32F1xx_HAL_Driver/Src/stm32f1xx_hal_uart.o
                0x080045dc                HAL_UART_IRQHandler
 .text.HAL_UART_TxCpltCallback
                0x08004b00       0x12 ./src/lib/cube_f103/Drivers/STM32F1xx_HAL_Driver/Src/stm32f1xx_hal_uart.o
                0x08004b00                HAL_UART_TxCpltCallback
 .text.HAL_UART_RxHalfCpltCallback
                0x08004b12       0x12 ./src/lib/cube_f103/Drivers/STM32F1xx_HAL_Driver/Src/stm32f1xx_hal_uart.o
                0x08004b12                HAL_UART_RxHalfCpltCallback
 .text.HAL_UARTEx_RxEventCallback
                0x08004b24       0x16 ./src/lib/cube_f103/Drivers/STM32F1xx_HAL_Driver/Src/stm32f1xx_hal_uart.o
                0x08004b24                HAL_UARTEx_RxEventCallback
 .text.UART_DMAReceiveCplt
                0x08004b3a      0x12c ./src/lib/cube_f103/Drivers/STM32F1xx_HAL_Driver/Src/stm32f1xx_hal_uart.o
 .text.UART_DMARxHalfCplt
                0x08004c66       0x3c ./src/lib/cube_f103/Drivers/STM32F1xx_HAL_Driver/Src/stm32f1xx_hal_uart.o
 .text.UART_DMAError
                0x08004ca2       0x94 ./src/lib/cube_f103/Drivers/STM32F1xx_HAL_Driver/Src/stm32f1xx_hal_uart.o
 .text.UART_WaitOnFlagUntilTimeout
                0x08004d36       0xb2 ./src/lib/cube_f103/Drivers/STM32F1xx_HAL_Driver/Src/stm32f1xx_hal_uart.o
 .text.UART_Start_Receive_DMA
                0x08004de8      0x134 ./src/lib/cube_f103/Drivers/STM32F1xx_HAL_Driver/Src/stm32f1xx_hal_uart.o
                0x08004de8                UART_Start_Receive_DMA
 .text.UART_EndTxTransfer
                0x08004f1c       0x4e ./src/lib/cube_f103/Drivers/STM32F1xx_HAL_Driver/Src/stm32f1xx_hal_uart.o
 .text.UART_EndRxTransfer
                0x08004f6a       0xc4 ./src/lib/cube_f103/Drivers/STM32F1xx_HAL_Driver/Src/stm32f1xx_hal_uart.o
 .text.UART_DMAAbortOnError
                0x0800502e       0x28 ./src/lib/cube_f103/Drivers/STM32F1xx_HAL_Driver/Src/stm32f1xx_hal_uart.o
 .text.UART_Transmit_IT
                0x08005056       0x9e ./src/lib/cube_f103/Drivers/STM32F1xx_HAL_Driver/Src/stm32f1xx_hal_uart.o
 .text.UART_EndTransmit_IT
                0x080050f4       0x30 ./src/lib/cube_f103/Drivers/STM32F1xx_HAL_Driver/Src/stm32f1xx_hal_uart.o
 .text.UART_Receive_IT
                0x08005124      0x17c ./src/lib/cube_f103/Drivers/STM32F1xx_HAL_Driver/Src/stm32f1xx_hal_uart.o
 .text.UART_SetConfig
                0x080052a0      0x11c ./src/lib/cube_f103/Drivers/STM32F1xx_HAL_Driver/Src/stm32f1xx_hal_uart.o
 .text.USB_CoreInit
                0x080053bc       0x1a ./src/lib/cube_f103/Drivers/STM32F1xx_HAL_Driver/Src/stm32f1xx_ll_usb.o
                0x080053bc                USB_CoreInit
 .text.USB_EnableGlobalInt
                0x080053d6       0x2c ./src/lib/cube_f103/Drivers/STM32F1xx_HAL_Driver/Src/stm32f1xx_ll_usb.o
                0x080053d6                USB_EnableGlobalInt
 .text.USB_DisableGlobalInt
                0x08005402       0x34 ./src/lib/cube_f103/Drivers/STM32F1xx_HAL_Driver/Src/stm32f1xx_ll_usb.o
                0x08005402                USB_DisableGlobalInt
 .text.USB_SetCurrentMode
                0x08005436       0x18 ./src/lib/cube_f103/Drivers/STM32F1xx_HAL_Driver/Src/stm32f1xx_ll_usb.o
                0x08005436                USB_SetCurrentMode
 .text.USB_DevInit
                0x0800544e       0x3a ./src/lib/cube_f103/Drivers/STM32F1xx_HAL_Driver/Src/stm32f1xx_ll_usb.o
                0x0800544e                USB_DevInit
 .text.USB_ActivateEndpoint
                0x08005488      0x780 ./src/lib/cube_f103/Drivers/STM32F1xx_HAL_Driver/Src/stm32f1xx_ll_usb.o
                0x08005488                USB_ActivateEndpoint
 .text.USB_DeactivateEndpoint
                0x08005c08      0x3d8 ./src/lib/cube_f103/Drivers/STM32F1xx_HAL_Driver/Src/stm32f1xx_ll_usb.o
                0x08005c08                USB_DeactivateEndpoint
 .text.USB_EPStartXfer
                0x08005fe0     0x1762 ./src/lib/cube_f103/Drivers/STM32F1xx_HAL_Driver/Src/stm32f1xx_ll_usb.o
                0x08005fe0                USB_EPStartXfer
 .text.USB_EPSetStall
                0x08007742       0xa0 ./src/lib/cube_f103/Drivers/STM32F1xx_HAL_Driver/Src/stm32f1xx_ll_usb.o
                0x08007742                USB_EPSetStall
 .text.USB_EPClearStall
                0x080077e2      0x15a ./src/lib/cube_f103/Drivers/STM32F1xx_HAL_Driver/Src/stm32f1xx_ll_usb.o
                0x080077e2                USB_EPClearStall
 .text.USB_SetDevAddress
                0x0800793c       0x26 ./src/lib/cube_f103/Drivers/STM32F1xx_HAL_Driver/Src/stm32f1xx_ll_usb.o
                0x0800793c                USB_SetDevAddress
 .text.USB_DevConnect
                0x08007962       0x14 ./src/lib/cube_f103/Drivers/STM32F1xx_HAL_Driver/Src/stm32f1xx_ll_usb.o
                0x08007962                USB_DevConnect
 .text.USB_DevDisconnect
                0x08007976       0x14 ./src/lib/cube_f103/Drivers/STM32F1xx_HAL_Driver/Src/stm32f1xx_ll_usb.o
                0x08007976                USB_DevDisconnect
 .text.USB_ReadInterrupts
                0x0800798a       0x1e ./src/lib/cube_f103/Drivers/STM32F1xx_HAL_Driver/Src/stm32f1xx_ll_usb.o
                0x0800798a                USB_ReadInterrupts
 .text.USB_EP0_OutStart
                0x080079a8       0x16 ./src/lib/cube_f103/Drivers/STM32F1xx_HAL_Driver/Src/stm32f1xx_ll_usb.o
                0x080079a8                USB_EP0_OutStart
 .text.USB_WritePMA
                0x080079be       0x8c ./src/lib/cube_f103/Drivers/STM32F1xx_HAL_Driver/Src/stm32f1xx_ll_usb.o
                0x080079be                USB_WritePMA
 .text.USB_ReadPMA
                0x08007a4a       0x9e ./src/lib/cube_f103/Drivers/STM32F1xx_HAL_Driver/Src/stm32f1xx_ll_usb.o
                0x08007a4a                USB_ReadPMA
 .text.USBD_CDC_Init
                0x08007ae8       0xf4 ./src/lib/cube_f103/Middlewares/ST/STM32_USB_Device_Library/Class/CDC/Src/usbd_cdc.o
 .text.USBD_CDC_DeInit
                0x08007bdc       0x6e ./src/lib/cube_f103/Middlewares/ST/STM32_USB_Device_Library/Class/CDC/Src/usbd_cdc.o
 .text.USBD_CDC_Setup
                0x08007c4a      0x146 ./src/lib/cube_f103/Middlewares/ST/STM32_USB_Device_Library/Class/CDC/Src/usbd_cdc.o
 .text.USBD_CDC_DataIn
                0x08007d90       0xa6 ./src/lib/cube_f103/Middlewares/ST/STM32_USB_Device_Library/Class/CDC/Src/usbd_cdc.o
 .text.USBD_CDC_DataOut
                0x08007e36       0x56 ./src/lib/cube_f103/Middlewares/ST/STM32_USB_Device_Library/Class/CDC/Src/usbd_cdc.o
 .text.USBD_CDC_EP0_RxReady
                0x08007e8c       0x4e ./src/lib/cube_f103/Middlewares/ST/STM32_USB_Device_Library/Class/CDC/Src/usbd_cdc.o
 *fill*         0x08007eda        0x2 
 .text.USBD_CDC_GetFSCfgDesc
                0x08007edc       0x20 ./src/lib/cube_f103/Middlewares/ST/STM32_USB_Device_Library/Class/CDC/Src/usbd_cdc.o
 .text.USBD_CDC_GetHSCfgDesc
                0x08007efc       0x20 ./src/lib/cube_f103/Middlewares/ST/STM32_USB_Device_Library/Class/CDC/Src/usbd_cdc.o
 .text.USBD_CDC_GetOtherSpeedCfgDesc
                0x08007f1c       0x20 ./src/lib/cube_f103/Middlewares/ST/STM32_USB_Device_Library/Class/CDC/Src/usbd_cdc.o
 .text.USBD_CDC_GetDeviceQualifierDescriptor
                0x08007f3c       0x20 ./src/lib/cube_f103/Middlewares/ST/STM32_USB_Device_Library/Class/CDC/Src/usbd_cdc.o
                0x08007f3c                USBD_CDC_GetDeviceQualifierDescriptor
 .text.USBD_CDC_RegisterInterface
                0x08007f5c       0x2c ./src/lib/cube_f103/Middlewares/ST/STM32_USB_Device_Library/Class/CDC/Src/usbd_cdc.o
                0x08007f5c                USBD_CDC_RegisterInterface
 .text.USBD_CDC_SetTxBuffer
                0x08007f88       0x32 ./src/lib/cube_f103/Middlewares/ST/STM32_USB_Device_Library/Class/CDC/Src/usbd_cdc.o
                0x08007f88                USBD_CDC_SetTxBuffer
 .text.USBD_CDC_SetRxBuffer
                0x08007fba       0x26 ./src/lib/cube_f103/Middlewares/ST/STM32_USB_Device_Library/Class/CDC/Src/usbd_cdc.o
                0x08007fba                USBD_CDC_SetRxBuffer
 .text.USBD_CDC_TransmitPacket
                0x08007fe0       0x5e ./src/lib/cube_f103/Middlewares/ST/STM32_USB_Device_Library/Class/CDC/Src/usbd_cdc.o
                0x08007fe0                USBD_CDC_TransmitPacket
 .text.USBD_CDC_ReceivePacket
                0x0800803e       0x54 ./src/lib/cube_f103/Middlewares/ST/STM32_USB_Device_Library/Class/CDC/Src/usbd_cdc.o
                0x0800803e                USBD_CDC_ReceivePacket
 .text.USBD_Init
                0x08008092       0x56 ./src/lib/cube_f103/Middlewares/ST/STM32_USB_Device_Library/Core/Src/usbd_core.o
                0x08008092                USBD_Init
 .text.USBD_RegisterClass
                0x080080e8       0x32 ./src/lib/cube_f103/Middlewares/ST/STM32_USB_Device_Library/Core/Src/usbd_core.o
                0x080080e8                USBD_RegisterClass
 .text.USBD_Start
                0x0800811a       0x18 ./src/lib/cube_f103/Middlewares/ST/STM32_USB_Device_Library/Core/Src/usbd_core.o
                0x0800811a                USBD_Start
 .text.USBD_RunTestMode
                0x08008132       0x14 ./src/lib/cube_f103/Middlewares/ST/STM32_USB_Device_Library/Core/Src/usbd_core.o
                0x08008132                USBD_RunTestMode
 .text.USBD_SetClassConfig
                0x08008146       0x3e ./src/lib/cube_f103/Middlewares/ST/STM32_USB_Device_Library/Core/Src/usbd_core.o
                0x08008146                USBD_SetClassConfig
 .text.USBD_ClrClassConfig
                0x08008184       0x26 ./src/lib/cube_f103/Middlewares/ST/STM32_USB_Device_Library/Core/Src/usbd_core.o
                0x08008184                USBD_ClrClassConfig
 .text.USBD_LL_SetupStage
                0x080081aa       0x9a ./src/lib/cube_f103/Middlewares/ST/STM32_USB_Device_Library/Core/Src/usbd_core.o
                0x080081aa                USBD_LL_SetupStage
 .text.USBD_LL_DataOutStage
                0x08008244       0xe2 ./src/lib/cube_f103/Middlewares/ST/STM32_USB_Device_Library/Core/Src/usbd_core.o
                0x08008244                USBD_LL_DataOutStage
 .text.USBD_LL_DataInStage
                0x08008326      0x14a ./src/lib/cube_f103/Middlewares/ST/STM32_USB_Device_Library/Core/Src/usbd_core.o
                0x08008326                USBD_LL_DataInStage
 .text.USBD_LL_Reset
                0x08008470       0x82 ./src/lib/cube_f103/Middlewares/ST/STM32_USB_Device_Library/Core/Src/usbd_core.o
                0x08008470                USBD_LL_Reset
 .text.USBD_LL_SetSpeed
                0x080084f2       0x1e ./src/lib/cube_f103/Middlewares/ST/STM32_USB_Device_Library/Core/Src/usbd_core.o
                0x080084f2                USBD_LL_SetSpeed
 .text.USBD_LL_Suspend
                0x08008510       0x28 ./src/lib/cube_f103/Middlewares/ST/STM32_USB_Device_Library/Core/Src/usbd_core.o
                0x08008510                USBD_LL_Suspend
 .text.USBD_LL_Resume
                0x08008538       0x2a ./src/lib/cube_f103/Middlewares/ST/STM32_USB_Device_Library/Core/Src/usbd_core.o
                0x08008538                USBD_LL_Resume
 .text.USBD_LL_SOF
                0x08008562       0x34 ./src/lib/cube_f103/Middlewares/ST/STM32_USB_Device_Library/Core/Src/usbd_core.o
                0x08008562                USBD_LL_SOF
 *fill*         0x08008596        0x2 
 .text.USBD_StdDevReq
                0x08008598       0xd4 ./src/lib/cube_f103/Middlewares/ST/STM32_USB_Device_Library/Core/Src/usbd_ctlreq.o
                0x08008598                USBD_StdDevReq
 .text.USBD_StdItfReq
                0x0800866c       0x90 ./src/lib/cube_f103/Middlewares/ST/STM32_USB_Device_Library/Core/Src/usbd_ctlreq.o
                0x0800866c                USBD_StdItfReq
 .text.USBD_StdEPReq
                0x080086fc      0x2c6 ./src/lib/cube_f103/Middlewares/ST/STM32_USB_Device_Library/Core/Src/usbd_ctlreq.o
                0x080086fc                USBD_StdEPReq
 *fill*         0x080089c2        0x2 
 .text.USBD_GetDescriptor
                0x080089c4      0x2d0 ./src/lib/cube_f103/Middlewares/ST/STM32_USB_Device_Library/Core/Src/usbd_ctlreq.o
 .text.USBD_SetAddress
                0x08008c94       0x86 ./src/lib/cube_f103/Middlewares/ST/STM32_USB_Device_Library/Core/Src/usbd_ctlreq.o
 *fill*         0x08008d1a        0x2 
 .text.USBD_SetConfig
                0x08008d1c      0x11c ./src/lib/cube_f103/Middlewares/ST/STM32_USB_Device_Library/Core/Src/usbd_ctlreq.o
 .text.USBD_GetConfig
                0x08008e38       0x6a ./src/lib/cube_f103/Middlewares/ST/STM32_USB_Device_Library/Core/Src/usbd_ctlreq.o
 .text.USBD_GetStatus
                0x08008ea2       0x66 ./src/lib/cube_f103/Middlewares/ST/STM32_USB_Device_Library/Core/Src/usbd_ctlreq.o
 .text.USBD_SetFeature
                0x08008f08       0x28 ./src/lib/cube_f103/Middlewares/ST/STM32_USB_Device_Library/Core/Src/usbd_ctlreq.o
 .text.USBD_ClrFeature
                0x08008f30       0x42 ./src/lib/cube_f103/Middlewares/ST/STM32_USB_Device_Library/Core/Src/usbd_ctlreq.o
 .text.USBD_ParseSetupRequest
                0x08008f72       0x72 ./src/lib/cube_f103/Middlewares/ST/STM32_USB_Device_Library/Core/Src/usbd_ctlreq.o
                0x08008f72                USBD_ParseSetupRequest
 .text.USBD_CtlError
                0x08008fe4       0x22 ./src/lib/cube_f103/Middlewares/ST/STM32_USB_Device_Library/Core/Src/usbd_ctlreq.o
                0x08008fe4                USBD_CtlError
 .text.USBD_GetString
                0x08009006       0x84 ./src/lib/cube_f103/Middlewares/ST/STM32_USB_Device_Library/Core/Src/usbd_ctlreq.o
                0x08009006                USBD_GetString
 .text.USBD_GetLen
                0x0800908a       0x2e ./src/lib/cube_f103/Middlewares/ST/STM32_USB_Device_Library/Core/Src/usbd_ctlreq.o
 .text.USBD_CtlSendData
                0x080090b8       0x38 ./src/lib/cube_f103/Middlewares/ST/STM32_USB_Device_Library/Core/Src/usbd_ioreq.o
                0x080090b8                USBD_CtlSendData
 .text.USBD_CtlContinueSendData
                0x080090f0       0x24 ./src/lib/cube_f103/Middlewares/ST/STM32_USB_Device_Library/Core/Src/usbd_ioreq.o
                0x080090f0                USBD_CtlContinueSendData
 .text.USBD_CtlPrepareRx
                0x08009114       0x3c ./src/lib/cube_f103/Middlewares/ST/STM32_USB_Device_Library/Core/Src/usbd_ioreq.o
                0x08009114                USBD_CtlPrepareRx
 .text.USBD_CtlContinueRx
                0x08009150       0x24 ./src/lib/cube_f103/Middlewares/ST/STM32_USB_Device_Library/Core/Src/usbd_ioreq.o
                0x08009150                USBD_CtlContinueRx
 .text.USBD_CtlSendStatus
                0x08009174       0x26 ./src/lib/cube_f103/Middlewares/ST/STM32_USB_Device_Library/Core/Src/usbd_ioreq.o
                0x08009174                USBD_CtlSendStatus
 .text.USBD_CtlReceiveStatus
                0x0800919a       0x26 ./src/lib/cube_f103/Middlewares/ST/STM32_USB_Device_Library/Core/Src/usbd_ioreq.o
                0x0800919a                USBD_CtlReceiveStatus
 .text.MX_USB_DEVICE_Init
                0x080091c0       0x60 ./src/lib/cube_f103/USB_DEVICE/App/usb_device.o
                0x080091c0                MX_USB_DEVICE_Init
 .text.cdcAvailable
                0x08009220       0x38 ./src/lib/cube_f103/USB_DEVICE/App/usbd_cdc_if.o
                0x08009220                cdcAvailable
 .text.cdcRead  0x08009258       0x50 ./src/lib/cube_f103/USB_DEVICE/App/usbd_cdc_if.o
                0x08009258                cdcRead
 .text.cdcDataIn
                0x080092a8       0x54 ./src/lib/cube_f103/USB_DEVICE/App/usbd_cdc_if.o
                0x080092a8                cdcDataIn
 .text.cdcWrite
                0x080092fc       0x50 ./src/lib/cube_f103/USB_DEVICE/App/usbd_cdc_if.o
                0x080092fc                cdcWrite
 .text.cdcGetBaud
                0x0800934c       0x14 ./src/lib/cube_f103/USB_DEVICE/App/usbd_cdc_if.o
                0x0800934c                cdcGetBaud
 .text.CDC_Init_FS
                0x08009360       0x28 ./src/lib/cube_f103/USB_DEVICE/App/usbd_cdc_if.o
 .text.CDC_DeInit_FS
                0x08009388        0xe ./src/lib/cube_f103/USB_DEVICE/App/usbd_cdc_if.o
 *fill*         0x08009396        0x2 
 .text.CDC_Control_FS
                0x08009398      0x170 ./src/lib/cube_f103/USB_DEVICE/App/usbd_cdc_if.o
 .text.CDC_Receive_FS
                0x08009508       0x4c ./src/lib/cube_f103/USB_DEVICE/App/usbd_cdc_if.o
 .text.CDC_Transmit_FS
                0x08009554       0x4c ./src/lib/cube_f103/USB_DEVICE/App/usbd_cdc_if.o
                0x08009554                CDC_Transmit_FS
 .text.USBD_FS_DeviceDescriptor
                0x080095a0       0x24 ./src/lib/cube_f103/USB_DEVICE/App/usbd_desc.o
                0x080095a0                USBD_FS_DeviceDescriptor
 .text.USBD_FS_LangIDStrDescriptor
                0x080095c4       0x24 ./src/lib/cube_f103/USB_DEVICE/App/usbd_desc.o
                0x080095c4                USBD_FS_LangIDStrDescriptor
 .text.USBD_FS_ProductStrDescriptor
                0x080095e8       0x3c ./src/lib/cube_f103/USB_DEVICE/App/usbd_desc.o
                0x080095e8                USBD_FS_ProductStrDescriptor
 .text.USBD_FS_ManufacturerStrDescriptor
                0x08009624       0x28 ./src/lib/cube_f103/USB_DEVICE/App/usbd_desc.o
                0x08009624                USBD_FS_ManufacturerStrDescriptor
 .text.USBD_FS_SerialStrDescriptor
                0x0800964c       0x24 ./src/lib/cube_f103/USB_DEVICE/App/usbd_desc.o
                0x0800964c                USBD_FS_SerialStrDescriptor
 .text.USBD_FS_ConfigStrDescriptor
                0x08009670       0x3c ./src/lib/cube_f103/USB_DEVICE/App/usbd_desc.o
                0x08009670                USBD_FS_ConfigStrDescriptor
 .text.USBD_FS_InterfaceStrDescriptor
                0x080096ac       0x3c ./src/lib/cube_f103/USB_DEVICE/App/usbd_desc.o
                0x080096ac                USBD_FS_InterfaceStrDescriptor
 .text.Get_SerialNum
                0x080096e8       0x58 ./src/lib/cube_f103/USB_DEVICE/App/usbd_desc.o
 .text.IntToUnicode
                0x08009740       0x7c ./src/lib/cube_f103/USB_DEVICE/App/usbd_desc.o
 .text.HAL_PCD_MspInit
                0x080097bc       0x4c ./src/lib/cube_f103/USB_DEVICE/Target/usbd_conf.o
                0x080097bc                HAL_PCD_MspInit
 .text.HAL_PCD_SetupStageCallback
                0x08009808       0x24 ./src/lib/cube_f103/USB_DEVICE/Target/usbd_conf.o
                0x08009808                HAL_PCD_SetupStageCallback
 .text.HAL_PCD_DataOutStageCallback
                0x0800982c       0x36 ./src/lib/cube_f103/USB_DEVICE/Target/usbd_conf.o
                0x0800982c                HAL_PCD_DataOutStageCallback
 .text.HAL_PCD_DataInStageCallback
                0x08009862       0x34 ./src/lib/cube_f103/USB_DEVICE/Target/usbd_conf.o
                0x08009862                HAL_PCD_DataInStageCallback
 .text.HAL_PCD_SOFCallback
                0x08009896       0x1c ./src/lib/cube_f103/USB_DEVICE/Target/usbd_conf.o
                0x08009896                HAL_PCD_SOFCallback
 .text.HAL_PCD_ResetCallback
                0x080098b2       0x3c ./src/lib/cube_f103/USB_DEVICE/Target/usbd_conf.o
                0x080098b2                HAL_PCD_ResetCallback
 *fill*         0x080098ee        0x2 
 .text.HAL_PCD_SuspendCallback
                0x080098f0       0x34 ./src/lib/cube_f103/USB_DEVICE/Target/usbd_conf.o
                0x080098f0                HAL_PCD_SuspendCallback
 .text.HAL_PCD_ResumeCallback
                0x08009924       0x1c ./src/lib/cube_f103/USB_DEVICE/Target/usbd_conf.o
                0x08009924                HAL_PCD_ResumeCallback
 .text.USBD_LL_Init
                0x08009940       0xb4 ./src/lib/cube_f103/USB_DEVICE/Target/usbd_conf.o
                0x08009940                USBD_LL_Init
 .text.USBD_LL_Start
                0x080099f4       0x36 ./src/lib/cube_f103/USB_DEVICE/Target/usbd_conf.o
                0x080099f4                USBD_LL_Start
 .text.USBD_LL_OpenEP
                0x08009a2a       0x4c ./src/lib/cube_f103/USB_DEVICE/Target/usbd_conf.o
                0x08009a2a                USBD_LL_OpenEP
 .text.USBD_LL_CloseEP
                0x08009a76       0x3e ./src/lib/cube_f103/USB_DEVICE/Target/usbd_conf.o
                0x08009a76                USBD_LL_CloseEP
 .text.USBD_LL_StallEP
                0x08009ab4       0x3e ./src/lib/cube_f103/USB_DEVICE/Target/usbd_conf.o
                0x08009ab4                USBD_LL_StallEP
 .text.USBD_LL_ClearStallEP
                0x08009af2       0x3e ./src/lib/cube_f103/USB_DEVICE/Target/usbd_conf.o
                0x08009af2                USBD_LL_ClearStallEP
 .text.USBD_LL_IsStallEP
                0x08009b30       0x56 ./src/lib/cube_f103/USB_DEVICE/Target/usbd_conf.o
                0x08009b30                USBD_LL_IsStallEP
 .text.USBD_LL_SetUSBAddress
                0x08009b86       0x3e ./src/lib/cube_f103/USB_DEVICE/Target/usbd_conf.o
                0x08009b86                USBD_LL_SetUSBAddress
 .text.USBD_LL_Transmit
                0x08009bc4       0x46 ./src/lib/cube_f103/USB_DEVICE/Target/usbd_conf.o
                0x08009bc4                USBD_LL_Transmit
 .text.USBD_LL_PrepareReceive
                0x08009c0a       0x46 ./src/lib/cube_f103/USB_DEVICE/Target/usbd_conf.o
                0x08009c0a                USBD_LL_PrepareReceive
 .text.USBD_LL_GetRxDataSize
                0x08009c50       0x26 ./src/lib/cube_f103/USB_DEVICE/Target/usbd_conf.o
                0x08009c50                USBD_LL_GetRxDataSize
 *fill*         0x08009c76        0x2 
 .text.USBD_static_malloc
                0x08009c78       0x18 ./src/lib/cube_f103/USB_DEVICE/Target/usbd_conf.o
                0x08009c78                USBD_static_malloc
 .text.USBD_static_free
                0x08009c90       0x12 ./src/lib/cube_f103/USB_DEVICE/Target/usbd_conf.o
                0x08009c90                USBD_static_free
 .text.HAL_PCDEx_SetConnectionState
                0x08009ca2       0x16 ./src/lib/cube_f103/USB_DEVICE/Target/usbd_conf.o
                0x08009ca2                HAL_PCDEx_SetConnectionState
 .text.USBD_Get_USB_Status
                0x08009cb8       0x58 ./src/lib/cube_f103/USB_DEVICE/Target/usbd_conf.o
 .text.main     0x08009d10       0x16 ./src/main.o
                0x08009d10                main
 .text.memset   0x08009d26       0x10 C:/ST/STM32CubeIDE_1.18.1/STM32CubeIDE/plugins/com.st.stm32cube.ide.mcu.externaltools.gnu-tools-for-stm32.13.3.rel1.win32_1.0.0.202411081344/tools/bin/../lib/gcc/arm-none-eabi/13.3.1/../../../../arm-none-eabi/lib/thumb/v7-m/nofp\libc_nano.a(libc_a-memset.o)
                0x08009d26                memset
 *fill*         0x08009d36        0x2 
 .text.__libc_init_array
                0x08009d38       0x48 C:/ST/STM32CubeIDE_1.18.1/STM32CubeIDE/plugins/com.st.stm32cube.ide.mcu.externaltools.gnu-tools-for-stm32.13.3.rel1.win32_1.0.0.202411081344/tools/bin/../lib/gcc/arm-none-eabi/13.3.1/../../../../arm-none-eabi/lib/thumb/v7-m/nofp\libc_nano.a(libc_a-init.o)
                0x08009d38                __libc_init_array
 *(.glue_7)
 .glue_7        0x08009d80        0x0 linker stubs
 *(.glue_7t)
 .glue_7t       0x08009d80        0x0 linker stubs
 *(.eh_frame)
 .eh_frame      0x08009d80        0x0 C:/ST/STM32CubeIDE_1.18.1/STM32CubeIDE/plugins/com.st.stm32cube.ide.mcu.externaltools.gnu-tools-for-stm32.13.3.rel1.win32_1.0.0.202411081344/tools/bin/../lib/gcc/arm-none-eabi/13.3.1/thumb/v7-m/nofp/crtbegin.o
 *(.init)
 .init          0x08009d80        0x4 C:/ST/STM32CubeIDE_1.18.1/STM32CubeIDE/plugins/com.st.stm32cube.ide.mcu.externaltools.gnu-tools-for-stm32.13.3.rel1.win32_1.0.0.202411081344/tools/bin/../lib/gcc/arm-none-eabi/13.3.1/thumb/v7-m/nofp/crti.o
                0x08009d80                _init
 .init          0x08009d84        0x8 C:/ST/STM32CubeIDE_1.18.1/STM32CubeIDE/plugins/com.st.stm32cube.ide.mcu.externaltools.gnu-tools-for-stm32.13.3.rel1.win32_1.0.0.202411081344/tools/bin/../lib/gcc/arm-none-eabi/13.3.1/thumb/v7-m/nofp/crtn.o
 *(.fini)
 .fini          0x08009d8c        0x4 C:/ST/STM32CubeIDE_1.18.1/STM32CubeIDE/plugins/com.st.stm32cube.ide.mcu.externaltools.gnu-tools-for-stm32.13.3.rel1.win32_1.0.0.202411081344/tools/bin/../lib/gcc/arm-none-eabi/13.3.1/thumb/v7-m/nofp/crti.o
                0x08009d8c                _fini
 .fini          0x08009d90        0x8 C:/ST/STM32CubeIDE_1.18.1/STM32CubeIDE/plugins/com.st.stm32cube.ide.mcu.externaltools.gnu-tools-for-stm32.13.3.rel1.win32_1.0.0.202411081344/tools/bin/../lib/gcc/arm-none-eabi/13.3.1/thumb/v7-m/nofp/crtn.o
                0x08009d98                        . = ALIGN (0x4)
                0x08009d98                        _etext = .

.vfp11_veneer   0x08009d98        0x0
 .vfp11_veneer  0x08009d98        0x0 linker stubs

.v4_bx          0x08009d98        0x0
 .v4_bx         0x08009d98        0x0 linker stubs

.iplt           0x08009d98        0x0
 .iplt          0x08009d98        0x0 C:/ST/STM32CubeIDE_1.18.1/STM32CubeIDE/plugins/com.st.stm32cube.ide.mcu.externaltools.gnu-tools-for-stm32.13.3.rel1.win32_1.0.0.202411081344/tools/bin/../lib/gcc/arm-none-eabi/13.3.1/thumb/v7-m/nofp/crtbegin.o

.rodata         0x08009d98       0x88
                0x08009d98                        . = ALIGN (0x4)
 *(.rodata)
 .rodata        0x08009d98       0x46 ./src/lib/cube_f103/USB_DEVICE/App/usbd_desc.o
 *(.rodata*)
 *fill*         0x08009dde        0x2 
 .rodata.AHBPrescTable
                0x08009de0       0x10 ./src/bsp/system_stm32f1xx.o
                0x08009de0                AHBPrescTable
 .rodata.APBPrescTable
                0x08009df0        0x8 ./src/bsp/system_stm32f1xx.o
                0x08009df0                APBPrescTable
 .rodata.aPLLMULFactorTable.1
                0x08009df8       0x10 ./src/lib/cube_f103/Drivers/STM32F1xx_HAL_Driver/Src/stm32f1xx_hal_rcc.o
 .rodata.aPredivFactorTable.0
                0x08009e08        0x2 ./src/lib/cube_f103/Drivers/STM32F1xx_HAL_Driver/Src/stm32f1xx_hal_rcc.o
 *fill*         0x08009e0a        0x2 
 .rodata.aPLLMULFactorTable.1
                0x08009e0c       0x10 ./src/lib/cube_f103/Drivers/STM32F1xx_HAL_Driver/Src/stm32f1xx_hal_rcc_ex.o
 .rodata.aPredivFactorTable.0
                0x08009e1c        0x2 ./src/lib/cube_f103/Drivers/STM32F1xx_HAL_Driver/Src/stm32f1xx_hal_rcc_ex.o
                0x08009e20                        . = ALIGN (0x4)
 *fill*         0x08009e1e        0x2 

.ARM.extab      0x08009e20        0x0
                0x08009e20                        . = ALIGN (0x4)
 *(.ARM.extab* .gnu.linkonce.armextab.*)
                0x08009e20                        . = ALIGN (0x4)

.ARM            0x08009e20        0x0
                0x08009e20                        . = ALIGN (0x4)
                0x08009e20                        __exidx_start = .
 *(.ARM.exidx*)
                0x08009e20                        __exidx_end = .
                0x08009e20                        . = ALIGN (0x4)

.preinit_array  0x08009e20        0x0
                0x08009e20                        . = ALIGN (0x4)
                0x08009e20                        PROVIDE (__preinit_array_start = .)
 *(.preinit_array*)
                0x08009e20                        PROVIDE (__preinit_array_end = .)
                0x08009e20                        . = ALIGN (0x4)

.init_array     0x08009e20        0x4
                0x08009e20                        . = ALIGN (0x4)
                0x08009e20                        PROVIDE (__init_array_start = .)
 *(SORT_BY_NAME(.init_array.*))
 *(.init_array*)
 .init_array    0x08009e20        0x4 C:/ST/STM32CubeIDE_1.18.1/STM32CubeIDE/plugins/com.st.stm32cube.ide.mcu.externaltools.gnu-tools-for-stm32.13.3.rel1.win32_1.0.0.202411081344/tools/bin/../lib/gcc/arm-none-eabi/13.3.1/thumb/v7-m/nofp/crtbegin.o
                0x08009e24                        PROVIDE (__init_array_end = .)
                0x08009e24                        . = ALIGN (0x4)

.fini_array     0x08009e24        0x4
                0x08009e24                        . = ALIGN (0x4)
                [!provide]                        PROVIDE (__fini_array_start = .)
 *(SORT_BY_NAME(.fini_array.*))
 *(.fini_array*)
 .fini_array    0x08009e24        0x4 C:/ST/STM32CubeIDE_1.18.1/STM32CubeIDE/plugins/com.st.stm32cube.ide.mcu.externaltools.gnu-tools-for-stm32.13.3.rel1.win32_1.0.0.202411081344/tools/bin/../lib/gcc/arm-none-eabi/13.3.1/thumb/v7-m/nofp/crtbegin.o
                [!provide]                        PROVIDE (__fini_array_end = .)
                0x08009e28                        . = ALIGN (0x4)
                0x08009e28                        _sidata = LOADADDR (.data)

.rel.dyn        0x08009e28        0x0
 .rel.iplt      0x08009e28        0x0 C:/ST/STM32CubeIDE_1.18.1/STM32CubeIDE/plugins/com.st.stm32cube.ide.mcu.externaltools.gnu-tools-for-stm32.13.3.rel1.win32_1.0.0.202411081344/tools/bin/../lib/gcc/arm-none-eabi/13.3.1/thumb/v7-m/nofp/crtbegin.o

.data           0x20000000      0x190 load address 0x08009e28
                0x20000000                        . = ALIGN (0x4)
                0x20000000                        _sdata = .
 *(.data)
 *(.data*)
 .data.SystemCoreClock
                0x20000000        0x4 ./src/bsp/system_stm32f1xx.o
                0x20000000                SystemCoreClock
 .data.led_tbl  0x20000004        0x8 ./src/hw/driver/led.o
                0x20000004                led_tbl
 .data.uwTickPrio
                0x2000000c        0x4 ./src/lib/cube_f103/Drivers/STM32F1xx_HAL_Driver/Src/stm32f1xx_hal.o
                0x2000000c                uwTickPrio
 .data.uwTickFreq
                0x20000010        0x1 ./src/lib/cube_f103/Drivers/STM32F1xx_HAL_Driver/Src/stm32f1xx_hal.o
                0x20000010                uwTickFreq
 *fill*         0x20000011        0x3 
 .data.USBD_CDC_DeviceQualifierDesc
                0x20000014        0xa ./src/lib/cube_f103/Middlewares/ST/STM32_USB_Device_Library/Class/CDC/Src/usbd_cdc.o
 *fill*         0x2000001e        0x2 
 .data.USBD_CDC
                0x20000020       0x38 ./src/lib/cube_f103/Middlewares/ST/STM32_USB_Device_Library/Class/CDC/Src/usbd_cdc.o
                0x20000020                USBD_CDC
 .data.USBD_CDC_CfgHSDesc
                0x20000058       0x43 ./src/lib/cube_f103/Middlewares/ST/STM32_USB_Device_Library/Class/CDC/Src/usbd_cdc.o
                0x20000058                USBD_CDC_CfgHSDesc
 *fill*         0x2000009b        0x1 
 .data.USBD_CDC_CfgFSDesc
                0x2000009c       0x43 ./src/lib/cube_f103/Middlewares/ST/STM32_USB_Device_Library/Class/CDC/Src/usbd_cdc.o
                0x2000009c                USBD_CDC_CfgFSDesc
 *fill*         0x200000df        0x1 
 .data.USBD_CDC_OtherSpeedCfgDesc
                0x200000e0       0x43 ./src/lib/cube_f103/Middlewares/ST/STM32_USB_Device_Library/Class/CDC/Src/usbd_cdc.o
                0x200000e0                USBD_CDC_OtherSpeedCfgDesc
 *fill*         0x20000123        0x1 
 .data.LineCoding
                0x20000124        0x8 ./src/lib/cube_f103/USB_DEVICE/App/usbd_cdc_if.o
                0x20000124                LineCoding
 .data.rx_len   0x2000012c        0x4 ./src/lib/cube_f103/USB_DEVICE/App/usbd_cdc_if.o
                0x2000012c                rx_len
 .data.USBD_Interface_fops_FS
                0x20000130       0x10 ./src/lib/cube_f103/USB_DEVICE/App/usbd_cdc_if.o
                0x20000130                USBD_Interface_fops_FS
 .data.FS_Desc  0x20000140       0x1c ./src/lib/cube_f103/USB_DEVICE/App/usbd_desc.o
                0x20000140                FS_Desc
 .data.USBD_FS_DeviceDesc
                0x2000015c       0x12 ./src/lib/cube_f103/USB_DEVICE/App/usbd_desc.o
                0x2000015c                USBD_FS_DeviceDesc
 *fill*         0x2000016e        0x2 
 .data.USBD_LangIDDesc
                0x20000170        0x4 ./src/lib/cube_f103/USB_DEVICE/App/usbd_desc.o
                0x20000170                USBD_LangIDDesc
 .data.USBD_StringSerial
                0x20000174       0x1a ./src/lib/cube_f103/USB_DEVICE/App/usbd_desc.o
                0x20000174                USBD_StringSerial
 *(.RamFunc)
 *(.RamFunc*)
                0x20000190                        . = ALIGN (0x4)
 *fill*         0x2000018e        0x2 
                0x20000190                        _edata = .

.igot.plt       0x20000190        0x0 load address 0x08009fb8
 .igot.plt      0x20000190        0x0 C:/ST/STM32CubeIDE_1.18.1/STM32CubeIDE/plugins/com.st.stm32cube.ide.mcu.externaltools.gnu-tools-for-stm32.13.3.rel1.win32_1.0.0.202411081344/tools/bin/../lib/gcc/arm-none-eabi/13.3.1/thumb/v7-m/nofp/crtbegin.o
                0x20000190                        . = ALIGN (0x4)

.bss            0x20000190     0x11b0 load address 0x08009fb8
                0x20000190                        _sbss = .
                0x20000190                        __bss_start__ = _sbss
 *(.bss)
 .bss           0x20000190       0x1c C:/ST/STM32CubeIDE_1.18.1/STM32CubeIDE/plugins/com.st.stm32cube.ide.mcu.externaltools.gnu-tools-for-stm32.13.3.rel1.win32_1.0.0.202411081344/tools/bin/../lib/gcc/arm-none-eabi/13.3.1/thumb/v7-m/nofp/crtbegin.o
 *(.bss*)
 .bss.reset_count
                0x200001ac        0x4 ./src/hw/driver/reset.o
 .bss.hrtc      0x200001b0       0x14 ./src/hw/driver/rtc.o
 .bss.is_open   0x200001c4        0x2 ./src/hw/driver/uart.o
 *fill*         0x200001c6        0x2 
 .bss.qbuffer   0x200001c8       0x20 ./src/hw/driver/uart.o
 .bss.rx_buf    0x200001e8      0x100 ./src/hw/driver/uart.o
 .bss.huart1    0x200002e8       0x48 ./src/hw/driver/uart.o
                0x200002e8                huart1
 .bss.hdma_usart1_rx
                0x20000330       0x44 ./src/hw/driver/uart.o
                0x20000330                hdma_usart1_rx
 .bss.uwTick    0x20000374        0x4 ./src/lib/cube_f103/Drivers/STM32F1xx_HAL_Driver/Src/stm32f1xx_hal.o
                0x20000374                uwTick
 .bss.cfgidx.0  0x20000378        0x1 ./src/lib/cube_f103/Middlewares/ST/STM32_USB_Device_Library/Core/Src/usbd_ctlreq.o
 *fill*         0x20000379        0x3 
 .bss.hUsbDeviceFS
                0x2000037c      0x2c4 ./src/lib/cube_f103/USB_DEVICE/App/usb_device.o
                0x2000037c                hUsbDeviceFS
 .bss.rx_in     0x20000640        0x4 ./src/lib/cube_f103/USB_DEVICE/App/usbd_cdc_if.o
                0x20000640                rx_in
 .bss.rx_out    0x20000644        0x4 ./src/lib/cube_f103/USB_DEVICE/App/usbd_cdc_if.o
                0x20000644                rx_out
 .bss.rx_buf    0x20000648      0x200 ./src/lib/cube_f103/USB_DEVICE/App/usbd_cdc_if.o
                0x20000648                rx_buf
 .bss.UserRxBufferFS
                0x20000848      0x200 ./src/lib/cube_f103/USB_DEVICE/App/usbd_cdc_if.o
                0x20000848                UserRxBufferFS
 .bss.UserTxBufferFS
                0x20000a48      0x200 ./src/lib/cube_f103/USB_DEVICE/App/usbd_cdc_if.o
                0x20000a48                UserTxBufferFS
 .bss.USBD_StrDesc
                0x20000c48      0x200 ./src/lib/cube_f103/USB_DEVICE/App/usbd_desc.o
                0x20000c48                USBD_StrDesc
 .bss.hpcd_USB_FS
                0x20000e48      0x2d8 ./src/lib/cube_f103/USB_DEVICE/Target/usbd_conf.o
                0x20000e48                hpcd_USB_FS
 .bss.mem.0     0x20001120      0x220 ./src/lib/cube_f103/USB_DEVICE/Target/usbd_conf.o
 *(COMMON)
                0x20001340                        . = ALIGN (0x4)
                0x20001340                        _ebss = .
                0x20001340                        __bss_end__ = _ebss

._user_heap_stack
                0x20001340      0x600 load address 0x08009fb8
                0x20001340                        . = ALIGN (0x8)
                [!provide]                        PROVIDE (end = .)
                0x20001340                        PROVIDE (_end = .)
                0x20001540                        . = (. + _Min_Heap_Size)
 *fill*         0x20001340      0x200 
                0x20001940                        . = (. + _Min_Stack_Size)
 *fill*         0x20001540      0x400 
                0x20001940                        . = ALIGN (0x8)

/DISCARD/
 libc.a(*)
 libm.a(*)
 libgcc.a(*)

.ARM.attributes
                0x00000000       0x29
 *(.ARM.attributes)
 .ARM.attributes
                0x00000000       0x1d C:/ST/STM32CubeIDE_1.18.1/STM32CubeIDE/plugins/com.st.stm32cube.ide.mcu.externaltools.gnu-tools-for-stm32.13.3.rel1.win32_1.0.0.202411081344/tools/bin/../lib/gcc/arm-none-eabi/13.3.1/thumb/v7-m/nofp/crti.o
 .ARM.attributes
                0x0000001d       0x2d C:/ST/STM32CubeIDE_1.18.1/STM32CubeIDE/plugins/com.st.stm32cube.ide.mcu.externaltools.gnu-tools-for-stm32.13.3.rel1.win32_1.0.0.202411081344/tools/bin/../lib/gcc/arm-none-eabi/13.3.1/thumb/v7-m/nofp/crtbegin.o
 .ARM.attributes
                0x0000004a       0x2d ./src/ap/ap.o
 .ARM.attributes
                0x00000077       0x2d ./src/bsp/bsp.o
 .ARM.attributes
                0x000000a4       0x2d ./src/bsp/stm32f1xx_hal_msp.o
 .ARM.attributes
                0x000000d1       0x2d ./src/bsp/stm32f1xx_it.o
 .ARM.attributes
                0x000000fe       0x2d ./src/bsp/system_stm32f1xx.o
 .ARM.attributes
                0x0000012b       0x21 ./src/bsp/startup/startup_stm32f103c8tx.o
 .ARM.attributes
                0x0000014c       0x2d ./src/common/core/qbuffer.o
 .ARM.attributes
                0x00000179       0x2d ./src/hw/driver/led.o
 .ARM.attributes
                0x000001a6       0x2d ./src/hw/driver/reset.o
 .ARM.attributes
                0x000001d3       0x2d ./src/hw/driver/rtc.o
 .ARM.attributes
                0x00000200       0x2d ./src/hw/driver/uart.o
 .ARM.attributes
                0x0000022d       0x2d ./src/hw/driver/usb.o
 .ARM.attributes
                0x0000025a       0x2d ./src/hw/hw.o
 .ARM.attributes
                0x00000287       0x2d ./src/lib/cube_f103/Drivers/STM32F1xx_HAL_Driver/Src/stm32f1xx_hal.o
 .ARM.attributes
                0x000002b4       0x2d ./src/lib/cube_f103/Drivers/STM32F1xx_HAL_Driver/Src/stm32f1xx_hal_cortex.o
 .ARM.attributes
                0x000002e1       0x2d ./src/lib/cube_f103/Drivers/STM32F1xx_HAL_Driver/Src/stm32f1xx_hal_dma.o
 .ARM.attributes
                0x0000030e       0x2d ./src/lib/cube_f103/Drivers/STM32F1xx_HAL_Driver/Src/stm32f1xx_hal_gpio.o
 .ARM.attributes
                0x0000033b       0x2d ./src/lib/cube_f103/Drivers/STM32F1xx_HAL_Driver/Src/stm32f1xx_hal_pcd.o
 .ARM.attributes
                0x00000368       0x2d ./src/lib/cube_f103/Drivers/STM32F1xx_HAL_Driver/Src/stm32f1xx_hal_pcd_ex.o
 .ARM.attributes
                0x00000395       0x2d ./src/lib/cube_f103/Drivers/STM32F1xx_HAL_Driver/Src/stm32f1xx_hal_pwr.o
 .ARM.attributes
                0x000003c2       0x2d ./src/lib/cube_f103/Drivers/STM32F1xx_HAL_Driver/Src/stm32f1xx_hal_rcc.o
 .ARM.attributes
                0x000003ef       0x2d ./src/lib/cube_f103/Drivers/STM32F1xx_HAL_Driver/Src/stm32f1xx_hal_rcc_ex.o
 .ARM.attributes
                0x0000041c       0x2d ./src/lib/cube_f103/Drivers/STM32F1xx_HAL_Driver/Src/stm32f1xx_hal_rtc.o
 .ARM.attributes
                0x00000449       0x2d ./src/lib/cube_f103/Drivers/STM32F1xx_HAL_Driver/Src/stm32f1xx_hal_rtc_ex.o
 .ARM.attributes
                0x00000476       0x2d ./src/lib/cube_f103/Drivers/STM32F1xx_HAL_Driver/Src/stm32f1xx_hal_uart.o
 .ARM.attributes
                0x000004a3       0x2d ./src/lib/cube_f103/Drivers/STM32F1xx_HAL_Driver/Src/stm32f1xx_ll_usb.o
 .ARM.attributes
                0x000004d0       0x2d ./src/lib/cube_f103/Middlewares/ST/STM32_USB_Device_Library/Class/CDC/Src/usbd_cdc.o
 .ARM.attributes
                0x000004fd       0x2d ./src/lib/cube_f103/Middlewares/ST/STM32_USB_Device_Library/Core/Src/usbd_core.o
 .ARM.attributes
                0x0000052a       0x2d ./src/lib/cube_f103/Middlewares/ST/STM32_USB_Device_Library/Core/Src/usbd_ctlreq.o
 .ARM.attributes
                0x00000557       0x2d ./src/lib/cube_f103/Middlewares/ST/STM32_USB_Device_Library/Core/Src/usbd_ioreq.o
 .ARM.attributes
                0x00000584       0x2d ./src/lib/cube_f103/USB_DEVICE/App/usb_device.o
 .ARM.attributes
                0x000005b1       0x2d ./src/lib/cube_f103/USB_DEVICE/App/usbd_cdc_if.o
 .ARM.attributes
                0x000005de       0x2d ./src/lib/cube_f103/USB_DEVICE/App/usbd_desc.o
 .ARM.attributes
                0x0000060b       0x2d ./src/lib/cube_f103/USB_DEVICE/Target/usbd_conf.o
 .ARM.attributes
                0x00000638       0x2d ./src/main.o
 .ARM.attributes
                0x00000665       0x2d C:/ST/STM32CubeIDE_1.18.1/STM32CubeIDE/plugins/com.st.stm32cube.ide.mcu.externaltools.gnu-tools-for-stm32.13.3.rel1.win32_1.0.0.202411081344/tools/bin/../lib/gcc/arm-none-eabi/13.3.1/../../../../arm-none-eabi/lib/thumb/v7-m/nofp\libc_nano.a(libc_a-memset.o)
 .ARM.attributes
                0x00000692       0x2d C:/ST/STM32CubeIDE_1.18.1/STM32CubeIDE/plugins/com.st.stm32cube.ide.mcu.externaltools.gnu-tools-for-stm32.13.3.rel1.win32_1.0.0.202411081344/tools/bin/../lib/gcc/arm-none-eabi/13.3.1/../../../../arm-none-eabi/lib/thumb/v7-m/nofp\libc_nano.a(libc_a-init.o)
 .ARM.attributes
                0x000006bf       0x1d C:/ST/STM32CubeIDE_1.18.1/STM32CubeIDE/plugins/com.st.stm32cube.ide.mcu.externaltools.gnu-tools-for-stm32.13.3.rel1.win32_1.0.0.202411081344/tools/bin/../lib/gcc/arm-none-eabi/13.3.1/thumb/v7-m/nofp/crtn.o
OUTPUT(stm32f103_fw.elf elf32-littlearm)
LOAD linker stubs
LOAD C:/ST/STM32CubeIDE_1.18.1/STM32CubeIDE/plugins/com.st.stm32cube.ide.mcu.externaltools.gnu-tools-for-stm32.13.3.rel1.win32_1.0.0.202411081344/tools/bin/../lib/gcc/arm-none-eabi/13.3.1/../../../../arm-none-eabi/lib/thumb/v7-m/nofp\libc.a
LOAD C:/ST/STM32CubeIDE_1.18.1/STM32CubeIDE/plugins/com.st.stm32cube.ide.mcu.externaltools.gnu-tools-for-stm32.13.3.rel1.win32_1.0.0.202411081344/tools/bin/../lib/gcc/arm-none-eabi/13.3.1/../../../../arm-none-eabi/lib/thumb/v7-m/nofp\libm.a
LOAD C:/ST/STM32CubeIDE_1.18.1/STM32CubeIDE/plugins/com.st.stm32cube.ide.mcu.externaltools.gnu-tools-for-stm32.13.3.rel1.win32_1.0.0.202411081344/tools/bin/../lib/gcc/arm-none-eabi/13.3.1/thumb/v7-m/nofp\libgcc.a

.debug_info     0x00000000    0x130f4
 .debug_info    0x00000000      0x1e1 ./src/ap/ap.o
 .debug_info    0x000001e1      0x42c ./src/bsp/bsp.o
 .debug_info    0x0000060d      0x1f8 ./src/bsp/stm32f1xx_hal_msp.o
 .debug_info    0x00000805      0xa8d ./src/bsp/stm32f1xx_it.o
 .debug_info    0x00001292      0x21b ./src/bsp/system_stm32f1xx.o
 .debug_info    0x000014ad       0x30 ./src/bsp/startup/startup_stm32f103c8tx.o
 .debug_info    0x000014dd      0x2a1 ./src/common/core/qbuffer.o
 .debug_info    0x0000177e      0x3c1 ./src/hw/driver/led.o
 .debug_info    0x00001b3f      0x1c1 ./src/hw/driver/reset.o
 .debug_info    0x00001d00      0x4ab ./src/hw/driver/rtc.o
 .debug_info    0x000021ab      0xdb3 ./src/hw/driver/uart.o
 .debug_info    0x00002f5e      0x222 ./src/hw/driver/usb.o
 .debug_info    0x00003180       0xdc ./src/hw/hw.o
 .debug_info    0x0000325c      0x704 ./src/lib/cube_f103/Drivers/STM32F1xx_HAL_Driver/Src/stm32f1xx_hal.o
 .debug_info    0x00003960      0xa87 ./src/lib/cube_f103/Drivers/STM32F1xx_HAL_Driver/Src/stm32f1xx_hal_cortex.o
 .debug_info    0x000043e7      0x6d2 ./src/lib/cube_f103/Drivers/STM32F1xx_HAL_Driver/Src/stm32f1xx_hal_dma.o
 .debug_info    0x00004ab9      0x5ab ./src/lib/cube_f103/Drivers/STM32F1xx_HAL_Driver/Src/stm32f1xx_hal_gpio.o
 .debug_info    0x00005064     0x16dc ./src/lib/cube_f103/Drivers/STM32F1xx_HAL_Driver/Src/stm32f1xx_hal_pcd.o
 .debug_info    0x00006740      0x6c3 ./src/lib/cube_f103/Drivers/STM32F1xx_HAL_Driver/Src/stm32f1xx_hal_pcd_ex.o
 .debug_info    0x00006e03      0x628 ./src/lib/cube_f103/Drivers/STM32F1xx_HAL_Driver/Src/stm32f1xx_hal_pwr.o
 .debug_info    0x0000742b      0x7d5 ./src/lib/cube_f103/Drivers/STM32F1xx_HAL_Driver/Src/stm32f1xx_hal_rcc.o
 .debug_info    0x00007c00      0x3c0 ./src/lib/cube_f103/Drivers/STM32F1xx_HAL_Driver/Src/stm32f1xx_hal_rcc_ex.o
 .debug_info    0x00007fc0      0xc73 ./src/lib/cube_f103/Drivers/STM32F1xx_HAL_Driver/Src/stm32f1xx_hal_rtc.o
 .debug_info    0x00008c33      0x6a7 ./src/lib/cube_f103/Drivers/STM32F1xx_HAL_Driver/Src/stm32f1xx_hal_rtc_ex.o
 .debug_info    0x000092da     0x2eed ./src/lib/cube_f103/Drivers/STM32F1xx_HAL_Driver/Src/stm32f1xx_hal_uart.o
 .debug_info    0x0000c1c7     0x17ae ./src/lib/cube_f103/Drivers/STM32F1xx_HAL_Driver/Src/stm32f1xx_ll_usb.o
 .debug_info    0x0000d975     0x1043 ./src/lib/cube_f103/Middlewares/ST/STM32_USB_Device_Library/Class/CDC/Src/usbd_cdc.o
 .debug_info    0x0000e9b8      0xa52 ./src/lib/cube_f103/Middlewares/ST/STM32_USB_Device_Library/Core/Src/usbd_core.o
 .debug_info    0x0000f40a      0x91c ./src/lib/cube_f103/Middlewares/ST/STM32_USB_Device_Library/Core/Src/usbd_ctlreq.o
 .debug_info    0x0000fd26      0x6a0 ./src/lib/cube_f103/Middlewares/ST/STM32_USB_Device_Library/Core/Src/usbd_ioreq.o
 .debug_info    0x000103c6      0x63d ./src/lib/cube_f103/USB_DEVICE/App/usb_device.o
 .debug_info    0x00010a03      0x999 ./src/lib/cube_f103/USB_DEVICE/App/usbd_cdc_if.o
 .debug_info    0x0001139c      0x44a ./src/lib/cube_f103/USB_DEVICE/App/usbd_desc.o
 .debug_info    0x000117e6     0x1864 ./src/lib/cube_f103/USB_DEVICE/Target/usbd_conf.o
 .debug_info    0x0001304a       0xaa ./src/main.o

.debug_abbrev   0x00000000     0x40ef
 .debug_abbrev  0x00000000      0x10c ./src/ap/ap.o
 .debug_abbrev  0x0000010c      0x1d5 ./src/bsp/bsp.o
 .debug_abbrev  0x000002e1       0xdb ./src/bsp/stm32f1xx_hal_msp.o
 .debug_abbrev  0x000003bc      0x1bb ./src/bsp/stm32f1xx_it.o
 .debug_abbrev  0x00000577      0x13f ./src/bsp/system_stm32f1xx.o
 .debug_abbrev  0x000006b6       0x24 ./src/bsp/startup/startup_stm32f103c8tx.o
 .debug_abbrev  0x000006da      0x108 ./src/common/core/qbuffer.o
 .debug_abbrev  0x000007e2      0x1a8 ./src/hw/driver/led.o
 .debug_abbrev  0x0000098a      0x114 ./src/hw/driver/reset.o
 .debug_abbrev  0x00000a9e      0x1c5 ./src/hw/driver/rtc.o
 .debug_abbrev  0x00000c63      0x2e5 ./src/hw/driver/uart.o
 .debug_abbrev  0x00000f48      0x14d ./src/hw/driver/usb.o
 .debug_abbrev  0x00001095       0x6d ./src/hw/hw.o
 .debug_abbrev  0x00001102      0x201 ./src/lib/cube_f103/Drivers/STM32F1xx_HAL_Driver/Src/stm32f1xx_hal.o
 .debug_abbrev  0x00001303      0x2f8 ./src/lib/cube_f103/Drivers/STM32F1xx_HAL_Driver/Src/stm32f1xx_hal_cortex.o
 .debug_abbrev  0x000015fb      0x20b ./src/lib/cube_f103/Drivers/STM32F1xx_HAL_Driver/Src/stm32f1xx_hal_dma.o
 .debug_abbrev  0x00001806      0x1ca ./src/lib/cube_f103/Drivers/STM32F1xx_HAL_Driver/Src/stm32f1xx_hal_gpio.o
 .debug_abbrev  0x000019d0      0x2d6 ./src/lib/cube_f103/Drivers/STM32F1xx_HAL_Driver/Src/stm32f1xx_hal_pcd.o
 .debug_abbrev  0x00001ca6      0x189 ./src/lib/cube_f103/Drivers/STM32F1xx_HAL_Driver/Src/stm32f1xx_hal_pcd_ex.o
 .debug_abbrev  0x00001e2f      0x1f6 ./src/lib/cube_f103/Drivers/STM32F1xx_HAL_Driver/Src/stm32f1xx_hal_pwr.o
 .debug_abbrev  0x00002025      0x2b3 ./src/lib/cube_f103/Drivers/STM32F1xx_HAL_Driver/Src/stm32f1xx_hal_rcc.o
 .debug_abbrev  0x000022d8      0x188 ./src/lib/cube_f103/Drivers/STM32F1xx_HAL_Driver/Src/stm32f1xx_hal_rcc_ex.o
 .debug_abbrev  0x00002460      0x23a ./src/lib/cube_f103/Drivers/STM32F1xx_HAL_Driver/Src/stm32f1xx_hal_rtc.o
 .debug_abbrev  0x0000269a      0x22b ./src/lib/cube_f103/Drivers/STM32F1xx_HAL_Driver/Src/stm32f1xx_hal_rtc_ex.o
 .debug_abbrev  0x000028c5      0x2f8 ./src/lib/cube_f103/Drivers/STM32F1xx_HAL_Driver/Src/stm32f1xx_hal_uart.o
 .debug_abbrev  0x00002bbd      0x1de ./src/lib/cube_f103/Drivers/STM32F1xx_HAL_Driver/Src/stm32f1xx_ll_usb.o
 .debug_abbrev  0x00002d9b      0x2d3 ./src/lib/cube_f103/Middlewares/ST/STM32_USB_Device_Library/Class/CDC/Src/usbd_cdc.o
 .debug_abbrev  0x0000306e      0x24a ./src/lib/cube_f103/Middlewares/ST/STM32_USB_Device_Library/Core/Src/usbd_core.o
 .debug_abbrev  0x000032b8      0x26b ./src/lib/cube_f103/Middlewares/ST/STM32_USB_Device_Library/Core/Src/usbd_ctlreq.o
 .debug_abbrev  0x00003523      0x192 ./src/lib/cube_f103/Middlewares/ST/STM32_USB_Device_Library/Core/Src/usbd_ioreq.o
 .debug_abbrev  0x000036b5      0x18d ./src/lib/cube_f103/USB_DEVICE/App/usb_device.o
 .debug_abbrev  0x00003842      0x33d ./src/lib/cube_f103/USB_DEVICE/App/usbd_cdc_if.o
 .debug_abbrev  0x00003b7f      0x1ff ./src/lib/cube_f103/USB_DEVICE/App/usbd_desc.o
 .debug_abbrev  0x00003d7e      0x316 ./src/lib/cube_f103/USB_DEVICE/Target/usbd_conf.o
 .debug_abbrev  0x00004094       0x5b ./src/main.o

.debug_aranges  0x00000000     0x1140
 .debug_aranges
                0x00000000       0x28 ./src/ap/ap.o
 .debug_aranges
                0x00000028       0x40 ./src/bsp/bsp.o
 .debug_aranges
                0x00000068       0x20 ./src/bsp/stm32f1xx_hal_msp.o
 .debug_aranges
                0x00000088       0x78 ./src/bsp/stm32f1xx_it.o
 .debug_aranges
                0x00000100       0x28 ./src/bsp/system_stm32f1xx.o
 .debug_aranges
                0x00000128       0x28 ./src/bsp/startup/startup_stm32f103c8tx.o
 .debug_aranges
                0x00000150       0x48 ./src/common/core/qbuffer.o
 .debug_aranges
                0x00000198       0x38 ./src/hw/driver/led.o
 .debug_aranges
                0x000001d0       0x28 ./src/hw/driver/reset.o
 .debug_aranges
                0x000001f8       0x40 ./src/hw/driver/rtc.o
 .debug_aranges
                0x00000238       0x70 ./src/hw/driver/uart.o
 .debug_aranges
                0x000002a8       0x20 ./src/hw/driver/usb.o
 .debug_aranges
                0x000002c8       0x20 ./src/hw/hw.o
 .debug_aranges
                0x000002e8       0xe0 ./src/lib/cube_f103/Drivers/STM32F1xx_HAL_Driver/Src/stm32f1xx_hal.o
 .debug_aranges
                0x000003c8      0x100 ./src/lib/cube_f103/Drivers/STM32F1xx_HAL_Driver/Src/stm32f1xx_hal_cortex.o
 .debug_aranges
                0x000004c8       0x80 ./src/lib/cube_f103/Drivers/STM32F1xx_HAL_Driver/Src/stm32f1xx_hal_dma.o
 .debug_aranges
                0x00000548       0x58 ./src/lib/cube_f103/Drivers/STM32F1xx_HAL_Driver/Src/stm32f1xx_hal_gpio.o
 .debug_aranges
                0x000005a0      0x140 ./src/lib/cube_f103/Drivers/STM32F1xx_HAL_Driver/Src/stm32f1xx_hal_pcd.o
 .debug_aranges
                0x000006e0       0x38 ./src/lib/cube_f103/Drivers/STM32F1xx_HAL_Driver/Src/stm32f1xx_hal_pcd_ex.o
 .debug_aranges
                0x00000718       0xa8 ./src/lib/cube_f103/Drivers/STM32F1xx_HAL_Driver/Src/stm32f1xx_hal_pwr.o
 .debug_aranges
                0x000007c0       0x90 ./src/lib/cube_f103/Drivers/STM32F1xx_HAL_Driver/Src/stm32f1xx_hal_rcc.o
 .debug_aranges
                0x00000850       0x30 ./src/lib/cube_f103/Drivers/STM32F1xx_HAL_Driver/Src/stm32f1xx_hal_rcc_ex.o
 .debug_aranges
                0x00000880       0xf8 ./src/lib/cube_f103/Drivers/STM32F1xx_HAL_Driver/Src/stm32f1xx_hal_rtc.o
 .debug_aranges
                0x00000978       0x88 ./src/lib/cube_f103/Drivers/STM32F1xx_HAL_Driver/Src/stm32f1xx_hal_rtc_ex.o
 .debug_aranges
                0x00000a00      0x208 ./src/lib/cube_f103/Drivers/STM32F1xx_HAL_Driver/Src/stm32f1xx_hal_uart.o
 .debug_aranges
                0x00000c08       0xf8 ./src/lib/cube_f103/Drivers/STM32F1xx_HAL_Driver/Src/stm32f1xx_ll_usb.o
 .debug_aranges
                0x00000d00       0x90 ./src/lib/cube_f103/Middlewares/ST/STM32_USB_Device_Library/Class/CDC/Src/usbd_cdc.o
 .debug_aranges
                0x00000d90       0xb8 ./src/lib/cube_f103/Middlewares/ST/STM32_USB_Device_Library/Core/Src/usbd_core.o
 .debug_aranges
                0x00000e48       0x88 ./src/lib/cube_f103/Middlewares/ST/STM32_USB_Device_Library/Core/Src/usbd_ctlreq.o
 .debug_aranges
                0x00000ed0       0x50 ./src/lib/cube_f103/Middlewares/ST/STM32_USB_Device_Library/Core/Src/usbd_ioreq.o
 .debug_aranges
                0x00000f20       0x20 ./src/lib/cube_f103/USB_DEVICE/App/usb_device.o
 .debug_aranges
                0x00000f40       0x68 ./src/lib/cube_f103/USB_DEVICE/App/usbd_cdc_if.o
 .debug_aranges
                0x00000fa8       0x60 ./src/lib/cube_f103/USB_DEVICE/App/usbd_desc.o
 .debug_aranges
                0x00001008      0x118 ./src/lib/cube_f103/USB_DEVICE/Target/usbd_conf.o
 .debug_aranges
                0x00001120       0x20 ./src/main.o

.debug_rnglists
                0x00000000      0xcc5
 .debug_rnglists
                0x00000000       0x1a ./src/ap/ap.o
 .debug_rnglists
                0x0000001a       0x2c ./src/bsp/bsp.o
 .debug_rnglists
                0x00000046       0x13 ./src/bsp/stm32f1xx_hal_msp.o
 .debug_rnglists
                0x00000059       0x55 ./src/bsp/stm32f1xx_it.o
 .debug_rnglists
                0x000000ae       0x1a ./src/bsp/system_stm32f1xx.o
 .debug_rnglists
                0x000000c8       0x19 ./src/bsp/startup/startup_stm32f103c8tx.o
 .debug_rnglists
                0x000000e1       0x31 ./src/common/core/qbuffer.o
 .debug_rnglists
                0x00000112       0x26 ./src/hw/driver/led.o
 .debug_rnglists
                0x00000138       0x19 ./src/hw/driver/reset.o
 .debug_rnglists
                0x00000151       0x2b ./src/hw/driver/rtc.o
 .debug_rnglists
                0x0000017c       0x51 ./src/hw/driver/uart.o
 .debug_rnglists
                0x000001cd       0x13 ./src/hw/driver/usb.o
 .debug_rnglists
                0x000001e0       0x13 ./src/hw/hw.o
 .debug_rnglists
                0x000001f3       0xa3 ./src/lib/cube_f103/Drivers/STM32F1xx_HAL_Driver/Src/stm32f1xx_hal.o
 .debug_rnglists
                0x00000296       0xbb ./src/lib/cube_f103/Drivers/STM32F1xx_HAL_Driver/Src/stm32f1xx_hal_cortex.o
 .debug_rnglists
                0x00000351       0x64 ./src/lib/cube_f103/Drivers/STM32F1xx_HAL_Driver/Src/stm32f1xx_hal_dma.o
 .debug_rnglists
                0x000003b5       0x3f ./src/lib/cube_f103/Drivers/STM32F1xx_HAL_Driver/Src/stm32f1xx_hal_gpio.o
 .debug_rnglists
                0x000003f4       0xf4 ./src/lib/cube_f103/Drivers/STM32F1xx_HAL_Driver/Src/stm32f1xx_hal_pcd.o
 .debug_rnglists
                0x000004e8       0x26 ./src/lib/cube_f103/Drivers/STM32F1xx_HAL_Driver/Src/stm32f1xx_hal_pcd_ex.o
 .debug_rnglists
                0x0000050e       0x7a ./src/lib/cube_f103/Drivers/STM32F1xx_HAL_Driver/Src/stm32f1xx_hal_pwr.o
 .debug_rnglists
                0x00000588       0x6c ./src/lib/cube_f103/Drivers/STM32F1xx_HAL_Driver/Src/stm32f1xx_hal_rcc.o
 .debug_rnglists
                0x000005f4       0x21 ./src/lib/cube_f103/Drivers/STM32F1xx_HAL_Driver/Src/stm32f1xx_hal_rcc_ex.o
 .debug_rnglists
                0x00000615       0xc1 ./src/lib/cube_f103/Drivers/STM32F1xx_HAL_Driver/Src/stm32f1xx_hal_rtc.o
 .debug_rnglists
                0x000006d6       0x63 ./src/lib/cube_f103/Drivers/STM32F1xx_HAL_Driver/Src/stm32f1xx_hal_rtc_ex.o
 .debug_rnglists
                0x00000739      0x1bc ./src/lib/cube_f103/Drivers/STM32F1xx_HAL_Driver/Src/stm32f1xx_hal_uart.o
 .debug_rnglists
                0x000008f5       0xbd ./src/lib/cube_f103/Drivers/STM32F1xx_HAL_Driver/Src/stm32f1xx_ll_usb.o
 .debug_rnglists
                0x000009b2       0x6a ./src/lib/cube_f103/Middlewares/ST/STM32_USB_Device_Library/Class/CDC/Src/usbd_cdc.o
 .debug_rnglists
                0x00000a1c       0x89 ./src/lib/cube_f103/Middlewares/ST/STM32_USB_Device_Library/Core/Src/usbd_core.o
 .debug_rnglists
                0x00000aa5       0x68 ./src/lib/cube_f103/Middlewares/ST/STM32_USB_Device_Library/Core/Src/usbd_ctlreq.o
 .debug_rnglists
                0x00000b0d       0x37 ./src/lib/cube_f103/Middlewares/ST/STM32_USB_Device_Library/Core/Src/usbd_ioreq.o
 .debug_rnglists
                0x00000b44       0x13 ./src/lib/cube_f103/USB_DEVICE/App/usb_device.o
 .debug_rnglists
                0x00000b57       0x4a ./src/lib/cube_f103/USB_DEVICE/App/usbd_cdc_if.o
 .debug_rnglists
                0x00000ba1       0x43 ./src/lib/cube_f103/USB_DEVICE/App/usbd_desc.o
 .debug_rnglists
                0x00000be4       0xce ./src/lib/cube_f103/USB_DEVICE/Target/usbd_conf.o
 .debug_rnglists
                0x00000cb2       0x13 ./src/main.o

.debug_macro    0x00000000    0x1c0c1
 .debug_macro   0x00000000      0x31c ./src/ap/ap.o
 .debug_macro   0x0000031c      0xac0 ./src/ap/ap.o
 .debug_macro   0x00000ddc       0x22 ./src/ap/ap.o
 .debug_macro   0x00000dfe       0x5b ./src/ap/ap.o
 .debug_macro   0x00000e59       0x24 ./src/ap/ap.o
 .debug_macro   0x00000e7d       0x94 ./src/ap/ap.o
 .debug_macro   0x00000f11       0x43 ./src/ap/ap.o
 .debug_macro   0x00000f54       0x34 ./src/ap/ap.o
 .debug_macro   0x00000f88       0x16 ./src/ap/ap.o
 .debug_macro   0x00000f9e       0x57 ./src/ap/ap.o
 .debug_macro   0x00000ff5       0x9e ./src/ap/ap.o
 .debug_macro   0x00001093      0x370 ./src/ap/ap.o
 .debug_macro   0x00001403      0x112 ./src/ap/ap.o
 .debug_macro   0x00001515       0x10 ./src/ap/ap.o
 .debug_macro   0x00001525       0x16 ./src/ap/ap.o
 .debug_macro   0x0000153b       0x4a ./src/ap/ap.o
 .debug_macro   0x00001585       0x34 ./src/ap/ap.o
 .debug_macro   0x000015b9       0x10 ./src/ap/ap.o
 .debug_macro   0x000015c9       0x58 ./src/ap/ap.o
 .debug_macro   0x00001621       0x8e ./src/ap/ap.o
 .debug_macro   0x000016af       0x1c ./src/ap/ap.o
 .debug_macro   0x000016cb      0x185 ./src/ap/ap.o
 .debug_macro   0x00001850       0x16 ./src/ap/ap.o
 .debug_macro   0x00001866       0x16 ./src/ap/ap.o
 .debug_macro   0x0000187c      0x146 ./src/ap/ap.o
 .debug_macro   0x000019c2      0x103 ./src/ap/ap.o
 .debug_macro   0x00001ac5       0x6a ./src/ap/ap.o
 .debug_macro   0x00001b2f      0x1df ./src/ap/ap.o
 .debug_macro   0x00001d0e       0x22 ./src/ap/ap.o
 .debug_macro   0x00001d30       0x4c ./src/ap/ap.o
 .debug_macro   0x00001d7c       0x34 ./src/ap/ap.o
 .debug_macro   0x00001db0      0x221 ./src/ap/ap.o
 .debug_macro   0x00001fd1       0x2e ./src/ap/ap.o
 .debug_macro   0x00001fff       0x22 ./src/ap/ap.o
 .debug_macro   0x00002021       0x1c ./src/ap/ap.o
 .debug_macro   0x0000203d       0x22 ./src/ap/ap.o
 .debug_macro   0x0000205f       0xbd ./src/ap/ap.o
 .debug_macro   0x0000211c      0xd23 ./src/ap/ap.o
 .debug_macro   0x00002e3f     0xe09e ./src/ap/ap.o
 .debug_macro   0x00010edd       0x6d ./src/ap/ap.o
 .debug_macro   0x00010f4a     0x34a2 ./src/ap/ap.o
 .debug_macro   0x000143ec       0x56 ./src/ap/ap.o
 .debug_macro   0x00014442      0x5bc ./src/ap/ap.o
 .debug_macro   0x000149fe      0x289 ./src/ap/ap.o
 .debug_macro   0x00014c87      0x1cb ./src/ap/ap.o
 .debug_macro   0x00014e52      0x114 ./src/ap/ap.o
 .debug_macro   0x00014f66      0x1b2 ./src/ap/ap.o
 .debug_macro   0x00015118       0x27 ./src/ap/ap.o
 .debug_macro   0x0001513f      0x136 ./src/ap/ap.o
 .debug_macro   0x00015275      0x1bc ./src/ap/ap.o
 .debug_macro   0x00015431       0x34 ./src/ap/ap.o
 .debug_macro   0x00015465       0x3c ./src/ap/ap.o
 .debug_macro   0x000154a1       0x57 ./src/ap/ap.o
 .debug_macro   0x000154f8       0x87 ./src/ap/ap.o
 .debug_macro   0x0001557f      0x240 ./src/ap/ap.o
 .debug_macro   0x000157bf      0x140 ./src/ap/ap.o
 .debug_macro   0x000158ff      0x1ef ./src/ap/ap.o
 .debug_macro   0x00015aee       0xeb ./src/ap/ap.o
 .debug_macro   0x00015bd9      0x28e ./src/ap/ap.o
 .debug_macro   0x00015e67       0xb7 ./src/ap/ap.o
 .debug_macro   0x00015f1e      0x242 ./src/ap/ap.o
 .debug_macro   0x00016160       0x83 ./src/ap/ap.o
 .debug_macro   0x000161e3       0x34 ./src/ap/ap.o
 .debug_macro   0x00016217       0x10 ./src/ap/ap.o
 .debug_macro   0x00016227      0x2be ./src/bsp/bsp.o
 .debug_macro   0x000164e5      0x326 ./src/bsp/stm32f1xx_hal_msp.o
 .debug_macro   0x0001680b      0x330 ./src/bsp/stm32f1xx_it.o
 .debug_macro   0x00016b3b       0xc8 ./src/bsp/system_stm32f1xx.o
 .debug_macro   0x00016c03       0x8e ./src/bsp/system_stm32f1xx.o
 .debug_macro   0x00016c91       0x51 ./src/bsp/system_stm32f1xx.o
 .debug_macro   0x00016ce2      0x165 ./src/common/core/qbuffer.o
 .debug_macro   0x00016e47      0x2dd ./src/hw/driver/led.o
 .debug_macro   0x00017124      0x2e1 ./src/hw/driver/reset.o
 .debug_macro   0x00017405      0x2d7 ./src/hw/driver/rtc.o
 .debug_macro   0x000176dc      0x2f1 ./src/hw/driver/uart.o
 .debug_macro   0x000179cd      0x3ab ./src/hw/driver/usb.o
 .debug_macro   0x00017d78       0x16 ./src/hw/driver/usb.o
 .debug_macro   0x00017d8e       0x20 ./src/hw/driver/usb.o
 .debug_macro   0x00017dae       0x10 ./src/hw/driver/usb.o
 .debug_macro   0x00017dbe       0x5f ./src/hw/driver/usb.o
 .debug_macro   0x00017e1d      0x1c8 ./src/hw/driver/usb.o
 .debug_macro   0x00017fe5      0x312 ./src/hw/hw.o
 .debug_macro   0x000182f7      0x1e5 ./src/lib/cube_f103/Drivers/STM32F1xx_HAL_Driver/Src/stm32f1xx_hal.o
 .debug_macro   0x000184dc       0x5c ./src/lib/cube_f103/Drivers/STM32F1xx_HAL_Driver/Src/stm32f1xx_hal.o
 .debug_macro   0x00018538      0x1c1 ./src/lib/cube_f103/Drivers/STM32F1xx_HAL_Driver/Src/stm32f1xx_hal_cortex.o
 .debug_macro   0x000186f9      0x1c1 ./src/lib/cube_f103/Drivers/STM32F1xx_HAL_Driver/Src/stm32f1xx_hal_dma.o
 .debug_macro   0x000188ba      0x22c ./src/lib/cube_f103/Drivers/STM32F1xx_HAL_Driver/Src/stm32f1xx_hal_gpio.o
 .debug_macro   0x00018ae6      0x1cd ./src/lib/cube_f103/Drivers/STM32F1xx_HAL_Driver/Src/stm32f1xx_hal_pcd.o
 .debug_macro   0x00018cb3      0x1c1 ./src/lib/cube_f103/Drivers/STM32F1xx_HAL_Driver/Src/stm32f1xx_hal_pcd_ex.o
 .debug_macro   0x00018e74      0x221 ./src/lib/cube_f103/Drivers/STM32F1xx_HAL_Driver/Src/stm32f1xx_hal_pwr.o
 .debug_macro   0x00019095      0x1d3 ./src/lib/cube_f103/Drivers/STM32F1xx_HAL_Driver/Src/stm32f1xx_hal_rcc.o
 .debug_macro   0x00019268      0x1c1 ./src/lib/cube_f103/Drivers/STM32F1xx_HAL_Driver/Src/stm32f1xx_hal_rcc_ex.o
 .debug_macro   0x00019429      0x1d0 ./src/lib/cube_f103/Drivers/STM32F1xx_HAL_Driver/Src/stm32f1xx_hal_rtc.o
 .debug_macro   0x000195f9      0x1c1 ./src/lib/cube_f103/Drivers/STM32F1xx_HAL_Driver/Src/stm32f1xx_hal_rtc_ex.o
 .debug_macro   0x000197ba      0x1c2 ./src/lib/cube_f103/Drivers/STM32F1xx_HAL_Driver/Src/stm32f1xx_hal_uart.o
 .debug_macro   0x0001997c      0x1c1 ./src/lib/cube_f103/Drivers/STM32F1xx_HAL_Driver/Src/stm32f1xx_ll_usb.o
 .debug_macro   0x00019b3d      0x3e3 ./src/lib/cube_f103/Middlewares/ST/STM32_USB_Device_Library/Class/CDC/Src/usbd_cdc.o
 .debug_macro   0x00019f20       0x8f ./src/lib/cube_f103/Middlewares/ST/STM32_USB_Device_Library/Class/CDC/Src/usbd_cdc.o
 .debug_macro   0x00019faf      0x3ca ./src/lib/cube_f103/Middlewares/ST/STM32_USB_Device_Library/Core/Src/usbd_core.o
 .debug_macro   0x0001a379      0x1ce ./src/lib/cube_f103/Middlewares/ST/STM32_USB_Device_Library/Core/Src/usbd_core.o
 .debug_macro   0x0001a547      0x3d4 ./src/lib/cube_f103/Middlewares/ST/STM32_USB_Device_Library/Core/Src/usbd_ctlreq.o
 .debug_macro   0x0001a91b      0x3d0 ./src/lib/cube_f103/Middlewares/ST/STM32_USB_Device_Library/Core/Src/usbd_ioreq.o
 .debug_macro   0x0001aceb      0x409 ./src/lib/cube_f103/USB_DEVICE/App/usb_device.o
 .debug_macro   0x0001b0f4       0x61 ./src/lib/cube_f103/USB_DEVICE/App/usb_device.o
 .debug_macro   0x0001b155       0x22 ./src/lib/cube_f103/USB_DEVICE/App/usb_device.o
 .debug_macro   0x0001b177       0x16 ./src/lib/cube_f103/USB_DEVICE/App/usb_device.o
 .debug_macro   0x0001b18d      0x3ee ./src/lib/cube_f103/USB_DEVICE/App/usbd_cdc_if.o
 .debug_macro   0x0001b57b       0x10 ./src/lib/cube_f103/USB_DEVICE/App/usbd_cdc_if.o
 .debug_macro   0x0001b58b      0x407 ./src/lib/cube_f103/USB_DEVICE/App/usbd_desc.o
 .debug_macro   0x0001b992       0x1c ./src/lib/cube_f103/USB_DEVICE/App/usbd_desc.o
 .debug_macro   0x0001b9ae      0x3ed ./src/lib/cube_f103/USB_DEVICE/Target/usbd_conf.o
 .debug_macro   0x0001bd9b      0x326 ./src/main.o

.debug_line     0x00000000    0x1cc2b
 .debug_line    0x00000000      0xb09 ./src/ap/ap.o
 .debug_line    0x00000b09      0xa74 ./src/bsp/bsp.o
 .debug_line    0x0000157d      0xad2 ./src/bsp/stm32f1xx_hal_msp.o
 .debug_line    0x0000204f      0xbc8 ./src/bsp/stm32f1xx_it.o
 .debug_line    0x00002c17      0x5c5 ./src/bsp/system_stm32f1xx.o
 .debug_line    0x000031dc       0x78 ./src/bsp/startup/startup_stm32f103c8tx.o
 .debug_line    0x00003254      0x6ee ./src/common/core/qbuffer.o
 .debug_line    0x00003942      0xabb ./src/hw/driver/led.o
 .debug_line    0x000043fd      0xa7c ./src/hw/driver/reset.o
 .debug_line    0x00004e79      0xab5 ./src/hw/driver/rtc.o
 .debug_line    0x0000592e      0xcc0 ./src/hw/driver/uart.o
 .debug_line    0x000065ee      0xc62 ./src/hw/driver/usb.o
 .debug_line    0x00007250      0xa6c ./src/hw/hw.o
 .debug_line    0x00007cbc      0xaf1 ./src/lib/cube_f103/Drivers/STM32F1xx_HAL_Driver/Src/stm32f1xx_hal.o
 .debug_line    0x000087ad      0xcbb ./src/lib/cube_f103/Drivers/STM32F1xx_HAL_Driver/Src/stm32f1xx_hal_cortex.o
 .debug_line    0x00009468      0xefb ./src/lib/cube_f103/Drivers/STM32F1xx_HAL_Driver/Src/stm32f1xx_hal_dma.o
 .debug_line    0x0000a363      0xb4e ./src/lib/cube_f103/Drivers/STM32F1xx_HAL_Driver/Src/stm32f1xx_hal_gpio.o
 .debug_line    0x0000aeb1     0x1476 ./src/lib/cube_f103/Drivers/STM32F1xx_HAL_Driver/Src/stm32f1xx_hal_pcd.o
 .debug_line    0x0000c327      0x8bb ./src/lib/cube_f103/Drivers/STM32F1xx_HAL_Driver/Src/stm32f1xx_hal_pcd_ex.o
 .debug_line    0x0000cbe2      0xa95 ./src/lib/cube_f103/Drivers/STM32F1xx_HAL_Driver/Src/stm32f1xx_hal_pwr.o
 .debug_line    0x0000d677      0xfaa ./src/lib/cube_f103/Drivers/STM32F1xx_HAL_Driver/Src/stm32f1xx_hal_rcc.o
 .debug_line    0x0000e621      0xa5b ./src/lib/cube_f103/Drivers/STM32F1xx_HAL_Driver/Src/stm32f1xx_hal_rcc_ex.o
 .debug_line    0x0000f07c     0x1300 ./src/lib/cube_f103/Drivers/STM32F1xx_HAL_Driver/Src/stm32f1xx_hal_rtc.o
 .debug_line    0x0001037c      0xb08 ./src/lib/cube_f103/Drivers/STM32F1xx_HAL_Driver/Src/stm32f1xx_hal_rtc_ex.o
 .debug_line    0x00010e84     0x260d ./src/lib/cube_f103/Drivers/STM32F1xx_HAL_Driver/Src/stm32f1xx_hal_uart.o
 .debug_line    0x00013491     0x1261 ./src/lib/cube_f103/Drivers/STM32F1xx_HAL_Driver/Src/stm32f1xx_ll_usb.o
 .debug_line    0x000146f2     0x1035 ./src/lib/cube_f103/Middlewares/ST/STM32_USB_Device_Library/Class/CDC/Src/usbd_cdc.o
 .debug_line    0x00015727     0x1057 ./src/lib/cube_f103/Middlewares/ST/STM32_USB_Device_Library/Core/Src/usbd_core.o
 .debug_line    0x0001677e     0x12a1 ./src/lib/cube_f103/Middlewares/ST/STM32_USB_Device_Library/Core/Src/usbd_ctlreq.o
 .debug_line    0x00017a1f      0xd0d ./src/lib/cube_f103/Middlewares/ST/STM32_USB_Device_Library/Core/Src/usbd_ioreq.o
 .debug_line    0x0001872c      0xd10 ./src/lib/cube_f103/USB_DEVICE/App/usb_device.o
 .debug_line    0x0001943c      0xecc ./src/lib/cube_f103/USB_DEVICE/App/usbd_cdc_if.o
 .debug_line    0x0001a308      0xd86 ./src/lib/cube_f103/USB_DEVICE/App/usbd_desc.o
 .debug_line    0x0001b08e     0x1101 ./src/lib/cube_f103/USB_DEVICE/Target/usbd_conf.o
 .debug_line    0x0001c18f      0xa9c ./src/main.o

.debug_str      0x00000000    0x89cb9
 .debug_str     0x00000000    0x89cb9 ./src/ap/ap.o
                              0x848a6 (size before relaxing)
 .debug_str     0x00089cb9    0x8495a ./src/bsp/bsp.o
 .debug_str     0x00089cb9    0x848bf ./src/bsp/stm32f1xx_hal_msp.o
 .debug_str     0x00089cb9    0x8508f ./src/bsp/stm32f1xx_it.o
 .debug_str     0x00089cb9    0x5473a ./src/bsp/system_stm32f1xx.o