Archive member included to satisfy reference by file (symbol)

C:/ST/STM32CubeIDE_1.18.1/STM32CubeIDE/plugins/com.st.stm32cube.ide.mcu.externaltools.gnu-tools-for-stm32.13.3.rel1.win32_1.0.0.202411081344/tools/bin/../lib/gcc/arm-none-eabi/13.3.1/../../../../arm-none-eabi/lib/thumb/v7-m/nofp\libc_nano.a(libc_a-exit.o)
                              C:/ST/STM32CubeIDE_1.18.1/STM32CubeIDE/plugins/com.st.stm32cube.ide.mcu.externaltools.gnu-tools-for-stm32.13.3.rel1.win32_1.0.0.202411081344/tools/bin/../lib/gcc/arm-none-eabi/13.3.1/../../../../arm-none-eabi/lib/thumb/v7-m/nofp/crt0.o (exit)
C:/ST/STM32CubeIDE_1.18.1/STM32CubeIDE/plugins/com.st.stm32cube.ide.mcu.externaltools.gnu-tools-for-stm32.13.3.rel1.win32_1.0.0.202411081344/tools/bin/../lib/gcc/arm-none-eabi/13.3.1/../../../../arm-none-eabi/lib/thumb/v7-m/nofp\libc_nano.a(libc_a-findfp.o)
                              C:/ST/STM32CubeIDE_1.18.1/STM32CubeIDE/plugins/com.st.stm32cube.ide.mcu.externaltools.gnu-tools-for-stm32.13.3.rel1.win32_1.0.0.202411081344/tools/bin/../lib/gcc/arm-none-eabi/13.3.1/../../../../arm-none-eabi/lib/thumb/v7-m/nofp\libc_nano.a(libc_a-exit.o) (__stdio_exit_handler)
C:/ST/STM32CubeIDE_1.18.1/STM32CubeIDE/plugins/com.st.stm32cube.ide.mcu.externaltools.gnu-tools-for-stm32.13.3.rel1.win32_1.0.0.202411081344/tools/bin/../lib/gcc/arm-none-eabi/13.3.1/../../../../arm-none-eabi/lib/thumb/v7-m/nofp\libc_nano.a(libc_a-fwalk.o)
                              C:/ST/STM32CubeIDE_1.18.1/STM32CubeIDE/plugins/com.st.stm32cube.ide.mcu.externaltools.gnu-tools-for-stm32.13.3.rel1.win32_1.0.0.202411081344/tools/bin/../lib/gcc/arm-none-eabi/13.3.1/../../../../arm-none-eabi/lib/thumb/v7-m/nofp\libc_nano.a(libc_a-findfp.o) (_fwalk_sglue)
C:/ST/STM32CubeIDE_1.18.1/STM32CubeIDE/plugins/com.st.stm32cube.ide.mcu.externaltools.gnu-tools-for-stm32.13.3.rel1.win32_1.0.0.202411081344/tools/bin/../lib/gcc/arm-none-eabi/13.3.1/../../../../arm-none-eabi/lib/thumb/v7-m/nofp\libc_nano.a(libc_a-stdio.o)
                              C:/ST/STM32CubeIDE_1.18.1/STM32CubeIDE/plugins/com.st.stm32cube.ide.mcu.externaltools.gnu-tools-for-stm32.13.3.rel1.win32_1.0.0.202411081344/tools/bin/../lib/gcc/arm-none-eabi/13.3.1/../../../../arm-none-eabi/lib/thumb/v7-m/nofp\libc_nano.a(libc_a-findfp.o) (__sread)
C:/ST/STM32CubeIDE_1.18.1/STM32CubeIDE/plugins/com.st.stm32cube.ide.mcu.externaltools.gnu-tools-for-stm32.13.3.rel1.win32_1.0.0.202411081344/tools/bin/../lib/gcc/arm-none-eabi/13.3.1/../../../../arm-none-eabi/lib/thumb/v7-m/nofp\libc_nano.a(libc_a-memset.o)
                              C:/ST/STM32CubeIDE_1.18.1/STM32CubeIDE/plugins/com.st.stm32cube.ide.mcu.externaltools.gnu-tools-for-stm32.13.3.rel1.win32_1.0.0.202411081344/tools/bin/../lib/gcc/arm-none-eabi/13.3.1/../../../../arm-none-eabi/lib/thumb/v7-m/nofp/crt0.o (memset)
C:/ST/STM32CubeIDE_1.18.1/STM32CubeIDE/plugins/com.st.stm32cube.ide.mcu.externaltools.gnu-tools-for-stm32.13.3.rel1.win32_1.0.0.202411081344/tools/bin/../lib/gcc/arm-none-eabi/13.3.1/../../../../arm-none-eabi/lib/thumb/v7-m/nofp\libc_nano.a(libc_a-closer.o)
                              C:/ST/STM32CubeIDE_1.18.1/STM32CubeIDE/plugins/com.st.stm32cube.ide.mcu.externaltools.gnu-tools-for-stm32.13.3.rel1.win32_1.0.0.202411081344/tools/bin/../lib/gcc/arm-none-eabi/13.3.1/../../../../arm-none-eabi/lib/thumb/v7-m/nofp\libc_nano.a(libc_a-stdio.o) (_close_r)
C:/ST/STM32CubeIDE_1.18.1/STM32CubeIDE/plugins/com.st.stm32cube.ide.mcu.externaltools.gnu-tools-for-stm32.13.3.rel1.win32_1.0.0.202411081344/tools/bin/../lib/gcc/arm-none-eabi/13.3.1/../../../../arm-none-eabi/lib/thumb/v7-m/nofp\libc_nano.a(libc_a-reent.o)
                              C:/ST/STM32CubeIDE_1.18.1/STM32CubeIDE/plugins/com.st.stm32cube.ide.mcu.externaltools.gnu-tools-for-stm32.13.3.rel1.win32_1.0.0.202411081344/tools/bin/../lib/gcc/arm-none-eabi/13.3.1/../../../../arm-none-eabi/lib/thumb/v7-m/nofp\libc_nano.a(libc_a-closer.o) (errno)
C:/ST/STM32CubeIDE_1.18.1/STM32CubeIDE/plugins/com.st.stm32cube.ide.mcu.externaltools.gnu-tools-for-stm32.13.3.rel1.win32_1.0.0.202411081344/tools/bin/../lib/gcc/arm-none-eabi/13.3.1/../../../../arm-none-eabi/lib/thumb/v7-m/nofp\libc_nano.a(libc_a-impure.o)
                              C:/ST/STM32CubeIDE_1.18.1/STM32CubeIDE/plugins/com.st.stm32cube.ide.mcu.externaltools.gnu-tools-for-stm32.13.3.rel1.win32_1.0.0.202411081344/tools/bin/../lib/gcc/arm-none-eabi/13.3.1/../../../../arm-none-eabi/lib/thumb/v7-m/nofp\libc_nano.a(libc_a-reent.o) (_impure_ptr)
C:/ST/STM32CubeIDE_1.18.1/STM32CubeIDE/plugins/com.st.stm32cube.ide.mcu.externaltools.gnu-tools-for-stm32.13.3.rel1.win32_1.0.0.202411081344/tools/bin/../lib/gcc/arm-none-eabi/13.3.1/../../../../arm-none-eabi/lib/thumb/v7-m/nofp\libc_nano.a(libc_a-lseekr.o)
[...]
Memory Configuration

Name             Origin             Length             Attributes
RAM              0x20000000         0x00005000         xrw
FLASH            0x08000000         0x00010000         xr
*default*        0x00000000         0xffffffff

Linker script and memory map

LOAD C:/ST/STM32CubeIDE_1.18.1/STM32CubeIDE/plugins/com.st.stm32cube.ide.mcu.externaltools.gnu-tools-for-stm32.13.3.rel1.win32_1.0.0.202411081344/tools/bin/../lib/gcc/arm-none-eabi/13.3.1/thumb/v7-m/nofp/crti.o
LOAD C:/ST/STM32CubeIDE_1.18.1/STM32CubeIDE/plugins/com.st.stm32cube.ide.mcu.externaltools.gnu-tools-for-stm32.13.3.rel1.win32_1.0.0.202411081344/tools/bin/../lib/gcc/arm-none-eabi/13.3.1/thumb/v7-m/nofp/crtbegin.o
LOAD C:/ST/STM32CubeIDE_1.18.1/STM32CubeIDE/plugins/com.st.stm32cube.ide.mcu.externaltools.gnu-tools-for-stm32.13.3.rel1.win32_1.0.0.202411081344/tools/bin/../lib/gcc/arm-none-eabi/13.3.1/../../../../arm-none-eabi/lib/thumb/v7-m/nofp/crt0.o
LOAD ./src/ap/ap.o
LOAD ./src/bsp/bsp.o
LOAD ./src/bsp/stm32f1xx_hal_msp.o
LOAD ./src/bsp/stm32f1xx_it.o
LOAD ./src/bsp/syscalls.o
LOAD ./src/bsp/sysmem.o
LOAD ./src/bsp/system_stm32f1xx.o
LOAD ./src/bsp/startup/startup_stm32f103c8tx.o
LOAD ./src/hw/driver/led.o
LOAD ./src/hw/hw.o
LOAD ./src/lib/cube_f103/Drivers/STM32F1xx_HAL_Driver/Src/stm32f1xx_hal.o
LOAD ./src/lib/cube_f103/Drivers/STM32F1xx_HAL_Driver/Src/stm32f1xx_hal_cortex.o
LOAD ./src/lib/cube_f103/Drivers/STM32F1xx_HAL_Driver/Src/stm32f1xx_hal_dma.o
LOAD ./src/lib/cube_f103/Drivers/STM32F1xx_HAL_Driver/Src/stm32f1xx_hal_exti.o
LOAD ./src/lib/cube_f103/Drivers/STM32F1xx_HAL_Driver/Src/stm32f1xx_hal_flash.o
LOAD ./src/lib/cube_f103/Drivers/STM32F1xx_HAL_Driver/Src/stm32f1xx_hal_flash_ex.o
LOAD ./src/lib/cube_f103/Drivers/STM32F1xx_HAL_Driver/Src/stm32f1xx_hal_gpio.o
LOAD ./src/lib/cube_f103/Drivers/STM32F1xx_HAL_Driver/Src/stm32f1xx_hal_gpio_ex.o
LOAD ./src/lib/cube_f103/Drivers/STM32F1xx_HAL_Driver/Src/stm32f1xx_hal_pcd.o
LOAD ./src/lib/cube_f103/Drivers/STM32F1xx_HAL_Driver/Src/stm32f1xx_hal_pcd_ex.o
LOAD ./src/lib/cube_f103/Drivers/STM32F1xx_HAL_Driver/Src/stm32f1xx_hal_pwr.o
LOAD ./src/lib/cube_f103/Drivers/STM32F1xx_HAL_Driver/Src/stm32f1xx_hal_rcc.o
LOAD ./src/lib/cube_f103/Drivers/STM32F1xx_HAL_Driver/Src/stm32f1xx_hal_rcc_ex.o
LOAD ./src/lib/cube_f103/Drivers/STM32F1xx_HAL_Driver/Src/stm32f1xx_ll_usb.o
LOAD ./src/lib/cube_f103/Middlewares/ST/STM32_USB_Device_Library/Class/CDC/Src/usbd_cdc.o
LOAD ./src/lib/cube_f103/Middlewares/ST/STM32_USB_Device_Library/Core/Src/usbd_core.o
LOAD ./src/lib/cube_f103/Middlewares/ST/STM32_USB_Device_Library/Core/Src/usbd_ctlreq.o
LOAD ./src/lib/cube_f103/Middlewares/ST/STM32_USB_Device_Library/Core/Src/usbd_ioreq.o
LOAD ./src/lib/cube_f103/USB_DEVICE/App/usb_device.o
LOAD ./src/lib/cube_f103/USB_DEVICE/App/usbd_cdc_if.o
LOAD ./src/lib/cube_f103/USB_DEVICE/App/usbd_desc.o
LOAD ./src/lib/cube_f103/USB_DEVICE/Target/usbd_conf.o
LOAD ./src/main.o
START GROUP
LOAD C:/ST/STM32CubeIDE_1.18.1/STM32CubeIDE/plugins/com.st.stm32cube.ide.mcu.externaltools.gnu-tools-for-stm32.13.3.rel1.win32_1.0.0.202411081344/tools/bin/../lib/gcc/arm-none-eabi/13.3.1/../../../../arm-none-eabi/lib/thumb/v7-m/nofp\libc_nano.a
LOAD C:/ST/STM32CubeIDE_1.18.1/STM32CubeIDE/plugins/com.st.stm32cube.ide.mcu.externaltools.gnu-tools-for-stm32.13.3.rel1.win32_1.0.0.202411081344/tools/bin/../lib/gcc/arm-none-eabi/13.3.1/../../../../arm-none-eabi/lib/thumb/v7-m/nofp\libm.a
END GROUP
START GROUP
LOAD C:/ST/STM32CubeIDE_1.18.1/STM32CubeIDE/plugins/com.st.stm32cube.ide.mcu.externaltools.gnu-tools-for-stm32.13.3.rel1.win32_1.0.0.202411081344/tools/bin/../lib/gcc/arm-none-eabi/13.3.1/thumb/v7-m/nofp\libgcc.a
LOAD C:/ST/STM32CubeIDE_1.18.1/STM32CubeIDE/plugins/com.st.stm32cube.ide.mcu.externaltools.gnu-tools-for-stm32.13.3.rel1.win32_1.0.0.202411081344/tools/bin/../lib/gcc/arm-none-eabi/13.3.1/../../../../arm-none-eabi/lib/thumb/v7-m/nofp\libc_nano.a
END GROUP
START GROUP
LOAD C:/ST/STM32CubeIDE_1.18.1/STM32CubeIDE/plugins/com.st.stm32cube.ide.mcu.externaltools.gnu-tools-for-stm32.13.3.rel1.win32_1.0.0.202411081344/tools/bin/../lib/gcc/arm-none-eabi/13.3.1/thumb/v7-m/nofp\libgcc.a
LOAD C:/ST/STM32CubeIDE_1.18.1/STM32CubeIDE/plugins/com.st.stm32cube.ide.mcu.externaltools.gnu-tools-for-stm32.13.3.rel1.win32_1.0.0.202411081344/tools/bin/../lib/gcc/arm-none-eabi/13.3.1/../../../../arm-none-eabi/lib/thumb/v7-m/nofp\libc_nano.a
LOAD C:/ST/STM32CubeIDE_1.18.1/STM32CubeIDE/plugins/com.st.stm32cube.ide.mcu.externaltools.gnu-tools-for-stm32.13.3.rel1.win32_1.0.0.202411081344/tools/bin/../lib/gcc/arm-none-eabi/13.3.1/../../../../arm-none-eabi/lib/thumb/v7-m/nofp\libnosys.a
END GROUP
START GROUP
LOAD C:/ST/STM32CubeIDE_1.18.1/STM32CubeIDE/plugins/com.st.stm32cube.ide.mcu.externaltools.gnu-tools-for-stm32.13.3.rel1.win32_1.0.0.202411081344/tools/bin/../lib/gcc/arm-none-eabi/13.3.1/thumb/v7-m/nofp\libgcc.a
LOAD C:/ST/STM32CubeIDE_1.18.1/STM32CubeIDE/plugins/com.st.stm32cube.ide.mcu.externaltools.gnu-tools-for-stm32.13.3.rel1.win32_1.0.0.202411081344/tools/bin/../lib/gcc/arm-none-eabi/13.3.1/../../../../arm-none-eabi/lib/thumb/v7-m/nofp\libc_nano.a
LOAD C:/ST/STM32CubeIDE_1.18.1/STM32CubeIDE/plugins/com.st.stm32cube.ide.mcu.externaltools.gnu-tools-for-stm32.13.3.rel1.win32_1.0.0.202411081344/tools/bin/../lib/gcc/arm-none-eabi/13.3.1/../../../../arm-none-eabi/lib/thumb/v7-m/nofp\libnosys.a
END GROUP
LOAD C:/ST/STM32CubeIDE_1.18.1/STM32CubeIDE/plugins/com.st.stm32cube.ide.mcu.externaltools.gnu-tools-for-stm32.13.3.rel1.win32_1.0.0.202411081344/tools/bin/../lib/gcc/arm-none-eabi/13.3.1/thumb/v7-m/nofp/crtend.o
LOAD C:/ST/STM32CubeIDE_1.18.1/STM32CubeIDE/plugins/com.st.stm32cube.ide.mcu.externaltools.gnu-tools-for-stm32.13.3.rel1.win32_1.0.0.202411081344/tools/bin/../lib/gcc/arm-none-eabi/13.3.1/thumb/v7-m/nofp/crtn.o
                0x20005000                        _estack = (ORIGIN (RAM) + LENGTH (RAM))
                0x00000200                        _Min_Heap_Size = 0x200
                0x00000400                        _Min_Stack_Size = 0x400

.isr_vector     0x08000000      0x10c
                0x08000000                        . = ALIGN (0x4)
 *(.isr_vector)
 .isr_vector    0x08000000      0x10c ./src/bsp/startup/startup_stm32f103c8tx.o
                0x08000000                g_pfnVectors
                0x0800010c                        . = ALIGN (0x4)

.text           0x0800010c     0x7670
                0x0800010c                        . = ALIGN (0x4)
 *(.text)
 .text          0x0800010c       0x40 C:/ST/STM32CubeIDE_1.18.1/STM32CubeIDE/plugins/com.st.stm32cube.ide.mcu.externaltools.gnu-tools-for-stm32.13.3.rel1.win32_1.0.0.202411081344/tools/bin/../lib/gcc/arm-none-eabi/13.3.1/thumb/v7-m/nofp/crtbegin.o
 *(.text*)
 .text.apInit   0x0800014c        0xc ./src/ap/ap.o
                0x0800014c                apInit
 .text.apMain   0x08000158       0x24 ./src/ap/ap.o
                0x08000158                apMain
 .text.bspInit  0x0800017c       0xac ./src/bsp/bsp.o
                0x0800017c                bspInit
 .text.delay    0x08000228       0x16 ./src/bsp/bsp.o
                0x08000228                delay
 .text.SystemClock_Config
                0x0800023e       0xb4 ./src/bsp/bsp.o
                0x0800023e                SystemClock_Config
 .text.Error_Handler
                0x080002f2        0xc ./src/bsp/bsp.o
                0x080002f2                Error_Handler
 *fill*         0x080002fe        0x2 
 .text.HAL_MspInit
                0x08000300       0x64 ./src/bsp/stm32f1xx_hal_msp.o
                0x08000300                HAL_MspInit
 .text.NMI_Handler
                0x08000364        0x8 ./src/bsp/stm32f1xx_it.o
                0x08000364                NMI_Handler
 .text.HardFault_Handler
                0x0800036c        0x8 ./src/bsp/stm32f1xx_it.o
                0x0800036c                HardFault_Handler
 .text.MemManage_Handler
                0x08000374        0x8 ./src/bsp/stm32f1xx_it.o
                0x08000374                MemManage_Handler
 .text.BusFault_Handler
                0x0800037c        0x8 ./src/bsp/stm32f1xx_it.o
                0x0800037c                BusFault_Handler
 .text.UsageFault_Handler
                0x08000384        0x8 ./src/bsp/stm32f1xx_it.o
                0x08000384                UsageFault_Handler
 .text.SVC_Handler
                0x0800038c        0xc ./src/bsp/stm32f1xx_it.o
                0x0800038c                SVC_Handler
 .text.DebugMon_Handler
                0x08000398        0xc ./src/bsp/stm32f1xx_it.o
                0x08000398                DebugMon_Handler
 .text.PendSV_Handler
                0x080003a4        0xc ./src/bsp/stm32f1xx_it.o
                0x080003a4                PendSV_Handler
 .text.SysTick_Handler
                0x080003b0        0xc ./src/bsp/stm32f1xx_it.o
                0x080003b0                SysTick_Handler
 .text.USB_LP_CAN1_RX0_IRQHandler
                0x080003bc       0x14 ./src/bsp/stm32f1xx_it.o
                0x080003bc                USB_LP_CAN1_RX0_IRQHandler
 .text.SystemInit
                0x080003d0        0xc ./src/bsp/system_stm32f1xx.o
                0x080003d0                SystemInit
 .text.Reset_Handler
                0x080003dc       0x48 ./src/bsp/startup/startup_stm32f103c8tx.o
                0x080003dc                Reset_Handler
 .text.Default_Handler
                0x08000424        0x2 ./src/bsp/startup/startup_stm32f103c8tx.o
                0x08000424                RTC_Alarm_IRQHandler
                0x08000424                EXTI2_IRQHandler
                0x08000424                TIM1_CC_IRQHandler
                0x08000424                PVD_IRQHandler
                0x08000424                EXTI3_IRQHandler
                0x08000424                EXTI0_IRQHandler
                0x08000424                I2C2_EV_IRQHandler
                0x08000424                ADC1_2_IRQHandler
                0x08000424                SPI1_IRQHandler
                0x08000424                TAMPER_IRQHandler
                0x08000424                DMA1_Channel4_IRQHandler
                0x08000424                USART3_IRQHandler
                0x08000424                RTC_IRQHandler
                0x08000424                DMA1_Channel7_IRQHandler
                0x08000424                CAN1_RX1_IRQHandler
                0x08000424                TIM4_IRQHandler
                0x08000424                I2C1_EV_IRQHandler
                0x08000424                DMA1_Channel6_IRQHandler
                0x08000424                TIM3_IRQHandler
                0x08000424                RCC_IRQHandler
                0x08000424                TIM1_TRG_COM_IRQHandler
                0x08000424                DMA1_Channel1_IRQHandler
                0x08000424                Default_Handler
                0x08000424                EXTI15_10_IRQHandler
                0x08000424                EXTI9_5_IRQHandler
                0x08000424                SPI2_IRQHandler
                0x08000424                DMA1_Channel5_IRQHandler
                0x08000424                EXTI4_IRQHandler
                0x08000424                USB_HP_CAN1_TX_IRQHandler
                0x08000424                DMA1_Channel3_IRQHandler
                0x08000424                TIM1_UP_IRQHandler
                0x08000424                WWDG_IRQHandler
                0x08000424                TIM2_IRQHandler
                0x08000424                TIM1_BRK_IRQHandler
                0x08000424                EXTI1_IRQHandler
                0x08000424                USART2_IRQHandler
                0x08000424                I2C2_ER_IRQHandler
                0x08000424                DMA1_Channel2_IRQHandler
                0x08000424                CAN1_SCE_IRQHandler
                0x08000424                FLASH_IRQHandler
                0x08000424                USART1_IRQHandler
                0x08000424                I2C1_ER_IRQHandler
                0x08000424                USBWakeUp_IRQHandler
 *fill*         0x08000426        0x2 
 .text.ledInit  0x08000428       0x8c ./src/hw/driver/led.o
                0x08000428                ledInit
 .text.ledOff   0x080004b4       0x40 ./src/hw/driver/led.o
                0x080004b4                ledOff
 .text.ledToggle
                0x080004f4       0x38 ./src/hw/driver/led.o
                0x080004f4                ledToggle
 .text.hwInit   0x0800052c       0x10 ./src/hw/hw.o
                0x0800052c                hwInit
 .text.HAL_Init
                0x0800053c       0x2c ./src/lib/cube_f103/Drivers/STM32F1xx_HAL_Driver/Src/stm32f1xx_hal.o
                0x0800053c                HAL_Init
 .text.HAL_InitTick
                0x08000568       0x60 ./src/lib/cube_f103/Drivers/STM32F1xx_HAL_Driver/Src/stm32f1xx_hal.o
                0x08000568                HAL_InitTick
 .text.HAL_IncTick
                0x080005c8       0x24 ./src/lib/cube_f103/Drivers/STM32F1xx_HAL_Driver/Src/stm32f1xx_hal.o
                0x080005c8                HAL_IncTick
 .text.HAL_GetTick
                0x080005ec       0x14 ./src/lib/cube_f103/Drivers/STM32F1xx_HAL_Driver/Src/stm32f1xx_hal.o
                0x080005ec                HAL_GetTick
 .text.HAL_Delay
                0x08000600       0x48 ./src/lib/cube_f103/Drivers/STM32F1xx_HAL_Driver/Src/stm32f1xx_hal.o
                0x08000600                HAL_Delay
 .text.__NVIC_SetPriorityGrouping
                0x08000648       0x48 ./src/lib/cube_f103/Drivers/STM32F1xx_HAL_Driver/Src/stm32f1xx_hal_cortex.o
 .text.__NVIC_GetPriorityGrouping
                0x08000690       0x1c ./src/lib/cube_f103/Drivers/STM32F1xx_HAL_Driver/Src/stm32f1xx_hal_cortex.o
 .text.__NVIC_EnableIRQ
                0x080006ac       0x38 ./src/lib/cube_f103/Drivers/STM32F1xx_HAL_Driver/Src/stm32f1xx_hal_cortex.o
 .text.__NVIC_SetPriority
                0x080006e4       0x54 ./src/lib/cube_f103/Drivers/STM32F1xx_HAL_Driver/Src/stm32f1xx_hal_cortex.o
 .text.NVIC_EncodePriority
                0x08000738       0x64 ./src/lib/cube_f103/Drivers/STM32F1xx_HAL_Driver/Src/stm32f1xx_hal_cortex.o
 .text.SysTick_Config
                0x0800079c       0x44 ./src/lib/cube_f103/Drivers/STM32F1xx_HAL_Driver/Src/stm32f1xx_hal_cortex.o
 .text.HAL_NVIC_SetPriorityGrouping
                0x080007e0       0x16 ./src/lib/cube_f103/Drivers/STM32F1xx_HAL_Driver/Src/stm32f1xx_hal_cortex.o
                0x080007e0                HAL_NVIC_SetPriorityGrouping
 .text.HAL_NVIC_SetPriority
                0x080007f6       0x38 ./src/lib/cube_f103/Drivers/STM32F1xx_HAL_Driver/Src/stm32f1xx_hal_cortex.o
                0x080007f6                HAL_NVIC_SetPriority
 .text.HAL_NVIC_EnableIRQ
                0x0800082e       0x1c ./src/lib/cube_f103/Drivers/STM32F1xx_HAL_Driver/Src/stm32f1xx_hal_cortex.o
                0x0800082e                HAL_NVIC_EnableIRQ
 .text.HAL_SYSTICK_Config
                0x0800084a       0x18 ./src/lib/cube_f103/Drivers/STM32F1xx_HAL_Driver/Src/stm32f1xx_hal_cortex.o
                0x0800084a                HAL_SYSTICK_Config
 *fill*         0x08000862        0x2 
 .text.HAL_GPIO_Init
                0x08000864      0x308 ./src/lib/cube_f103/Drivers/STM32F1xx_HAL_Driver/Src/stm32f1xx_hal_gpio.o
                0x08000864                HAL_GPIO_Init
 .text.HAL_GPIO_WritePin
                0x08000b6c       0x30 ./src/lib/cube_f103/Drivers/STM32F1xx_HAL_Driver/Src/stm32f1xx_hal_gpio.o
                0x08000b6c                HAL_GPIO_WritePin
 .text.HAL_GPIO_TogglePin
                0x08000b9c       0x32 ./src/lib/cube_f103/Drivers/STM32F1xx_HAL_Driver/Src/stm32f1xx_hal_gpio.o
                0x08000b9c                HAL_GPIO_TogglePin
 .text.HAL_PCD_Init
                0x08000bce      0x1ec ./src/lib/cube_f103/Drivers/STM32F1xx_HAL_Driver/Src/stm32f1xx_hal_pcd.o
                0x08000bce                HAL_PCD_Init
 .text.HAL_PCD_Start
                0x08000dba       0x4c ./src/lib/cube_f103/Drivers/STM32F1xx_HAL_Driver/Src/stm32f1xx_hal_pcd.o
                0x08000dba                HAL_PCD_Start
 .text.HAL_PCD_IRQHandler
                0x08000e06      0x260 ./src/lib/cube_f103/Drivers/STM32F1xx_HAL_Driver/Src/stm32f1xx_hal_pcd.o
                0x08000e06                HAL_PCD_IRQHandler
 .text.HAL_PCD_SetAddress
                0x08001066       0x48 ./src/lib/cube_f103/Drivers/STM32F1xx_HAL_Driver/Src/stm32f1xx_hal_pcd.o
                0x08001066                HAL_PCD_SetAddress
 .text.HAL_PCD_EP_Open
                0x080010ae       0xba ./src/lib/cube_f103/Drivers/STM32F1xx_HAL_Driver/Src/stm32f1xx_hal_pcd.o
                0x080010ae                HAL_PCD_EP_Open
 .text.HAL_PCD_EP_Close
                0x08001168       0x90 ./src/lib/cube_f103/Drivers/STM32F1xx_HAL_Driver/Src/stm32f1xx_hal_pcd.o
                0x08001168                HAL_PCD_EP_Close
 .text.HAL_PCD_EP_Receive
                0x080011f8       0x62 ./src/lib/cube_f103/Drivers/STM32F1xx_HAL_Driver/Src/stm32f1xx_hal_pcd.o
                0x080011f8                HAL_PCD_EP_Receive
 .text.HAL_PCD_EP_GetRxCount
                0x0800125a       0x2e ./src/lib/cube_f103/Drivers/STM32F1xx_HAL_Driver/Src/stm32f1xx_hal_pcd.o
                0x0800125a                HAL_PCD_EP_GetRxCount
 .text.HAL_PCD_EP_Transmit
                0x08001288       0x6e ./src/lib/cube_f103/Drivers/STM32F1xx_HAL_Driver/Src/stm32f1xx_hal_pcd.o
                0x08001288                HAL_PCD_EP_Transmit
 .text.HAL_PCD_EP_SetStall
                0x080012f6       0xc0 ./src/lib/cube_f103/Drivers/STM32F1xx_HAL_Driver/Src/stm32f1xx_hal_pcd.o
                0x080012f6                HAL_PCD_EP_SetStall
 .text.HAL_PCD_EP_ClrStall
                0x080013b6       0xa8 ./src/lib/cube_f103/Drivers/STM32F1xx_HAL_Driver/Src/stm32f1xx_hal_pcd.o
                0x080013b6                HAL_PCD_EP_ClrStall
 .text.PCD_EP_ISR_Handler
                0x0800145e      0x79e ./src/lib/cube_f103/Drivers/STM32F1xx_HAL_Driver/Src/stm32f1xx_hal_pcd.o
 .text.HAL_PCD_EP_DB_Receive
                0x08001bfc      0x21a ./src/lib/cube_f103/Drivers/STM32F1xx_HAL_Driver/Src/stm32f1xx_hal_pcd.o
 .text.HAL_PCD_EP_DB_Transmit
                0x08001e16      0x7f4 ./src/lib/cube_f103/Drivers/STM32F1xx_HAL_Driver/Src/stm32f1xx_hal_pcd.o
 .text.HAL_PCDEx_PMAConfig
                0x0800260a       0x84 ./src/lib/cube_f103/Drivers/STM32F1xx_HAL_Driver/Src/stm32f1xx_hal_pcd_ex.o
                0x0800260a                HAL_PCDEx_PMAConfig
 *fill*         0x0800268e        0x2 
 .text.HAL_RCC_OscConfig
                0x08002690      0x504 ./src/lib/cube_f103/Drivers/STM32F1xx_HAL_Driver/Src/stm32f1xx_hal_rcc.o
                0x08002690                HAL_RCC_OscConfig
 .text.HAL_RCC_ClockConfig
                0x08002b94      0x1d4 ./src/lib/cube_f103/Drivers/STM32F1xx_HAL_Driver/Src/stm32f1xx_hal_rcc.o
                0x08002b94                HAL_RCC_ClockConfig
 .text.HAL_RCC_GetSysClockFreq
                0x08002d68       0xa8 ./src/lib/cube_f103/Drivers/STM32F1xx_HAL_Driver/Src/stm32f1xx_hal_rcc.o
                0x08002d68                HAL_RCC_GetSysClockFreq
 .text.RCC_Delay
                0x08002e10       0x3c ./src/lib/cube_f103/Drivers/STM32F1xx_HAL_Driver/Src/stm32f1xx_hal_rcc.o
 .text.HAL_RCCEx_PeriphCLKConfig
                0x08002e4c      0x16c ./src/lib/cube_f103/Drivers/STM32F1xx_HAL_Driver/Src/stm32f1xx_hal_rcc_ex.o
                0x08002e4c                HAL_RCCEx_PeriphCLKConfig
 .text.USB_CoreInit
                0x08002fb8       0x1a ./src/lib/cube_f103/Drivers/STM32F1xx_HAL_Driver/Src/stm32f1xx_ll_usb.o
                0x08002fb8                USB_CoreInit
 .text.USB_EnableGlobalInt
                0x08002fd2       0x2c ./src/lib/cube_f103/Drivers/STM32F1xx_HAL_Driver/Src/stm32f1xx_ll_usb.o
                0x08002fd2                USB_EnableGlobalInt
 .text.USB_DisableGlobalInt
                0x08002ffe       0x34 ./src/lib/cube_f103/Drivers/STM32F1xx_HAL_Driver/Src/stm32f1xx_ll_usb.o
                0x08002ffe                USB_DisableGlobalInt
 .text.USB_SetCurrentMode
                0x08003032       0x18 ./src/lib/cube_f103/Drivers/STM32F1xx_HAL_Driver/Src/stm32f1xx_ll_usb.o
                0x08003032                USB_SetCurrentMode
 .text.USB_DevInit
                0x0800304a       0x3a ./src/lib/cube_f103/Drivers/STM32F1xx_HAL_Driver/Src/stm32f1xx_ll_usb.o
                0x0800304a                USB_DevInit
 .text.USB_ActivateEndpoint
                0x08003084      0x780 ./src/lib/cube_f103/Drivers/STM32F1xx_HAL_Driver/Src/stm32f1xx_ll_usb.o
                0x08003084                USB_ActivateEndpoint
 .text.USB_DeactivateEndpoint
                0x08003804      0x3d8 ./src/lib/cube_f103/Drivers/STM32F1xx_HAL_Driver/Src/stm32f1xx_ll_usb.o
                0x08003804                USB_DeactivateEndpoint
 .text.USB_EPStartXfer
                0x08003bdc     0x1762 ./src/lib/cube_f103/Drivers/STM32F1xx_HAL_Driver/Src/stm32f1xx_ll_usb.o
                0x08003bdc                USB_EPStartXfer
 .text.USB_EPSetStall
                0x0800533e       0xa0 ./src/lib/cube_f103/Drivers/STM32F1xx_HAL_Driver/Src/stm32f1xx_ll_usb.o
                0x0800533e                USB_EPSetStall
 .text.USB_EPClearStall
                0x080053de      0x15a ./src/lib/cube_f103/Drivers/STM32F1xx_HAL_Driver/Src/stm32f1xx_ll_usb.o
                0x080053de                USB_EPClearStall
 .text.USB_SetDevAddress
                0x08005538       0x26 ./src/lib/cube_f103/Drivers/STM32F1xx_HAL_Driver/Src/stm32f1xx_ll_usb.o
                0x08005538                USB_SetDevAddress
 .text.USB_DevConnect
                0x0800555e       0x14 ./src/lib/cube_f103/Drivers/STM32F1xx_HAL_Driver/Src/stm32f1xx_ll_usb.o
                0x0800555e                USB_DevConnect
 .text.USB_DevDisconnect
                0x08005572       0x14 ./src/lib/cube_f103/Drivers/STM32F1xx_HAL_Driver/Src/stm32f1xx_ll_usb.o
                0x08005572                USB_DevDisconnect
 .text.USB_ReadInterrupts
                0x08005586       0x1e ./src/lib/cube_f103/Drivers/STM32F1xx_HAL_Driver/Src/stm32f1xx_ll_usb.o
                0x08005586                USB_ReadInterrupts
 .text.USB_EP0_OutStart
                0x080055a4       0x16 ./src/lib/cube_f103/Drivers/STM32F1xx_HAL_Driver/Src/stm32f1xx_ll_usb.o
                0x080055a4                USB_EP0_OutStart
 .text.USB_WritePMA
                0x080055ba       0x8c ./src/lib/cube_f103/Drivers/STM32F1xx_HAL_Driver/Src/stm32f1xx_ll_usb.o
                0x080055ba                USB_WritePMA
 .text.USB_ReadPMA
                0x08005646       0x9e ./src/lib/cube_f103/Drivers/STM32F1xx_HAL_Driver/Src/stm32f1xx_ll_usb.o
                0x08005646                USB_ReadPMA
 .text.USBD_CDC_Init
                0x080056e4       0xf4 ./src/lib/cube_f103/Middlewares/ST/STM32_USB_Device_Library/Class/CDC/Src/usbd_cdc.o
 .text.USBD_CDC_DeInit
                0x080057d8       0x6e ./src/lib/cube_f103/Middlewares/ST/STM32_USB_Device_Library/Class/CDC/Src/usbd_cdc.o
 .text.USBD_CDC_Setup
                0x08005846      0x146 ./src/lib/cube_f103/Middlewares/ST/STM32_USB_Device_Library/Class/CDC/Src/usbd_cdc.o
 .text.USBD_CDC_DataIn
                0x0800598c       0xa6 ./src/lib/cube_f103/Middlewares/ST/STM32_USB_Device_Library/Class/CDC/Src/usbd_cdc.o
 .text.USBD_CDC_DataOut
                0x08005a32       0x56 ./src/lib/cube_f103/Middlewares/ST/STM32_USB_Device_Library/Class/CDC/Src/usbd_cdc.o
 .text.USBD_CDC_EP0_RxReady
                0x08005a88       0x4e ./src/lib/cube_f103/Middlewares/ST/STM32_USB_Device_Library/Class/CDC/Src/usbd_cdc.o
 *fill*         0x08005ad6        0x2 
 .text.USBD_CDC_GetFSCfgDesc
                0x08005ad8       0x20 ./src/lib/cube_f103/Middlewares/ST/STM32_USB_Device_Library/Class/CDC/Src/usbd_cdc.o
 .text.USBD_CDC_GetHSCfgDesc
                0x08005af8       0x20 ./src/lib/cube_f103/Middlewares/ST/STM32_USB_Device_Library/Class/CDC/Src/usbd_cdc.o
 .text.USBD_CDC_GetOtherSpeedCfgDesc
                0x08005b18       0x20 ./src/lib/cube_f103/Middlewares/ST/STM32_USB_Device_Library/Class/CDC/Src/usbd_cdc.o
 .text.USBD_CDC_GetDeviceQualifierDescriptor
                0x08005b38       0x20 ./src/lib/cube_f103/Middlewares/ST/STM32_USB_Device_Library/Class/CDC/Src/usbd_cdc.o
                0x08005b38                USBD_CDC_GetDeviceQualifierDescriptor
 .text.USBD_CDC_RegisterInterface
                0x08005b58       0x2c ./src/lib/cube_f103/Middlewares/ST/STM32_USB_Device_Library/Class/CDC/Src/usbd_cdc.o
                0x08005b58                USBD_CDC_RegisterInterface
 .text.USBD_CDC_SetTxBuffer
                0x08005b84       0x32 ./src/lib/cube_f103/Middlewares/ST/STM32_USB_Device_Library/Class/CDC/Src/usbd_cdc.o
                0x08005b84                USBD_CDC_SetTxBuffer
 .text.USBD_CDC_SetRxBuffer
                0x08005bb6       0x26 ./src/lib/cube_f103/Middlewares/ST/STM32_USB_Device_Library/Class/CDC/Src/usbd_cdc.o
                0x08005bb6                USBD_CDC_SetRxBuffer
 .text.USBD_CDC_TransmitPacket
                0x08005bdc       0x5e ./src/lib/cube_f103/Middlewares/ST/STM32_USB_Device_Library/Class/CDC/Src/usbd_cdc.o
                0x08005bdc                USBD_CDC_TransmitPacket
 .text.USBD_CDC_ReceivePacket
                0x08005c3a       0x54 ./src/lib/cube_f103/Middlewares/ST/STM32_USB_Device_Library/Class/CDC/Src/usbd_cdc.o
                0x08005c3a                USBD_CDC_ReceivePacket
 .text.USBD_Init
                0x08005c8e       0x56 ./src/lib/cube_f103/Middlewares/ST/STM32_USB_Device_Library/Core/Src/usbd_core.o
                0x08005c8e                USBD_Init
 .text.USBD_RegisterClass
                0x08005ce4       0x32 ./src/lib/cube_f103/Middlewares/ST/STM32_USB_Device_Library/Core/Src/usbd_core.o
                0x08005ce4                USBD_RegisterClass
 .text.USBD_Start
                0x08005d16       0x18 ./src/lib/cube_f103/Middlewares/ST/STM32_USB_Device_Library/Core/Src/usbd_core.o
                0x08005d16                USBD_Start
 .text.USBD_RunTestMode
                0x08005d2e       0x14 ./src/lib/cube_f103/Middlewares/ST/STM32_USB_Device_Library/Core/Src/usbd_core.o
                0x08005d2e                USBD_RunTestMode
 .text.USBD_SetClassConfig
                0x08005d42       0x3e ./src/lib/cube_f103/Middlewares/ST/STM32_USB_Device_Library/Core/Src/usbd_core.o
                0x08005d42                USBD_SetClassConfig
 .text.USBD_ClrClassConfig
                0x08005d80       0x26 ./src/lib/cube_f103/Middlewares/ST/STM32_USB_Device_Library/Core/Src/usbd_core.o
                0x08005d80                USBD_ClrClassConfig
 .text.USBD_LL_SetupStage
                0x08005da6       0x9a ./src/lib/cube_f103/Middlewares/ST/STM32_USB_Device_Library/Core/Src/usbd_core.o
                0x08005da6                USBD_LL_SetupStage
 .text.USBD_LL_DataOutStage
                0x08005e40       0xe2 ./src/lib/cube_f103/Middlewares/ST/STM32_USB_Device_Library/Core/Src/usbd_core.o
                0x08005e40                USBD_LL_DataOutStage
 .text.USBD_LL_DataInStage
                0x08005f22      0x14a ./src/lib/cube_f103/Middlewares/ST/STM32_USB_Device_Library/Core/Src/usbd_core.o
                0x08005f22                USBD_LL_DataInStage
 .text.USBD_LL_Reset
                0x0800606c       0x82 ./src/lib/cube_f103/Middlewares/ST/STM32_USB_Device_Library/Core/Src/usbd_core.o
                0x0800606c                USBD_LL_Reset
 .text.USBD_LL_SetSpeed
                0x080060ee       0x1e ./src/lib/cube_f103/Middlewares/ST/STM32_USB_Device_Library/Core/Src/usbd_core.o
                0x080060ee                USBD_LL_SetSpeed
 .text.USBD_LL_Suspend
                0x0800610c       0x28 ./src/lib/cube_f103/Middlewares/ST/STM32_USB_Device_Library/Core/Src/usbd_core.o
                0x0800610c                USBD_LL_Suspend
 .text.USBD_LL_Resume
                0x08006134       0x2a ./src/lib/cube_f103/Middlewares/ST/STM32_USB_Device_Library/Core/Src/usbd_core.o
                0x08006134                USBD_LL_Resume
 .text.USBD_LL_SOF
                0x0800615e       0x34 ./src/lib/cube_f103/Middlewares/ST/STM32_USB_Device_Library/Core/Src/usbd_core.o
                0x0800615e                USBD_LL_SOF
 *fill*         0x08006192        0x2 
 .text.USBD_StdDevReq
                0x08006194       0xd4 ./src/lib/cube_f103/Middlewares/ST/STM32_USB_Device_Library/Core/Src/usbd_ctlreq.o
                0x08006194                USBD_StdDevReq
 .text.USBD_StdItfReq
                0x08006268       0x90 ./src/lib/cube_f103/Middlewares/ST/STM32_USB_Device_Library/Core/Src/usbd_ctlreq.o
                0x08006268                USBD_StdItfReq
 .text.USBD_StdEPReq
                0x080062f8      0x2c6 ./src/lib/cube_f103/Middlewares/ST/STM32_USB_Device_Library/Core/Src/usbd_ctlreq.o
                0x080062f8                USBD_StdEPReq
 *fill*         0x080065be        0x2 
 .text.USBD_GetDescriptor
                0x080065c0      0x2d0 ./src/lib/cube_f103/Middlewares/ST/STM32_USB_Device_Library/Core/Src/usbd_ctlreq.o
 .text.USBD_SetAddress
                0x08006890       0x86 ./src/lib/cube_f103/Middlewares/ST/STM32_USB_Device_Library/Core/Src/usbd_ctlreq.o
 *fill*         0x08006916        0x2 
 .text.USBD_SetConfig
                0x08006918      0x11c ./src/lib/cube_f103/Middlewares/ST/STM32_USB_Device_Library/Core/Src/usbd_ctlreq.o
 .text.USBD_GetConfig
                0x08006a34       0x6a ./src/lib/cube_f103/Middlewares/ST/STM32_USB_Device_Library/Core/Src/usbd_ctlreq.o
 .text.USBD_GetStatus
                0x08006a9e       0x66 ./src/lib/cube_f103/Middlewares/ST/STM32_USB_Device_Library/Core/Src/usbd_ctlreq.o
 .text.USBD_SetFeature
                0x08006b04       0x28 ./src/lib/cube_f103/Middlewares/ST/STM32_USB_Device_Library/Core/Src/usbd_ctlreq.o
 .text.USBD_ClrFeature
                0x08006b2c       0x42 ./src/lib/cube_f103/Middlewares/ST/STM32_USB_Device_Library/Core/Src/usbd_ctlreq.o
 .text.USBD_ParseSetupRequest
                0x08006b6e       0x72 ./src/lib/cube_f103/Middlewares/ST/STM32_USB_Device_Library/Core/Src/usbd_ctlreq.o
                0x08006b6e                USBD_ParseSetupRequest
 .text.USBD_CtlError
                0x08006be0       0x22 ./src/lib/cube_f103/Middlewares/ST/STM32_USB_Device_Library/Core/Src/usbd_ctlreq.o
                0x08006be0                USBD_CtlError
 .text.USBD_GetString
                0x08006c02       0x84 ./src/lib/cube_f103/Middlewares/ST/STM32_USB_Device_Library/Core/Src/usbd_ctlreq.o
                0x08006c02                USBD_GetString
 .text.USBD_GetLen
                0x08006c86       0x2e ./src/lib/cube_f103/Middlewares/ST/STM32_USB_Device_Library/Core/Src/usbd_ctlreq.o
 .text.USBD_CtlSendData
                0x08006cb4       0x38 ./src/lib/cube_f103/Middlewares/ST/STM32_USB_Device_Library/Core/Src/usbd_ioreq.o
                0x08006cb4                USBD_CtlSendData
 .text.USBD_CtlContinueSendData
                0x08006cec       0x24 ./src/lib/cube_f103/Middlewares/ST/STM32_USB_Device_Library/Core/Src/usbd_ioreq.o
                0x08006cec                USBD_CtlContinueSendData
 .text.USBD_CtlPrepareRx
                0x08006d10       0x3c ./src/lib/cube_f103/Middlewares/ST/STM32_USB_Device_Library/Core/Src/usbd_ioreq.o
                0x08006d10                USBD_CtlPrepareRx
 .text.USBD_CtlContinueRx
                0x08006d4c       0x24 ./src/lib/cube_f103/Middlewares/ST/STM32_USB_Device_Library/Core/Src/usbd_ioreq.o
                0x08006d4c                USBD_CtlContinueRx
 .text.USBD_CtlSendStatus
                0x08006d70       0x26 ./src/lib/cube_f103/Middlewares/ST/STM32_USB_Device_Library/Core/Src/usbd_ioreq.o
                0x08006d70                USBD_CtlSendStatus
 .text.USBD_CtlReceiveStatus
                0x08006d96       0x26 ./src/lib/cube_f103/Middlewares/ST/STM32_USB_Device_Library/Core/Src/usbd_ioreq.o
                0x08006d96                USBD_CtlReceiveStatus
 .text.MX_USB_DEVICE_Init
                0x08006dbc       0x60 ./src/lib/cube_f103/USB_DEVICE/App/usb_device.o
                0x08006dbc                MX_USB_DEVICE_Init
 .text.CDC_Init_FS
                0x08006e1c       0x28 ./src/lib/cube_f103/USB_DEVICE/App/usbd_cdc_if.o
 .text.CDC_DeInit_FS
                0x08006e44        0xe ./src/lib/cube_f103/USB_DEVICE/App/usbd_cdc_if.o
 *fill*         0x08006e52        0x2 
 .text.CDC_Control_FS
                0x08006e54       0xbc ./src/lib/cube_f103/USB_DEVICE/App/usbd_cdc_if.o
 .text.CDC_Receive_FS
                0x08006f10       0x28 ./src/lib/cube_f103/USB_DEVICE/App/usbd_cdc_if.o
 .text.CDC_Transmit_FS
                0x08006f38       0x4c ./src/lib/cube_f103/USB_DEVICE/App/usbd_cdc_if.o
                0x08006f38                CDC_Transmit_FS
 .text.USBD_FS_DeviceDescriptor
                0x08006f84       0x24 ./src/lib/cube_f103/USB_DEVICE/App/usbd_desc.o
                0x08006f84                USBD_FS_DeviceDescriptor
 .text.USBD_FS_LangIDStrDescriptor
                0x08006fa8       0x24 ./src/lib/cube_f103/USB_DEVICE/App/usbd_desc.o
                0x08006fa8                USBD_FS_LangIDStrDescriptor
 .text.USBD_FS_ProductStrDescriptor
                0x08006fcc       0x3c ./src/lib/cube_f103/USB_DEVICE/App/usbd_desc.o
                0x08006fcc                USBD_FS_ProductStrDescriptor
 .text.USBD_FS_ManufacturerStrDescriptor
                0x08007008       0x28 ./src/lib/cube_f103/USB_DEVICE/App/usbd_desc.o
                0x08007008                USBD_FS_ManufacturerStrDescriptor
 .text.USBD_FS_SerialStrDescriptor
                0x08007030       0x24 ./src/lib/cube_f103/USB_DEVICE/App/usbd_desc.o
                0x08007030                USBD_FS_SerialStrDescriptor
 .text.USBD_FS_ConfigStrDescriptor
                0x08007054       0x3c ./src/lib/cube_f103/USB_DEVICE/App/usbd_desc.o
                0x08007054                USBD_FS_ConfigStrDescriptor
 .text.USBD_FS_InterfaceStrDescriptor
                0x08007090       0x3c ./src/lib/cube_f103/USB_DEVICE/App/usbd_desc.o
                0x08007090                USBD_FS_InterfaceStrDescriptor
 .text.Get_SerialNum
                0x080070cc       0x58 ./src/lib/cube_f103/USB_DEVICE/App/usbd_desc.o
 .text.IntToUnicode
                0x08007124       0x7c ./src/lib/cube_f103/USB_DEVICE/App/usbd_desc.o
 .text.HAL_PCD_MspInit
                0x080071a0       0x4c ./src/lib/cube_f103/USB_DEVICE/Target/usbd_conf.o
                0x080071a0                HAL_PCD_MspInit
 .text.HAL_PCD_SetupStageCallback
                0x080071ec       0x24 ./src/lib/cube_f103/USB_DEVICE/Target/usbd_conf.o
                0x080071ec                HAL_PCD_SetupStageCallback
 .text.HAL_PCD_DataOutStageCallback
                0x08007210       0x36 ./src/lib/cube_f103/USB_DEVICE/Target/usbd_conf.o
                0x08007210                HAL_PCD_DataOutStageCallback
 .text.HAL_PCD_DataInStageCallback
                0x08007246       0x34 ./src/lib/cube_f103/USB_DEVICE/Target/usbd_conf.o
                0x08007246                HAL_PCD_DataInStageCallback
 .text.HAL_PCD_SOFCallback
                0x0800727a       0x1c ./src/lib/cube_f103/USB_DEVICE/Target/usbd_conf.o
                0x0800727a                HAL_PCD_SOFCallback
 .text.HAL_PCD_ResetCallback
                0x08007296       0x3c ./src/lib/cube_f103/USB_DEVICE/Target/usbd_conf.o
                0x08007296                HAL_PCD_ResetCallback
 *fill*         0x080072d2        0x2 
 .text.HAL_PCD_SuspendCallback
                0x080072d4       0x34 ./src/lib/cube_f103/USB_DEVICE/Target/usbd_conf.o
                0x080072d4                HAL_PCD_SuspendCallback
 .text.HAL_PCD_ResumeCallback
                0x08007308       0x1c ./src/lib/cube_f103/USB_DEVICE/Target/usbd_conf.o
                0x08007308                HAL_PCD_ResumeCallback
 .text.USBD_LL_Init
                0x08007324       0xb4 ./src/lib/cube_f103/USB_DEVICE/Target/usbd_conf.o
                0x08007324                USBD_LL_Init
 .text.USBD_LL_Start
                0x080073d8       0x36 ./src/lib/cube_f103/USB_DEVICE/Target/usbd_conf.o
                0x080073d8                USBD_LL_Start
 .text.USBD_LL_OpenEP
                0x0800740e       0x4c ./src/lib/cube_f103/USB_DEVICE/Target/usbd_conf.o
                0x0800740e                USBD_LL_OpenEP
 .text.USBD_LL_CloseEP
                0x0800745a       0x3e ./src/lib/cube_f103/USB_DEVICE/Target/usbd_conf.o
                0x0800745a                USBD_LL_CloseEP
 .text.USBD_LL_StallEP
                0x08007498       0x3e ./src/lib/cube_f103/USB_DEVICE/Target/usbd_conf.o
                0x08007498                USBD_LL_StallEP
 .text.USBD_LL_ClearStallEP
                0x080074d6       0x3e ./src/lib/cube_f103/USB_DEVICE/Target/usbd_conf.o
                0x080074d6                USBD_LL_ClearStallEP
 .text.USBD_LL_IsStallEP
                0x08007514       0x56 ./src/lib/cube_f103/USB_DEVICE/Target/usbd_conf.o
                0x08007514                USBD_LL_IsStallEP
 .text.USBD_LL_SetUSBAddress
                0x0800756a       0x3e ./src/lib/cube_f103/USB_DEVICE/Target/usbd_conf.o
                0x0800756a                USBD_LL_SetUSBAddress
 .text.USBD_LL_Transmit
                0x080075a8       0x46 ./src/lib/cube_f103/USB_DEVICE/Target/usbd_conf.o
                0x080075a8                USBD_LL_Transmit
 .text.USBD_LL_PrepareReceive
                0x080075ee       0x46 ./src/lib/cube_f103/USB_DEVICE/Target/usbd_conf.o
                0x080075ee                USBD_LL_PrepareReceive
 .text.USBD_LL_GetRxDataSize
                0x08007634       0x26 ./src/lib/cube_f103/USB_DEVICE/Target/usbd_conf.o
                0x08007634                USBD_LL_GetRxDataSize
 *fill*         0x0800765a        0x2 
 .text.USBD_static_malloc
                0x0800765c       0x18 ./src/lib/cube_f103/USB_DEVICE/Target/usbd_conf.o
                0x0800765c                USBD_static_malloc
 .text.USBD_static_free
                0x08007674       0x12 ./src/lib/cube_f103/USB_DEVICE/Target/usbd_conf.o
                0x08007674                USBD_static_free
 .text.HAL_PCDEx_SetConnectionState
                0x08007686       0x16 ./src/lib/cube_f103/USB_DEVICE/Target/usbd_conf.o
                0x08007686                HAL_PCDEx_SetConnectionState
 .text.USBD_Get_USB_Status
                0x0800769c       0x58 ./src/lib/cube_f103/USB_DEVICE/Target/usbd_conf.o
 .text.main     0x080076f4       0x16 ./src/main.o
                0x080076f4                main
 .text.memset   0x0800770a       0x10 C:/ST/STM32CubeIDE_1.18.1/STM32CubeIDE/plugins/com.st.stm32cube.ide.mcu.externaltools.gnu-tools-for-stm32.13.3.rel1.win32_1.0.0.202411081344/tools/bin/../lib/gcc/arm-none-eabi/13.3.1/../../../../arm-none-eabi/lib/thumb/v7-m/nofp\libc_nano.a(libc_a-memset.o)
                0x0800770a                memset
 *fill*         0x0800771a        0x2 
 .text.__libc_init_array
                0x0800771c       0x48 C:/ST/STM32CubeIDE_1.18.1/STM32CubeIDE/plugins/com.st.stm32cube.ide.mcu.externaltools.gnu-tools-for-stm32.13.3.rel1.win32_1.0.0.202411081344/tools/bin/../lib/gcc/arm-none-eabi/13.3.1/../../../../arm-none-eabi/lib/thumb/v7-m/nofp\libc_nano.a(libc_a-init.o)
                0x0800771c                __libc_init_array
 *(.glue_7)
 .glue_7        0x08007764        0x0 linker stubs
 *(.glue_7t)
 .glue_7t       0x08007764        0x0 linker stubs
 *(.eh_frame)
 .eh_frame      0x08007764        0x0 C:/ST/STM32CubeIDE_1.18.1/STM32CubeIDE/plugins/com.st.stm32cube.ide.mcu.externaltools.gnu-tools-for-stm32.13.3.rel1.win32_1.0.0.202411081344/tools/bin/../lib/gcc/arm-none-eabi/13.3.1/thumb/v7-m/nofp/crtbegin.o
 *(.init)
 .init          0x08007764        0x4 C:/ST/STM32CubeIDE_1.18.1/STM32CubeIDE/plugins/com.st.stm32cube.ide.mcu.externaltools.gnu-tools-for-stm32.13.3.rel1.win32_1.0.0.202411081344/tools/bin/../lib/gcc/arm-none-eabi/13.3.1/thumb/v7-m/nofp/crti.o
                0x08007764                _init
 .init          0x08007768        0x8 C:/ST/STM32CubeIDE_1.18.1/STM32CubeIDE/plugins/com.st.stm32cube.ide.mcu.externaltools.gnu-tools-for-stm32.13.3.rel1.win32_1.0.0.202411081344/tools/bin/../lib/gcc/arm-none-eabi/13.3.1/thumb/v7-m/nofp/crtn.o
 *(.fini)
 .fini          0x08007770        0x4 C:/ST/STM32CubeIDE_1.18.1/STM32CubeIDE/plugins/com.st.stm32cube.ide.mcu.externaltools.gnu-tools-for-stm32.13.3.rel1.win32_1.0.0.202411081344/tools/bin/../lib/gcc/arm-none-eabi/13.3.1/thumb/v7-m/nofp/crti.o
                0x08007770                _fini
 .fini          0x08007774        0x8 C:/ST/STM32CubeIDE_1.18.1/STM32CubeIDE/plugins/com.st.stm32cube.ide.mcu.externaltools.gnu-tools-for-stm32.13.3.rel1.win32_1.0.0.202411081344/tools/bin/../lib/gcc/arm-none-eabi/13.3.1/thumb/v7-m/nofp/crtn.o
                0x0800777c                        . = ALIGN (0x4)
                0x0800777c                        _etext = .

.vfp11_veneer   0x0800777c        0x0
 .vfp11_veneer  0x0800777c        0x0 linker stubs

.v4_bx          0x0800777c        0x0
 .v4_bx         0x0800777c        0x0 linker stubs

.iplt           0x0800777c        0x0
 .iplt          0x0800777c        0x0 C:/ST/STM32CubeIDE_1.18.1/STM32CubeIDE/plugins/com.st.stm32cube.ide.mcu.externaltools.gnu-tools-for-stm32.13.3.rel1.win32_1.0.0.202411081344/tools/bin/../lib/gcc/arm-none-eabi/13.3.1/thumb/v7-m/nofp/crtbegin.o

.rodata         0x0800777c       0x74
                0x0800777c                        . = ALIGN (0x4)
 *(.rodata)
 .rodata        0x0800777c        0x6 ./src/ap/ap.o
 *fill*         0x08007782        0x2 
 .rodata        0x08007784       0x46 ./src/lib/cube_f103/USB_DEVICE/App/usbd_desc.o
 *(.rodata*)
 *fill*         0x080077ca        0x2 
 .rodata.AHBPrescTable
                0x080077cc       0x10 ./src/bsp/system_stm32f1xx.o
                0x080077cc                AHBPrescTable
 .rodata.aPLLMULFactorTable.1
                0x080077dc       0x10 ./src/lib/cube_f103/Drivers/STM32F1xx_HAL_Driver/Src/stm32f1xx_hal_rcc.o
 .rodata.aPredivFactorTable.0
                0x080077ec        0x2 ./src/lib/cube_f103/Drivers/STM32F1xx_HAL_Driver/Src/stm32f1xx_hal_rcc.o
                0x080077f0                        . = ALIGN (0x4)
 *fill*         0x080077ee        0x2 

.ARM.extab      0x080077f0        0x0
                0x080077f0                        . = ALIGN (0x4)
 *(.ARM.extab* .gnu.linkonce.armextab.*)
                0x080077f0                        . = ALIGN (0x4)

.ARM            0x080077f0        0x0
                0x080077f0                        . = ALIGN (0x4)
                0x080077f0                        __exidx_start = .
 *(.ARM.exidx*)
                0x080077f0                        __exidx_end = .
                0x080077f0                        . = ALIGN (0x4)

.preinit_array  0x080077f0        0x0
                0x080077f0                        . = ALIGN (0x4)
                0x080077f0                        PROVIDE (__preinit_array_start = .)
 *(.preinit_array*)
                0x080077f0                        PROVIDE (__preinit_array_end = .)
                0x080077f0                        . = ALIGN (0x4)

.init_array     0x080077f0        0x4
                0x080077f0                        . = ALIGN (0x4)
                0x080077f0                        PROVIDE (__init_array_start = .)
 *(SORT_BY_NAME(.init_array.*))
 *(.init_array*)
 .init_array    0x080077f0        0x4 C:/ST/STM32CubeIDE_1.18.1/STM32CubeIDE/plugins/com.st.stm32cube.ide.mcu.externaltools.gnu-tools-for-stm32.13.3.rel1.win32_1.0.0.202411081344/tools/bin/../lib/gcc/arm-none-eabi/13.3.1/thumb/v7-m/nofp/crtbegin.o
                0x080077f4                        PROVIDE (__init_array_end = .)
                0x080077f4                        . = ALIGN (0x4)

.fini_array     0x080077f4        0x4
                0x080077f4                        . = ALIGN (0x4)
                [!provide]                        PROVIDE (__fini_array_start = .)
 *(SORT_BY_NAME(.fini_array.*))
 *(.fini_array*)
 .fini_array    0x080077f4        0x4 C:/ST/STM32CubeIDE_1.18.1/STM32CubeIDE/plugins/com.st.stm32cube.ide.mcu.externaltools.gnu-tools-for-stm32.13.3.rel1.win32_1.0.0.202411081344/tools/bin/../lib/gcc/arm-none-eabi/13.3.1/thumb/v7-m/nofp/crtbegin.o
                [!provide]                        PROVIDE (__fini_array_end = .)
                0x080077f8                        . = ALIGN (0x4)
                0x080077f8                        _sidata = LOADADDR (.data)

.rel.dyn        0x080077f8        0x0
 .rel.iplt      0x080077f8        0x0 C:/ST/STM32CubeIDE_1.18.1/STM32CubeIDE/plugins/com.st.stm32cube.ide.mcu.externaltools.gnu-tools-for-stm32.13.3.rel1.win32_1.0.0.202411081344/tools/bin/../lib/gcc/arm-none-eabi/13.3.1/thumb/v7-m/nofp/crtbegin.o

.data           0x20000000      0x184 load address 0x080077f8
                0x20000000                        . = ALIGN (0x4)
                0x20000000                        _sdata = .
 *(.data)
 *(.data*)
 .data.SystemCoreClock
                0x20000000        0x4 ./src/bsp/system_stm32f1xx.o
                0x20000000                SystemCoreClock
 .data.led_tbl  0x20000004        0x8 ./src/hw/driver/led.o
                0x20000004                led_tbl
 .data.uwTickPrio
                0x2000000c        0x4 ./src/lib/cube_f103/Drivers/STM32F1xx_HAL_Driver/Src/stm32f1xx_hal.o
                0x2000000c                uwTickPrio
 .data.uwTickFreq
                0x20000010        0x1 ./src/lib/cube_f103/Drivers/STM32F1xx_HAL_Driver/Src/stm32f1xx_hal.o
                0x20000010                uwTickFreq
 *fill*         0x20000011        0x3 
 .data.USBD_CDC_DeviceQualifierDesc
                0x20000014        0xa ./src/lib/cube_f103/Middlewares/ST/STM32_USB_Device_Library/Class/CDC/Src/usbd_cdc.o
 *fill*         0x2000001e        0x2 
 .data.USBD_CDC
                0x20000020       0x38 ./src/lib/cube_f103/Middlewares/ST/STM32_USB_Device_Library/Class/CDC/Src/usbd_cdc.o
                0x20000020                USBD_CDC
 .data.USBD_CDC_CfgHSDesc
                0x20000058       0x43 ./src/lib/cube_f103/Middlewares/ST/STM32_USB_Device_Library/Class/CDC/Src/usbd_cdc.o
                0x20000058                USBD_CDC_CfgHSDesc
 *fill*         0x2000009b        0x1 
 .data.USBD_CDC_CfgFSDesc
                0x2000009c       0x43 ./src/lib/cube_f103/Middlewares/ST/STM32_USB_Device_Library/Class/CDC/Src/usbd_cdc.o
                0x2000009c                USBD_CDC_CfgFSDesc
 *fill*         0x200000df        0x1 
 .data.USBD_CDC_OtherSpeedCfgDesc
                0x200000e0       0x43 ./src/lib/cube_f103/Middlewares/ST/STM32_USB_Device_Library/Class/CDC/Src/usbd_cdc.o
                0x200000e0                USBD_CDC_OtherSpeedCfgDesc
 *fill*         0x20000123        0x1 
 .data.USBD_Interface_fops_FS
                0x20000124       0x10 ./src/lib/cube_f103/USB_DEVICE/App/usbd_cdc_if.o
                0x20000124                USBD_Interface_fops_FS
 .data.FS_Desc  0x20000134       0x1c ./src/lib/cube_f103/USB_DEVICE/App/usbd_desc.o
                0x20000134                FS_Desc
 .data.USBD_FS_DeviceDesc
                0x20000150       0x12 ./src/lib/cube_f103/USB_DEVICE/App/usbd_desc.o
                0x20000150                USBD_FS_DeviceDesc
 *fill*         0x20000162        0x2 
 .data.USBD_LangIDDesc
                0x20000164        0x4 ./src/lib/cube_f103/USB_DEVICE/App/usbd_desc.o
                0x20000164                USBD_LangIDDesc
 .data.USBD_StringSerial
                0x20000168       0x1a ./src/lib/cube_f103/USB_DEVICE/App/usbd_desc.o
                0x20000168                USBD_StringSerial
 *(.RamFunc)
 *(.RamFunc*)
                0x20000184                        . = ALIGN (0x4)
 *fill*         0x20000182        0x2 
                0x20000184                        _edata = .

.igot.plt       0x20000184        0x0 load address 0x0800797c
 .igot.plt      0x20000184        0x0 C:/ST/STM32CubeIDE_1.18.1/STM32CubeIDE/plugins/com.st.stm32cube.ide.mcu.externaltools.gnu-tools-for-stm32.13.3.rel1.win32_1.0.0.202411081344/tools/bin/../lib/gcc/arm-none-eabi/13.3.1/thumb/v7-m/nofp/crtbegin.o
                0x20000184                        . = ALIGN (0x4)

.bss            0x20000184      0xde0 load address 0x0800797c
                0x20000184                        _sbss = .
                0x20000184                        __bss_start__ = _sbss
 *(.bss)
 .bss           0x20000184       0x1c C:/ST/STM32CubeIDE_1.18.1/STM32CubeIDE/plugins/com.st.stm32cube.ide.mcu.externaltools.gnu-tools-for-stm32.13.3.rel1.win32_1.0.0.202411081344/tools/bin/../lib/gcc/arm-none-eabi/13.3.1/thumb/v7-m/nofp/crtbegin.o
 *(.bss*)
 .bss.uwTick    0x200001a0        0x4 ./src/lib/cube_f103/Drivers/STM32F1xx_HAL_Driver/Src/stm32f1xx_hal.o
                0x200001a0                uwTick
 .bss.cfgidx.0  0x200001a4        0x1 ./src/lib/cube_f103/Middlewares/ST/STM32_USB_Device_Library/Core/Src/usbd_ctlreq.o
 *fill*         0x200001a5        0x3 
 .bss.hUsbDeviceFS
                0x200001a8      0x2c4 ./src/lib/cube_f103/USB_DEVICE/App/usb_device.o
                0x200001a8                hUsbDeviceFS
 .bss.UserRxBufferFS
                0x2000046c      0x200 ./src/lib/cube_f103/USB_DEVICE/App/usbd_cdc_if.o
                0x2000046c                UserRxBufferFS
 .bss.UserTxBufferFS
                0x2000066c      0x200 ./src/lib/cube_f103/USB_DEVICE/App/usbd_cdc_if.o
                0x2000066c                UserTxBufferFS
 .bss.USBD_StrDesc
                0x2000086c      0x200 ./src/lib/cube_f103/USB_DEVICE/App/usbd_desc.o
                0x2000086c                USBD_StrDesc
 .bss.hpcd_USB_FS
                0x20000a6c      0x2d8 ./src/lib/cube_f103/USB_DEVICE/Target/usbd_conf.o
                0x20000a6c                hpcd_USB_FS
 .bss.mem.0     0x20000d44      0x220 ./src/lib/cube_f103/USB_DEVICE/Target/usbd_conf.o
 *(COMMON)
                0x20000f64                        . = ALIGN (0x4)
                0x20000f64                        _ebss = .
                0x20000f64                        __bss_end__ = _ebss

._user_heap_stack
                0x20000f64      0x604 load address 0x0800797c
                0x20000f68                        . = ALIGN (0x8)
 *fill*         0x20000f64        0x4 
                [!provide]                        PROVIDE (end = .)
                0x20000f68                        PROVIDE (_end = .)
                0x20001168                        . = (. + _Min_Heap_Size)
 *fill*         0x20000f68      0x200 
                0x20001568                        . = (. + _Min_Stack_Size)
 *fill*         0x20001168      0x400 
                0x20001568                        . = ALIGN (0x8)

/DISCARD/
 libc.a(*)
 libm.a(*)
 libgcc.a(*)

.ARM.attributes
                0x00000000       0x29
 *(.ARM.attributes)
 .ARM.attributes
                0x00000000       0x1d C:/ST/STM32CubeIDE_1.18.1/STM32CubeIDE/plugins/com.st.stm32cube.ide.mcu.externaltools.gnu-tools-for-stm32.13.3.rel1.win32_1.0.0.202411081344/tools/bin/../lib/gcc/arm-none-eabi/13.3.1/thumb/v7-m/nofp/crti.o
 .ARM.attributes
                0x0000001d       0x2d C:/ST/STM32CubeIDE_1.18.1/STM32CubeIDE/plugins/com.st.stm32cube.ide.mcu.externaltools.gnu-tools-for-stm32.13.3.rel1.win32_1.0.0.202411081344/tools/bin/../lib/gcc/arm-none-eabi/13.3.1/thumb/v7-m/nofp/crtbegin.o
 .ARM.attributes
                0x0000004a       0x2d ./src/ap/ap.o
 .ARM.attributes
                0x00000077       0x2d ./src/bsp/bsp.o
 .ARM.attributes
                0x000000a4       0x2d ./src/bsp/stm32f1xx_hal_msp.o
 .ARM.attributes
                0x000000d1       0x2d ./src/bsp/stm32f1xx_it.o
 .ARM.attributes
                0x000000fe       0x2d ./src/bsp/system_stm32f1xx.o
 .ARM.attributes
                0x0000012b       0x21 ./src/bsp/startup/startup_stm32f103c8tx.o
 .ARM.attributes
                0x0000014c       0x2d ./src/hw/driver/led.o
 .ARM.attributes
                0x00000179       0x2d ./src/hw/hw.o
 .ARM.attributes
                0x000001a6       0x2d ./src/lib/cube_f103/Drivers/STM32F1xx_HAL_Driver/Src/stm32f1xx_hal.o
 .ARM.attributes
                0x000001d3       0x2d ./src/lib/cube_f103/Drivers/STM32F1xx_HAL_Driver/Src/stm32f1xx_hal_cortex.o
 .ARM.attributes
                0x00000200       0x2d ./src/lib/cube_f103/Drivers/STM32F1xx_HAL_Driver/Src/stm32f1xx_hal_gpio.o
 .ARM.attributes
                0x0000022d       0x2d ./src/lib/cube_f103/Drivers/STM32F1xx_HAL_Driver/Src/stm32f1xx_hal_pcd.o
 .ARM.attributes
                0x0000025a       0x2d ./src/lib/cube_f103/Drivers/STM32F1xx_HAL_Driver/Src/stm32f1xx_hal_pcd_ex.o
 .ARM.attributes
                0x00000287       0x2d ./src/lib/cube_f103/Drivers/STM32F1xx_HAL_Driver/Src/stm32f1xx_hal_rcc.o
 .ARM.attributes
                0x000002b4       0x2d ./src/lib/cube_f103/Drivers/STM32F1xx_HAL_Driver/Src/stm32f1xx_hal_rcc_ex.o
 .ARM.attributes
                0x000002e1       0x2d ./src/lib/cube_f103/Drivers/STM32F1xx_HAL_Driver/Src/stm32f1xx_ll_usb.o
 .ARM.attributes
                0x0000030e       0x2d ./src/lib/cube_f103/Middlewares/ST/STM32_USB_Device_Library/Class/CDC/Src/usbd_cdc.o
 .ARM.attributes
                0x0000033b       0x2d ./src/lib/cube_f103/Middlewares/ST/STM32_USB_Device_Library/Core/Src/usbd_core.o
 .ARM.attributes
                0x00000368       0x2d ./src/lib/cube_f103/Middlewares/ST/STM32_USB_Device_Library/Core/Src/usbd_ctlreq.o
 .ARM.attributes
                0x00000395       0x2d ./src/lib/cube_f103/Middlewares/ST/STM32_USB_Device_Library/Core/Src/usbd_ioreq.o
 .ARM.attributes
                0x000003c2       0x2d ./src/lib/cube_f103/USB_DEVICE/App/usb_device.o
 .ARM.attributes
                0x000003ef       0x2d ./src/lib/cube_f103/USB_DEVICE/App/usbd_cdc_if.o
 .ARM.attributes
                0x0000041c       0x2d ./src/lib/cube_f103/USB_DEVICE/App/usbd_desc.o
 .ARM.attributes
                0x00000449       0x2d ./src/lib/cube_f103/USB_DEVICE/Target/usbd_conf.o
 .ARM.attributes
                0x00000476       0x2d ./src/main.o
 .ARM.attributes
                0x000004a3       0x2d C:/ST/STM32CubeIDE_1.18.1/STM32CubeIDE/plugins/com.st.stm32cube.ide.mcu.externaltools.gnu-tools-for-stm32.13.3.rel1.win32_1.0.0.202411081344/tools/bin/../lib/gcc/arm-none-eabi/13.3.1/../../../../arm-none-eabi/lib/thumb/v7-m/nofp\libc_nano.a(libc_a-memset.o)
 .ARM.attributes
                0x000004d0       0x2d C:/ST/STM32CubeIDE_1.18.1/STM32CubeIDE/plugins/com.st.stm32cube.ide.mcu.externaltools.gnu-tools-for-stm32.13.3.rel1.win32_1.0.0.202411081344/tools/bin/../lib/gcc/arm-none-eabi/13.3.1/../../../../arm-none-eabi/lib/thumb/v7-m/nofp\libc_nano.a(libc_a-init.o)
 .ARM.attributes
                0x000004fd       0x1d C:/ST/STM32CubeIDE_1.18.1/STM32CubeIDE/plugins/com.st.stm32cube.ide.mcu.externaltools.gnu-tools-for-stm32.13.3.rel1.win32_1.0.0.202411081344/tools/bin/../lib/gcc/arm-none-eabi/13.3.1/thumb/v7-m/nofp/crtn.o
OUTPUT(stm32f103_fw.elf elf32-littlearm)
LOAD linker stubs
LOAD C:/ST/STM32CubeIDE_1.18.1/STM32CubeIDE/plugins/com.st.stm32cube.ide.mcu.externaltools.gnu-tools-for-stm32.13.3.rel1.win32_1.0.0.202411081344/tools/bin/../lib/gcc/arm-none-eabi/13.3.1/../../../../arm-none-eabi/lib/thumb/v7-m/nofp\libc.a
LOAD C:/ST/STM32CubeIDE_1.18.1/STM32CubeIDE/plugins/com.st.stm32cube.ide.mcu.externaltools.gnu-tools-for-stm32.13.3.rel1.win32_1.0.0.202411081344/tools/bin/../lib/gcc/arm-none-eabi/13.3.1/../../../../arm-none-eabi/lib/thumb/v7-m/nofp\libm.a
LOAD C:/ST/STM32CubeIDE_1.18.1/STM32CubeIDE/plugins/com.st.stm32cube.ide.mcu.externaltools.gnu-tools-for-stm32.13.3.rel1.win32_1.0.0.202411081344/tools/bin/../lib/gcc/arm-none-eabi/13.3.1/thumb/v7-m/nofp\libgcc.a

.debug_info     0x00000000     0xc331
 .debug_info    0x00000000      0x124 ./src/ap/ap.o
 .debug_info    0x00000124      0x56a ./src/bsp/bsp.o
 .debug_info    0x0000068e      0x1f8 ./src/bsp/stm32f1xx_hal_msp.o
 .debug_info    0x00000886      0x609 ./src/bsp/stm32f1xx_it.o
 .debug_info    0x00000e8f      0x21b ./src/bsp/system_stm32f1xx.o
 .debug_info    0x000010aa       0x30 ./src/bsp/startup/startup_stm32f103c8tx.o
 .debug_info    0x000010da      0x3c1 ./src/hw/driver/led.o
 .debug_info    0x0000149b       0xac ./src/hw/hw.o
 .debug_info    0x00001547      0x704 ./src/lib/cube_f103/Drivers/STM32F1xx_HAL_Driver/Src/stm32f1xx_hal.o
 .debug_info    0x00001c4b      0xa87 ./src/lib/cube_f103/Drivers/STM32F1xx_HAL_Driver/Src/stm32f1xx_hal_cortex.o
 .debug_info    0x000026d2      0x5ab ./src/lib/cube_f103/Drivers/STM32F1xx_HAL_Driver/Src/stm32f1xx_hal_gpio.o
 .debug_info    0x00002c7d     0x16dc ./src/lib/cube_f103/Drivers/STM32F1xx_HAL_Driver/Src/stm32f1xx_hal_pcd.o
 .debug_info    0x00004359      0x6c3 ./src/lib/cube_f103/Drivers/STM32F1xx_HAL_Driver/Src/stm32f1xx_hal_pcd_ex.o
 .debug_info    0x00004a1c      0x7d5 ./src/lib/cube_f103/Drivers/STM32F1xx_HAL_Driver/Src/stm32f1xx_hal_rcc.o
 .debug_info    0x000051f1      0x3c0 ./src/lib/cube_f103/Drivers/STM32F1xx_HAL_Driver/Src/stm32f1xx_hal_rcc_ex.o
 .debug_info    0x000055b1     0x17ae ./src/lib/cube_f103/Drivers/STM32F1xx_HAL_Driver/Src/stm32f1xx_ll_usb.o
 .debug_info    0x00006d5f     0x1043 ./src/lib/cube_f103/Middlewares/ST/STM32_USB_Device_Library/Class/CDC/Src/usbd_cdc.o
 .debug_info    0x00007da2      0xa52 ./src/lib/cube_f103/Middlewares/ST/STM32_USB_Device_Library/Core/Src/usbd_core.o
 .debug_info    0x000087f4      0x91c ./src/lib/cube_f103/Middlewares/ST/STM32_USB_Device_Library/Core/Src/usbd_ctlreq.o
 .debug_info    0x00009110      0x6a0 ./src/lib/cube_f103/Middlewares/ST/STM32_USB_Device_Library/Core/Src/usbd_ioreq.o
 .debug_info    0x000097b0      0x63d ./src/lib/cube_f103/USB_DEVICE/App/usb_device.o
 .debug_info    0x00009ded      0x7ec ./src/lib/cube_f103/USB_DEVICE/App/usbd_cdc_if.o
 .debug_info    0x0000a5d9      0x44a ./src/lib/cube_f103/USB_DEVICE/App/usbd_desc.o
 .debug_info    0x0000aa23     0x1864 ./src/lib/cube_f103/USB_DEVICE/Target/usbd_conf.o
 .debug_info    0x0000c287       0xaa ./src/main.o

.debug_abbrev   0x00000000     0x2c57
 .debug_abbrev  0x00000000       0xc2 ./src/ap/ap.o
 .debug_abbrev  0x000000c2      0x201 ./src/bsp/bsp.o
 .debug_abbrev  0x000002c3       0xdb ./src/bsp/stm32f1xx_hal_msp.o
 .debug_abbrev  0x0000039e      0x192 ./src/bsp/stm32f1xx_it.o
 .debug_abbrev  0x00000530      0x13f ./src/bsp/system_stm32f1xx.o
 .debug_abbrev  0x0000066f       0x24 ./src/bsp/startup/startup_stm32f103c8tx.o
 .debug_abbrev  0x00000693      0x1a8 ./src/hw/driver/led.o
 .debug_abbrev  0x0000083b       0x6d ./src/hw/hw.o
 .debug_abbrev  0x000008a8      0x201 ./src/lib/cube_f103/Drivers/STM32F1xx_HAL_Driver/Src/stm32f1xx_hal.o
 .debug_abbrev  0x00000aa9      0x2f8 ./src/lib/cube_f103/Drivers/STM32F1xx_HAL_Driver/Src/stm32f1xx_hal_cortex.o
 .debug_abbrev  0x00000da1      0x1ca ./src/lib/cube_f103/Drivers/STM32F1xx_HAL_Driver/Src/stm32f1xx_hal_gpio.o
 .debug_abbrev  0x00000f6b      0x2d6 ./src/lib/cube_f103/Drivers/STM32F1xx_HAL_Driver/Src/stm32f1xx_hal_pcd.o
 .debug_abbrev  0x00001241      0x189 ./src/lib/cube_f103/Drivers/STM32F1xx_HAL_Driver/Src/stm32f1xx_hal_pcd_ex.o
 .debug_abbrev  0x000013ca      0x2b3 ./src/lib/cube_f103/Drivers/STM32F1xx_HAL_Driver/Src/stm32f1xx_hal_rcc.o
 .debug_abbrev  0x0000167d      0x188 ./src/lib/cube_f103/Drivers/STM32F1xx_HAL_Driver/Src/stm32f1xx_hal_rcc_ex.o
 .debug_abbrev  0x00001805      0x1de ./src/lib/cube_f103/Drivers/STM32F1xx_HAL_Driver/Src/stm32f1xx_ll_usb.o
 .debug_abbrev  0x000019e3      0x2d3 ./src/lib/cube_f103/Middlewares/ST/STM32_USB_Device_Library/Class/CDC/Src/usbd_cdc.o
 .debug_abbrev  0x00001cb6      0x24a ./src/lib/cube_f103/Middlewares/ST/STM32_USB_Device_Library/Core/Src/usbd_core.o
 .debug_abbrev  0x00001f00      0x26b ./src/lib/cube_f103/Middlewares/ST/STM32_USB_Device_Library/Core/Src/usbd_ctlreq.o
 .debug_abbrev  0x0000216b      0x192 ./src/lib/cube_f103/Middlewares/ST/STM32_USB_Device_Library/Core/Src/usbd_ioreq.o
 .debug_abbrev  0x000022fd      0x18d ./src/lib/cube_f103/USB_DEVICE/App/usb_device.o
 .debug_abbrev  0x0000248a      0x25d ./src/lib/cube_f103/USB_DEVICE/App/usbd_cdc_if.o
 .debug_abbrev  0x000026e7      0x1ff ./src/lib/cube_f103/USB_DEVICE/App/usbd_desc.o
 .debug_abbrev  0x000028e6      0x316 ./src/lib/cube_f103/USB_DEVICE/Target/usbd_conf.o
 .debug_abbrev  0x00002bfc       0x5b ./src/main.o

.debug_aranges  0x00000000      0xb18
 .debug_aranges
                0x00000000       0x28 ./src/ap/ap.o
 .debug_aranges
                0x00000028       0x40 ./src/bsp/bsp.o
 .debug_aranges
                0x00000068       0x20 ./src/bsp/stm32f1xx_hal_msp.o
 .debug_aranges
                0x00000088       0x68 ./src/bsp/stm32f1xx_it.o
 .debug_aranges
                0x000000f0       0x28 ./src/bsp/system_stm32f1xx.o
 .debug_aranges
                0x00000118       0x28 ./src/bsp/startup/startup_stm32f103c8tx.o
 .debug_aranges
                0x00000140       0x38 ./src/hw/driver/led.o
 .debug_aranges
                0x00000178       0x20 ./src/hw/hw.o
 .debug_aranges
                0x00000198       0xe0 ./src/lib/cube_f103/Drivers/STM32F1xx_HAL_Driver/Src/stm32f1xx_hal.o
 .debug_aranges
                0x00000278      0x100 ./src/lib/cube_f103/Drivers/STM32F1xx_HAL_Driver/Src/stm32f1xx_hal_cortex.o
 .debug_aranges
                0x00000378       0x58 ./src/lib/cube_f103/Drivers/STM32F1xx_HAL_Driver/Src/stm32f1xx_hal_gpio.o
 .debug_aranges
                0x000003d0      0x140 ./src/lib/cube_f103/Drivers/STM32F1xx_HAL_Driver/Src/stm32f1xx_hal_pcd.o
 .debug_aranges
                0x00000510       0x38 ./src/lib/cube_f103/Drivers/STM32F1xx_HAL_Driver/Src/stm32f1xx_hal_pcd_ex.o
 .debug_aranges
                0x00000548       0x90 ./src/lib/cube_f103/Drivers/STM32F1xx_HAL_Driver/Src/stm32f1xx_hal_rcc.o
 .debug_aranges
                0x000005d8       0x30 ./src/lib/cube_f103/Drivers/STM32F1xx_HAL_Driver/Src/stm32f1xx_hal_rcc_ex.o
 .debug_aranges
                0x00000608       0xf8 ./src/lib/cube_f103/Drivers/STM32F1xx_HAL_Driver/Src/stm32f1xx_ll_usb.o
 .debug_aranges
                0x00000700       0x90 ./src/lib/cube_f103/Middlewares/ST/STM32_USB_Device_Library/Class/CDC/Src/usbd_cdc.o
 .debug_aranges
                0x00000790       0xb8 ./src/lib/cube_f103/Middlewares/ST/STM32_USB_Device_Library/Core/Src/usbd_core.o
 .debug_aranges
                0x00000848       0x88 ./src/lib/cube_f103/Middlewares/ST/STM32_USB_Device_Library/Core/Src/usbd_ctlreq.o
 .debug_aranges
                0x000008d0       0x50 ./src/lib/cube_f103/Middlewares/ST/STM32_USB_Device_Library/Core/Src/usbd_ioreq.o
 .debug_aranges
                0x00000920       0x20 ./src/lib/cube_f103/USB_DEVICE/App/usb_device.o
 .debug_aranges
                0x00000940       0x40 ./src/lib/cube_f103/USB_DEVICE/App/usbd_cdc_if.o
 .debug_aranges
                0x00000980       0x60 ./src/lib/cube_f103/USB_DEVICE/App/usbd_desc.o
 .debug_aranges
                0x000009e0      0x118 ./src/lib/cube_f103/USB_DEVICE/Target/usbd_conf.o
 .debug_aranges
                0x00000af8       0x20 ./src/main.o

.debug_rnglists
                0x00000000      0x804
 .debug_rnglists
                0x00000000       0x19 ./src/ap/ap.o
 .debug_rnglists
                0x00000019       0x2d ./src/bsp/bsp.o
 .debug_rnglists
                0x00000046       0x13 ./src/bsp/stm32f1xx_hal_msp.o
 .debug_rnglists
                0x00000059       0x49 ./src/bsp/stm32f1xx_it.o
 .debug_rnglists
                0x000000a2       0x1a ./src/bsp/system_stm32f1xx.o
 .debug_rnglists
                0x000000bc       0x19 ./src/bsp/startup/startup_stm32f103c8tx.o
 .debug_rnglists
                0x000000d5       0x26 ./src/hw/driver/led.o
 .debug_rnglists
                0x000000fb       0x13 ./src/hw/hw.o
 .debug_rnglists
                0x0000010e       0xa3 ./src/lib/cube_f103/Drivers/STM32F1xx_HAL_Driver/Src/stm32f1xx_hal.o
 .debug_rnglists
                0x000001b1       0xbb ./src/lib/cube_f103/Drivers/STM32F1xx_HAL_Driver/Src/stm32f1xx_hal_cortex.o
 .debug_rnglists
                0x0000026c       0x3f ./src/lib/cube_f103/Drivers/STM32F1xx_HAL_Driver/Src/stm32f1xx_hal_gpio.o
 .debug_rnglists
                0x000002ab       0xf4 ./src/lib/cube_f103/Drivers/STM32F1xx_HAL_Driver/Src/stm32f1xx_hal_pcd.o
 .debug_rnglists
                0x0000039f       0x26 ./src/lib/cube_f103/Drivers/STM32F1xx_HAL_Driver/Src/stm32f1xx_hal_pcd_ex.o
 .debug_rnglists
                0x000003c5       0x6c ./src/lib/cube_f103/Drivers/STM32F1xx_HAL_Driver/Src/stm32f1xx_hal_rcc.o
 .debug_rnglists
                0x00000431       0x21 ./src/lib/cube_f103/Drivers/STM32F1xx_HAL_Driver/Src/stm32f1xx_hal_rcc_ex.o
 .debug_rnglists
                0x00000452       0xbd ./src/lib/cube_f103/Drivers/STM32F1xx_HAL_Driver/Src/stm32f1xx_ll_usb.o
 .debug_rnglists
                0x0000050f       0x6a ./src/lib/cube_f103/Middlewares/ST/STM32_USB_Device_Library/Class/CDC/Src/usbd_cdc.o
 .debug_rnglists
                0x00000579       0x89 ./src/lib/cube_f103/Middlewares/ST/STM32_USB_Device_Library/Core/Src/usbd_core.o
 .debug_rnglists
                0x00000602       0x68 ./src/lib/cube_f103/Middlewares/ST/STM32_USB_Device_Library/Core/Src/usbd_ctlreq.o
 .debug_rnglists
                0x0000066a       0x37 ./src/lib/cube_f103/Middlewares/ST/STM32_USB_Device_Library/Core/Src/usbd_ioreq.o
 .debug_rnglists
                0x000006a1       0x13 ./src/lib/cube_f103/USB_DEVICE/App/usb_device.o
 .debug_rnglists
                0x000006b4       0x2c ./src/lib/cube_f103/USB_DEVICE/App/usbd_cdc_if.o
 .debug_rnglists
                0x000006e0       0x43 ./src/lib/cube_f103/USB_DEVICE/App/usbd_desc.o
 .debug_rnglists
                0x00000723       0xce ./src/lib/cube_f103/USB_DEVICE/Target/usbd_conf.o
 .debug_rnglists
                0x000007f1       0x13 ./src/main.o

.debug_macro    0x00000000    0x19fe5
 .debug_macro   0x00000000      0x2ce ./src/ap/ap.o
 .debug_macro   0x000002ce      0xac0 ./src/ap/ap.o
 .debug_macro   0x00000d8e       0x22 ./src/ap/ap.o
 .debug_macro   0x00000db0       0x5b ./src/ap/ap.o
 .debug_macro   0x00000e0b       0x24 ./src/ap/ap.o
 .debug_macro   0x00000e2f       0x94 ./src/ap/ap.o
 .debug_macro   0x00000ec3       0x43 ./src/ap/ap.o
 .debug_macro   0x00000f06       0x34 ./src/ap/ap.o
 .debug_macro   0x00000f3a       0x16 ./src/ap/ap.o
 .debug_macro   0x00000f50       0x57 ./src/ap/ap.o
 .debug_macro   0x00000fa7       0x9e ./src/ap/ap.o
 .debug_macro   0x00001045      0x370 ./src/ap/ap.o
 .debug_macro   0x000013b5      0x112 ./src/ap/ap.o
 .debug_macro   0x000014c7       0x10 ./src/ap/ap.o
 .debug_macro   0x000014d7       0x16 ./src/ap/ap.o
 .debug_macro   0x000014ed       0x4a ./src/ap/ap.o
 .debug_macro   0x00001537       0x34 ./src/ap/ap.o
 .debug_macro   0x0000156b       0x10 ./src/ap/ap.o
 .debug_macro   0x0000157b       0x58 ./src/ap/ap.o
 .debug_macro   0x000015d3       0x8e ./src/ap/ap.o
 .debug_macro   0x00001661       0x1c ./src/ap/ap.o
 .debug_macro   0x0000167d      0x185 ./src/ap/ap.o
 .debug_macro   0x00001802       0x16 ./src/ap/ap.o
 .debug_macro   0x00001818       0x16 ./src/ap/ap.o
 .debug_macro   0x0000182e      0x146 ./src/ap/ap.o
 .debug_macro   0x00001974      0x103 ./src/ap/ap.o
 .debug_macro   0x00001a77       0x6a ./src/ap/ap.o
 .debug_macro   0x00001ae1      0x1df ./src/ap/ap.o
 .debug_macro   0x00001cc0       0x22 ./src/ap/ap.o
 .debug_macro   0x00001ce2       0x1c ./src/ap/ap.o
 .debug_macro   0x00001cfe      0x215 ./src/ap/ap.o
 .debug_macro   0x00001f13       0x2e ./src/ap/ap.o
 .debug_macro   0x00001f41       0x22 ./src/ap/ap.o
 .debug_macro   0x00001f63       0x1c ./src/ap/ap.o
 .debug_macro   0x00001f7f       0x22 ./src/ap/ap.o
 .debug_macro   0x00001fa1       0xbd ./src/ap/ap.o
 .debug_macro   0x0000205e      0xd23 ./src/ap/ap.o
 .debug_macro   0x00002d81     0xe09e ./src/ap/ap.o
 .debug_macro   0x00010e1f       0x6d ./src/ap/ap.o
 .debug_macro   0x00010e8c     0x34a2 ./src/ap/ap.o
 .debug_macro   0x0001432e       0x56 ./src/ap/ap.o
 .debug_macro   0x00014384      0x5bc ./src/ap/ap.o
 .debug_macro   0x00014940      0x289 ./src/ap/ap.o
 .debug_macro   0x00014bc9      0x1cb ./src/ap/ap.o
 .debug_macro   0x00014d94      0x114 ./src/ap/ap.o
 .debug_macro   0x00014ea8      0x1b2 ./src/ap/ap.o
 .debug_macro   0x0001505a       0x27 ./src/ap/ap.o
 .debug_macro   0x00015081      0x136 ./src/ap/ap.o
 .debug_macro   0x000151b7      0x1bc ./src/ap/ap.o
 .debug_macro   0x00015373       0x34 ./src/ap/ap.o
 .debug_macro   0x000153a7       0x3c ./src/ap/ap.o
 .debug_macro   0x000153e3       0x57 ./src/ap/ap.o
 .debug_macro   0x0001543a       0x87 ./src/ap/ap.o
 .debug_macro   0x000154c1      0x240 ./src/ap/ap.o
 .debug_macro   0x00015701      0x140 ./src/ap/ap.o
 .debug_macro   0x00015841       0xb7 ./src/ap/ap.o
 .debug_macro   0x000158f8      0x242 ./src/ap/ap.o
 .debug_macro   0x00015b3a       0x83 ./src/ap/ap.o
 .debug_macro   0x00015bbd       0x10 ./src/ap/ap.o
 .debug_macro   0x00015bcd      0x368 ./src/bsp/bsp.o
 .debug_macro   0x00015f35       0x16 ./src/bsp/bsp.o
 .debug_macro   0x00015f4b       0x3c ./src/bsp/bsp.o
 .debug_macro   0x00015f87       0x16 ./src/bsp/bsp.o
 .debug_macro   0x00015f9d       0x29 ./src/bsp/bsp.o
 .debug_macro   0x00015fc6       0x16 ./src/bsp/bsp.o
 .debug_macro   0x00015fdc       0x20 ./src/bsp/bsp.o
 .debug_macro   0x00015ffc       0x5f ./src/bsp/bsp.o
 .debug_macro   0x0001605b      0x1c8 ./src/bsp/bsp.o
 .debug_macro   0x00016223      0x2d8 ./src/bsp/stm32f1xx_hal_msp.o
 .debug_macro   0x000164fb      0x2e2 ./src/bsp/stm32f1xx_it.o
 .debug_macro   0x000167dd       0xc8 ./src/bsp/system_stm32f1xx.o
 .debug_macro   0x000168a5       0x8e ./src/bsp/system_stm32f1xx.o
 .debug_macro   0x00016933       0x51 ./src/bsp/system_stm32f1xx.o
 .debug_macro   0x00016984      0x2b6 ./src/hw/driver/led.o
 .debug_macro   0x00016c3a      0x2c4 ./src/hw/hw.o
 .debug_macro   0x00016efe      0x1c7 ./src/lib/cube_f103/Drivers/STM32F1xx_HAL_Driver/Src/stm32f1xx_hal.o
 .debug_macro   0x000170c5       0x5c ./src/lib/cube_f103/Drivers/STM32F1xx_HAL_Driver/Src/stm32f1xx_hal.o
 .debug_macro   0x00017121      0x1a3 ./src/lib/cube_f103/Drivers/STM32F1xx_HAL_Driver/Src/stm32f1xx_hal_cortex.o
 .debug_macro   0x000172c4      0x20e ./src/lib/cube_f103/Drivers/STM32F1xx_HAL_Driver/Src/stm32f1xx_hal_gpio.o
 .debug_macro   0x000174d2      0x1af ./src/lib/cube_f103/Drivers/STM32F1xx_HAL_Driver/Src/stm32f1xx_hal_pcd.o
 .debug_macro   0x00017681      0x1a3 ./src/lib/cube_f103/Drivers/STM32F1xx_HAL_Driver/Src/stm32f1xx_hal_pcd_ex.o
 .debug_macro   0x00017824      0x1b5 ./src/lib/cube_f103/Drivers/STM32F1xx_HAL_Driver/Src/stm32f1xx_hal_rcc.o
 .debug_macro   0x000179d9      0x1a3 ./src/lib/cube_f103/Drivers/STM32F1xx_HAL_Driver/Src/stm32f1xx_hal_rcc_ex.o
 .debug_macro   0x00017b7c      0x1a3 ./src/lib/cube_f103/Drivers/STM32F1xx_HAL_Driver/Src/stm32f1xx_ll_usb.o
 .debug_macro   0x00017d1f      0x395 ./src/lib/cube_f103/Middlewares/ST/STM32_USB_Device_Library/Class/CDC/Src/usbd_cdc.o
 .debug_macro   0x000180b4       0x8f ./src/lib/cube_f103/Middlewares/ST/STM32_USB_Device_Library/Class/CDC/Src/usbd_cdc.o
 .debug_macro   0x00018143      0x37c ./src/lib/cube_f103/Middlewares/ST/STM32_USB_Device_Library/Core/Src/usbd_core.o
 .debug_macro   0x000184bf      0x1ce ./src/lib/cube_f103/Middlewares/ST/STM32_USB_Device_Library/Core/Src/usbd_core.o
 .debug_macro   0x0001868d      0x386 ./src/lib/cube_f103/Middlewares/ST/STM32_USB_Device_Library/Core/Src/usbd_ctlreq.o
 .debug_macro   0x00018a13      0x382 ./src/lib/cube_f103/Middlewares/ST/STM32_USB_Device_Library/Core/Src/usbd_ioreq.o
 .debug_macro   0x00018d95      0x3bb ./src/lib/cube_f103/USB_DEVICE/App/usb_device.o
 .debug_macro   0x00019150       0x61 ./src/lib/cube_f103/USB_DEVICE/App/usb_device.o
 .debug_macro   0x000191b1       0x22 ./src/lib/cube_f103/USB_DEVICE/App/usb_device.o
 .debug_macro   0x000191d3       0x16 ./src/lib/cube_f103/USB_DEVICE/App/usb_device.o
 .debug_macro   0x000191e9      0x3a0 ./src/lib/cube_f103/USB_DEVICE/App/usbd_cdc_if.o
 .debug_macro   0x00019589       0x10 ./src/lib/cube_f103/USB_DEVICE/App/usbd_cdc_if.o
 .debug_macro   0x00019599      0x3b9 ./src/lib/cube_f103/USB_DEVICE/App/usbd_desc.o
 .debug_macro   0x00019952       0x1c ./src/lib/cube_f103/USB_DEVICE/App/usbd_desc.o
 .debug_macro   0x0001996e      0x39f ./src/lib/cube_f103/USB_DEVICE/Target/usbd_conf.o
 .debug_macro   0x00019d0d      0x2d8 ./src/main.o

.debug_line     0x00000000    0x130f4
 .debug_line    0x00000000      0xa0b ./src/ap/ap.o
 .debug_line    0x00000a0b      0xcaa ./src/bsp/bsp.o
 .debug_line    0x000016b5      0xa62 ./src/bsp/stm32f1xx_hal_msp.o
 .debug_line    0x00002117      0xb28 ./src/bsp/stm32f1xx_it.o
 .debug_line    0x00002c3f      0x5c5 ./src/bsp/system_stm32f1xx.o
 .debug_line    0x00003204       0x78 ./src/bsp/startup/startup_stm32f103c8tx.o
 .debug_line    0x0000327c      0xa72 ./src/hw/driver/led.o
 .debug_line    0x00003cee      0x9f8 ./src/hw/hw.o
 .debug_line    0x000046e6      0xaa8 ./src/lib/cube_f103/Drivers/STM32F1xx_HAL_Driver/Src/stm32f1xx_hal.o
 .debug_line    0x0000518e      0xc72 ./src/lib/cube_f103/Drivers/STM32F1xx_HAL_Driver/Src/stm32f1xx_hal_cortex.o
 .debug_line    0x00005e00      0xb05 ./src/lib/cube_f103/Drivers/STM32F1xx_HAL_Driver/Src/stm32f1xx_hal_gpio.o
 .debug_line    0x00006905     0x142d ./src/lib/cube_f103/Drivers/STM32F1xx_HAL_Driver/Src/stm32f1xx_hal_pcd.o
 .debug_line    0x00007d32      0x872 ./src/lib/cube_f103/Drivers/STM32F1xx_HAL_Driver/Src/stm32f1xx_hal_pcd_ex.o
 .debug_line    0x000085a4      0xf61 ./src/lib/cube_f103/Drivers/STM32F1xx_HAL_Driver/Src/stm32f1xx_hal_rcc.o
 .debug_line    0x00009505      0xa12 ./src/lib/cube_f103/Drivers/STM32F1xx_HAL_Driver/Src/stm32f1xx_hal_rcc_ex.o
 .debug_line    0x00009f17     0x1218 ./src/lib/cube_f103/Drivers/STM32F1xx_HAL_Driver/Src/stm32f1xx_ll_usb.o
 .debug_line    0x0000b12f      0xfc5 ./src/lib/cube_f103/Middlewares/ST/STM32_USB_Device_Library/Class/CDC/Src/usbd_cdc.o
 .debug_line    0x0000c0f4      0xfe7 ./src/lib/cube_f103/Middlewares/ST/STM32_USB_Device_Library/Core/Src/usbd_core.o
 .debug_line    0x0000d0db     0x1231 ./src/lib/cube_f103/Middlewares/ST/STM32_USB_Device_Library/Core/Src/usbd_ctlreq.o
 .debug_line    0x0000e30c      0xc9d ./src/lib/cube_f103/Middlewares/ST/STM32_USB_Device_Library/Core/Src/usbd_ioreq.o
 .debug_line    0x0000efa9      0xca0 ./src/lib/cube_f103/USB_DEVICE/App/usb_device.o
 .debug_line    0x0000fc49      0xcd8 ./src/lib/cube_f103/USB_DEVICE/App/usbd_cdc_if.o
 .debug_line    0x00010921      0xd16 ./src/lib/cube_f103/USB_DEVICE/App/usbd_desc.o
 .debug_line    0x00011637     0x1091 ./src/lib/cube_f103/USB_DEVICE/Target/usbd_conf.o
 .debug_line    0x000126c8      0xa2c ./src/main.o

.debug_str      0x00000000    0x849c2
 .debug_str     0x00000000    0x849c2 ./src/ap/ap.o
                              0x80fea (size before relaxing)
 .debug_str     0x000849c2    0x81e13 ./src/bsp/bsp.o
 .debug_str     0x000849c2    0x81047 ./src/bsp/stm32f1xx_hal_msp.o
 .debug_str     0x000849c2    0x81426 ./src/bsp/stm32f1xx_it.o
 .debug_str     0x000849c2    0x5473a ./src/bsp/system_stm32f1xx.o
 .debug_str     0x000849c2       0x71 ./src/bsp/startup/startup_stm32f103c8tx.o
 .debug_str     0x000849c2    0x810f6 ./src/hw/driver/led.o
 .debug_str     0x000849c2    0x80fa5 ./src/hw/hw.o
 .debug_str     0x000849c2    0x7df10 ./src/lib/cube_f103/Drivers/STM32F1xx_HAL_Driver/Src/stm32f1xx_hal.o
 .debug_str     0x000849c2    0x7de5c ./src/lib/cube_f103/Drivers/STM32F1xx_HAL_Driver/Src/stm32f1xx_hal_cortex.o
 .debug_str     0x000849c2    0x7db63 ./src/lib/cube_f103/Drivers/STM32F1xx_HAL_Driver/Src/stm32f1xx_hal_gpio.o
 .debug_str     0x000849c2    0x7e0fa ./src/lib/cube_f103/Drivers/STM32F1xx_HAL_Driver/Src/stm32f1xx_hal_pcd.o
 .debug_str     0x000849c2    0x7dc5c ./src/lib/cube_f103/Drivers/STM32F1xx_HAL_Driver/Src/stm32f1xx_hal_pcd_ex.o
 .debug_str     0x000849c2    0x7dc0c ./src/lib/cube_f103/Drivers/STM32F1xx_HAL_Driver/Src/stm32f1xx_hal_rcc.o
 .debug_str     0x000849c2    0x7d95c ./src/lib/cube_f103/Drivers/STM32F1xx_HAL_Driver/Src/stm32f1xx_hal_rcc_ex.o
 .debug_str     0x000849c2    0x7dcae ./src/lib/cube_f103/Drivers/STM32F1xx_HAL_Driver/Src/stm32f1xx_ll_usb.o
 .debug_str     0x000849c2    0x82867 ./src/lib/cube_f103/Middlewares/ST/STM32_USB_Device_Library/Class/CDC/Src/usbd_cdc.o
 .debug_str     0x000849c2    0x82197 ./src/lib/cube_f103/Middlewares/ST/STM32_USB_Device_Library/Core/Src/usbd_core.o
 .debug_str     0x000849c2    0x820b1 ./src/lib/cube_f103/Middlewares/ST/STM32_USB_Device_Library/Core/Src/usbd_ctlreq.o
 .debug_str     0x000849c2    0x81fde ./src/lib/cube_f103/Middlewares/ST/STM32_USB_Device_Library/Core/Src/usbd_ioreq.o
 .debug_str     0x000849c2    0x82367 ./src/lib/cube_f103/USB_DEVICE/App/usb_device.o
 .debug_str     0x000849c2    0x8238d ./src/lib/cube_f103/USB_DEVICE/App/usbd_cdc_if.o
 .debug_str     0x000849c2    0x81f1a ./src/lib/cube_f103/USB_DEVICE/App/usbd_desc.o
 .debug_str     0x000849c2    0x82df4 ./src/lib/cube_f103/USB_DEVICE/Target/usbd_conf.o
 .debug_str     0x000849c2    0x80fbc ./src/main.o

.comment        0x00000000       0x43
 .comment       0x00000000       0x43 ./src/ap/ap.o
                                 0x44 (size before relaxing)
 .comment       0x00000043       0x44 ./src/bsp/bsp.o
 .comment       0x00000043       0x44 ./src/bsp/stm32f1xx_hal_msp.o
 .comment       0x00000043       0x44 ./src/bsp/stm32f1xx_it.o
 .comment       0x00000043       0x44 ./src/bsp/system_stm32f1xx.o
 .comment       0x00000043       0x44 ./src/hw/driver/led.o
 .comment       0x00000043       0x44 ./src/hw/hw.o
 .comment       0x00000043       0x44 ./src/lib/cube_f103/Drivers/STM32F1xx_HAL_Driver/Src/stm32f1xx_hal.o
 .comment       0x00000043       0x44 ./src/lib/cube_f103/Drivers/STM32F1xx_HAL_Driver/Src/stm32f1xx_hal_cortex.o
 .comment       0x00000043       0x44 ./src/lib/cube_f103/Drivers/STM32F1xx_HAL_Driver/Src/stm32f1xx_hal_gpio.o
 .comment       0x00000043       0x44 ./src/lib/cube_f103/Drivers/STM32F1xx_HAL_Driver/Src/stm32f1xx_hal_pcd.o
 .comment       0x00000043       0x44 ./src/lib/cube_f103/Drivers/STM32F1xx_HAL_Driver/Src/stm32f1xx_hal_pcd_ex.o
 .comment       0x00000043       0x44 ./src/lib/cube_f103/Drivers/STM32F1xx_HAL_Driver/Src/stm32f1xx_hal_rcc.o
 .comment       0x00000043       0x44 ./src/lib/cube_f103/Drivers/STM32F1xx_HAL_Driver/Src/stm32f1xx_hal_rcc_ex.o
 .comment       0x00000043       0x44 ./src/lib/cube_f103/Drivers/STM32F1xx_HAL_Driver/Src/stm32f1xx_ll_usb.o
 .comment       0x00000043       0x44 ./src/lib/cube_f103/Middlewares/ST/STM32_USB_Device_Library/Class/CDC/Src/usbd_cdc.o
 .comment       0x00000043       0x44 ./src/lib/cube_f103/Middlewares/ST/STM32_USB_Device_Library/Core/Src/usbd_core.o
 .comment       0x00000043       0x44 ./src/lib/cube_f103/Middlewares/ST/STM32_USB_Device_Library/Core/Src/usbd_ctlreq.o
 .comment       0x00000043       0x44 ./src/lib/cube_f103/Middlewares/ST/STM32_USB_Device_Library/Core/Src/usbd_ioreq.o
 .comment       0x00000043       0x44 ./src/lib/cube_f103/USB_DEVICE/App/usb_device.o
 .comment       0x00000043       0x44 ./src/lib/cube_f103/USB_DEVICE/App/usbd_cdc_if.o
 .comment       0x00000043       0x44 ./src/lib/cube_f103/USB_DEVICE/App/usbd_desc.o
 .comment       0x00000043       0x44 ./src/lib/cube_f103/USB_DEVICE/Target/usbd_conf.o
 .comment       0x00000043       0x44 ./src/main.o

.debug_frame    0x00000000     0x293c
 .debug_frame   0x00000000       0x4c ./src/ap/ap.o
 .debug_frame   0x0000004c       0xb0 ./src/bsp/bsp.o
 .debug_frame   0x000000fc       0x38 ./src/bsp/stm32f1xx_hal_msp.o
 .debug_frame   0x00000134      0x120 ./src/bsp/stm32f1xx_it.o
 .debug_frame   0x00000254       0x58 ./src/bsp/system_stm32f1xx.o
 .debug_frame   0x000002ac       0xa0 ./src/hw/driver/led.o
 .debug_frame   0x0000034c       0x2c ./src/hw/hw.o
 .debug_frame   0x00000378      0x334 ./src/lib/cube_f103/Drivers/STM32F1xx_HAL_Driver/Src/stm32f1xx_hal.o
 .debug_frame   0x000006ac      0x428 ./src/lib/cube_f103/Drivers/STM32F1xx_HAL_Driver/Src/stm32f1xx_hal_cortex.o
 .debug_frame   0x00000ad4      0x14c ./src/lib/cube_f103/Drivers/STM32F1xx_HAL_Driver/Src/stm32f1xx_hal_gpio.o
 .debug_frame   0x00000c20      0x594 ./src/lib/cube_f103/Drivers/STM32F1xx_HAL_Driver/Src/stm32f1xx_hal_pcd.o
 .debug_frame   0x000011b4       0xb0 ./src/lib/cube_f103/Drivers/STM32F1xx_HAL_Driver/Src/stm32f1xx_hal_pcd_ex.o
 .debug_frame   0x00001264      0x218 ./src/lib/cube_f103/Drivers/STM32F1xx_HAL_Driver/Src/stm32f1xx_hal_rcc.o
 .debug_frame   0x0000147c       0x80 ./src/lib/cube_f103/Drivers/STM32F1xx_HAL_Driver/Src/stm32f1xx_hal_rcc_ex.o
 .debug_frame   0x000014fc      0x470 ./src/lib/cube_f103/Drivers/STM32F1xx_HAL_Driver/Src/stm32f1xx_ll_usb.o
 .debug_frame   0x0000196c      0x248 ./src/lib/cube_f103/Middlewares/ST/STM32_USB_Device_Library/Class/CDC/Src/usbd_cdc.o
 .debug_frame   0x00001bb4      0x300 ./src/lib/cube_f103/Middlewares/ST/STM32_USB_Device_Library/Core/Src/usbd_core.o
 .debug_frame   0x00001eb4      0x218 ./src/lib/cube_f103/Middlewares/ST/STM32_USB_Device_Library/Core/Src/usbd_ctlreq.o
 .debug_frame   0x000020cc      0x10c ./src/lib/cube_f103/Middlewares/ST/STM32_USB_Device_Library/Core/Src/usbd_ioreq.o
 .debug_frame   0x000021d8       0x2c ./src/lib/cube_f103/USB_DEVICE/App/usb_device.o
 .debug_frame   0x00002204       0xbc ./src/lib/cube_f103/USB_DEVICE/App/usbd_cdc_if.o
 .debug_frame   0x000022c0      0x160 ./src/lib/cube_f103/USB_DEVICE/App/usbd_desc.o
 .debug_frame   0x00002420      0x4a4 ./src/lib/cube_f103/USB_DEVICE/Target/usbd_conf.o
 .debug_frame   0x000028c4       0x2c ./src/main.o
 .debug_frame   0x000028f0       0x20 C:/ST/STM32CubeIDE_1.18.1/STM32CubeIDE/plugins/com.st.stm32cube.ide.mcu.externaltools.gnu-tools-for-stm32.13.3.rel1.win32_1.0.0.202411081344/tools/bin/../lib/gcc/arm-none-eabi/13.3.1/../../../../arm-none-eabi/lib/thumb/v7-m/nofp\libc_nano.a(libc_a-memset.o)
 .debug_frame   0x00002910       0x2c C:/ST/STM32CubeIDE_1.18.1/STM32CubeIDE/plugins/com.st.stm32cube.ide.mcu.externaltools.gnu-tools-for-stm32.13.3.rel1.win32_1.0.0.202411081344/tools/bin/../lib/gcc/arm-none-eabi/13.3.1/../../../../arm-none-eabi/lib/thumb/v7-m/nofp\libc_nano.a(libc_a-init.o)

.debug_line_str
                0x00000000       0x55
 .debug_line_str
                0x00000000       0x55 ./src/bsp/startup/startup_stm32f103c8tx.o
