../src/lib/cube_f103/Middlewares/ST/STM32_USB_Device_Library/Class/CDC/Src/usbd_cdc.c:740:17:USBD_CDC_EP0_RxReady	8	static
../src/lib/cube_f103/Middlewares/ST/STM32_USB_Device_Library/Class/CDC/Src/usbd_cdc.c:762:18:USBD_CDC_GetFSCfgDesc	0	static
../src/lib/cube_f103/Middlewares/ST/STM32_USB_Device_Library/Class/CDC/Src/usbd_cdc.c:775:18:USBD_CDC_GetHSCfgDesc	0	static
../src/lib/cube_f103/Middlewares/ST/STM32_USB_Device_Library/Class/CDC/Src/usbd_cdc.c:788:18:USBD_CDC_GetOtherSpeedCfgDesc	0	static
../src/lib/cube_f103/Middlewares/ST/STM32_USB_Device_Library/Class/CDC/Src/usbd_cdc.c:800:11:USBD_CDC_GetDeviceQualifierDescriptor	0	static
../src/lib/cube_f103/Middlewares/ST/STM32_USB_Device_Library/Class/CDC/Src/usbd_cdc.c:713:17:USBD_CDC_DataOut	16	static
../src/lib/cube_f103/Middlewares/ST/STM32_USB_Device_Library/Class/CDC/Src/usbd_cdc.c:679:17:USBD_CDC_DataIn	24	static
../src/lib/cube_f103/Middlewares/ST/STM32_USB_Device_Library/Class/CDC/Src/usbd_cdc.c:585:17:USBD_CDC_Setup	32	static
../src/lib/cube_f103/Middlewares/ST/STM32_USB_Device_Library/Class/CDC/Src/usbd_cdc.c:551:17:USBD_CDC_DeInit	16	static
../src/lib/cube_f103/Middlewares/ST/STM32_USB_Device_Library/Class/CDC/Src/usbd_cdc.c:473:17:USBD_CDC_Init	16	static
../src/lib/cube_f103/Middlewares/ST/STM32_USB_Device_Library/Class/CDC/Src/usbd_cdc.c:812:10:USBD_CDC_RegisterInterface	0	static
../src/lib/cube_f103/Middlewares/ST/STM32_USB_Device_Library/Class/CDC/Src/usbd_cdc.c:832:10:USBD_CDC_SetTxBuffer	0	static
../src/lib/cube_f103/Middlewares/ST/STM32_USB_Device_Library/Class/CDC/Src/usbd_cdc.c:851:10:USBD_CDC_SetRxBuffer	0	static
../src/lib/cube_f103/Middlewares/ST/STM32_USB_Device_Library/Class/CDC/Src/usbd_cdc.c:867:10:USBD_CDC_TransmitPacket	8	static
../src/lib/cube_f103/Middlewares/ST/STM32_USB_Device_Library/Class/CDC/Src/usbd_cdc.c:905:10:USBD_CDC_ReceivePacket	8	static
